Archive member included to satisfy reference by file (symbol)

/usr/lib/gcc/arm-none-eabi/9.2.1/thumb/v7e-m+fp/hard/libgcc.a(_arm_addsubdf3.o)
                              CMakeFiles/CtrlBoard-H7_IMU.elf.dir/User/Algorithm/VMC/VMC_calc.c.obj (__aeabi_dadd)
/usr/lib/gcc/arm-none-eabi/9.2.1/thumb/v7e-m+fp/hard/libgcc.a(_arm_muldivdf3.o)
                              CMakeFiles/CtrlBoard-H7_IMU.elf.dir/User/Bsp/bsp_dwt.c.obj (__aeabi_ddiv)
/usr/lib/gcc/arm-none-eabi/9.2.1/thumb/v7e-m+fp/hard/libgcc.a(_arm_truncdfsf2.o)
                              CMakeFiles/CtrlBoard-H7_IMU.elf.dir/User/Algorithm/VMC/VMC_calc.c.obj (__aeabi_d2f)
/usr/lib/gcc/arm-none-eabi/9.2.1/thumb/v7e-m+fp/hard/libgcc.a(_aeabi_uldivmod.o)
                              CMakeFiles/CtrlBoard-H7_IMU.elf.dir/User/Bsp/bsp_dwt.c.obj (__aeabi_uldivmod)
/usr/lib/gcc/arm-none-eabi/9.2.1/thumb/v7e-m+fp/hard/libgcc.a(_udivmoddi4.o)
                              /usr/lib/gcc/arm-none-eabi/9.2.1/thumb/v7e-m+fp/hard/libgcc.a(_aeabi_uldivmod.o) (__udivmoddi4)
/usr/lib/gcc/arm-none-eabi/9.2.1/thumb/v7e-m+fp/hard/libgcc.a(_dvmd_tls.o)
                              /usr/lib/gcc/arm-none-eabi/9.2.1/thumb/v7e-m+fp/hard/libgcc.a(_aeabi_uldivmod.o) (__aeabi_ldiv0)
/usr/lib/gcc/arm-none-eabi/9.2.1/../../../arm-none-eabi/lib/thumb/v7e-m+fp/hard/libg.a(lib_a-atexit.o)
                              /usr/lib/gcc/arm-none-eabi/9.2.1/../../../arm-none-eabi/lib/thumb/v7e-m+fp/hard/crt0.o (atexit)
/usr/lib/gcc/arm-none-eabi/9.2.1/../../../arm-none-eabi/lib/thumb/v7e-m+fp/hard/libg.a(lib_a-errno.o)
                              CMakeFiles/CtrlBoard-H7_IMU.elf.dir/Core/Src/syscalls.c.obj (__errno)
/usr/lib/gcc/arm-none-eabi/9.2.1/../../../arm-none-eabi/lib/thumb/v7e-m+fp/hard/libg.a(lib_a-exit.o)
                              /usr/lib/gcc/arm-none-eabi/9.2.1/../../../arm-none-eabi/lib/thumb/v7e-m+fp/hard/crt0.o (exit)
/usr/lib/gcc/arm-none-eabi/9.2.1/../../../arm-none-eabi/lib/thumb/v7e-m+fp/hard/libg.a(lib_a-fini.o)
                              /usr/lib/gcc/arm-none-eabi/9.2.1/../../../arm-none-eabi/lib/thumb/v7e-m+fp/hard/crt0.o (__libc_fini_array)
/usr/lib/gcc/arm-none-eabi/9.2.1/../../../arm-none-eabi/lib/thumb/v7e-m+fp/hard/libg.a(lib_a-impure.o)
                              /usr/lib/gcc/arm-none-eabi/9.2.1/../../../arm-none-eabi/lib/thumb/v7e-m+fp/hard/libg.a(lib_a-exit.o) (_global_impure_ptr)
/usr/lib/gcc/arm-none-eabi/9.2.1/../../../arm-none-eabi/lib/thumb/v7e-m+fp/hard/libg.a(lib_a-init.o)
                              /usr/lib/gcc/arm-none-eabi/9.2.1/../../../arm-none-eabi/lib/thumb/v7e-m+fp/hard/crt0.o (__libc_init_array)
/usr/lib/gcc/arm-none-eabi/9.2.1/../../../arm-none-eabi/lib/thumb/v7e-m+fp/hard/libg.a(lib_a-malloc.o)
                              CMakeFiles/CtrlBoard-H7_IMU.elf.dir/User/Algorithm/kalman/kalman_filter.c.obj (malloc)
/usr/lib/gcc/arm-none-eabi/9.2.1/../../../arm-none-eabi/lib/thumb/v7e-m+fp/hard/libg.a(lib_a-mallocr.o)
                              /usr/lib/gcc/arm-none-eabi/9.2.1/../../../arm-none-eabi/lib/thumb/v7e-m+fp/hard/libg.a(lib_a-malloc.o) (_malloc_r)
/usr/lib/gcc/arm-none-eabi/9.2.1/../../../arm-none-eabi/lib/thumb/v7e-m+fp/hard/libg.a(lib_a-memcpy.o)
                              CMakeFiles/CtrlBoard-H7_IMU.elf.dir/Drivers/STM32H7xx_HAL_Driver/Src/stm32h7xx_hal_fdcan.c.obj (memcpy)
/usr/lib/gcc/arm-none-eabi/9.2.1/../../../arm-none-eabi/lib/thumb/v7e-m+fp/hard/libg.a(lib_a-memset.o)
                              /usr/lib/gcc/arm-none-eabi/9.2.1/../../../arm-none-eabi/lib/thumb/v7e-m+fp/hard/crt0.o (memset)
/usr/lib/gcc/arm-none-eabi/9.2.1/../../../arm-none-eabi/lib/thumb/v7e-m+fp/hard/libg.a(lib_a-mlock.o)
                              /usr/lib/gcc/arm-none-eabi/9.2.1/../../../arm-none-eabi/lib/thumb/v7e-m+fp/hard/libg.a(lib_a-mallocr.o) (__malloc_lock)
/usr/lib/gcc/arm-none-eabi/9.2.1/../../../arm-none-eabi/lib/thumb/v7e-m+fp/hard/libg.a(lib_a-sbrkr.o)
                              /usr/lib/gcc/arm-none-eabi/9.2.1/../../../arm-none-eabi/lib/thumb/v7e-m+fp/hard/libg.a(lib_a-mallocr.o) (_sbrk_r)
/usr/lib/gcc/arm-none-eabi/9.2.1/../../../arm-none-eabi/lib/thumb/v7e-m+fp/hard/libg.a(lib_a-__atexit.o)
                              /usr/lib/gcc/arm-none-eabi/9.2.1/../../../arm-none-eabi/lib/thumb/v7e-m+fp/hard/libg.a(lib_a-atexit.o) (__register_exitproc)
/usr/lib/gcc/arm-none-eabi/9.2.1/../../../arm-none-eabi/lib/thumb/v7e-m+fp/hard/libg.a(lib_a-__call_atexit.o)
                              /usr/lib/gcc/arm-none-eabi/9.2.1/../../../arm-none-eabi/lib/thumb/v7e-m+fp/hard/libg.a(lib_a-exit.o) (__call_exitprocs)
/usr/lib/gcc/arm-none-eabi/9.2.1/../../../arm-none-eabi/lib/thumb/v7e-m+fp/hard/libg.a(lib_a-freer.o)
                              /usr/lib/gcc/arm-none-eabi/9.2.1/../../../arm-none-eabi/lib/thumb/v7e-m+fp/hard/libg.a(lib_a-malloc.o) (_free_r)
/usr/lib/gcc/arm-none-eabi/9.2.1/../../../arm-none-eabi/lib/thumb/v7e-m+fp/hard/libg.a(lib_a-reent.o)
[...]
Memory Configuration

Name             Origin             Length             Attributes
ITCMRAM          0x0000000000000000 0x0000000000010000 xrw
DTCMRAM          0x0000000020000000 0x0000000000020000 xrw
FLASH            0x0000000008000000 0x0000000000100000 xr
RAM_D1           0x0000000024000000 0x0000000000050000 xrw
RAM_D2           0x0000000030000000 0x0000000000008000 xrw
RAM_D3           0x0000000038000000 0x0000000000004000 xrw
*default*        0x0000000000000000 0xffffffffffffffff

Linker script and memory map

LOAD /usr/lib/gcc/arm-none-eabi/9.2.1/thumb/v7e-m+fp/hard/crti.o
LOAD /usr/lib/gcc/arm-none-eabi/9.2.1/thumb/v7e-m+fp/hard/crtbegin.o
LOAD /usr/lib/gcc/arm-none-eabi/9.2.1/../../../arm-none-eabi/lib/thumb/v7e-m+fp/hard/crt0.o
LOAD CMakeFiles/CtrlBoard-H7_IMU.elf.dir/CMSIS/DSP/Core/CommonTables/arm_common_tables.c.obj
LOAD CMakeFiles/CtrlBoard-H7_IMU.elf.dir/CMSIS/DSP/Core/FastMathFunctions/arm_cos_f32.c.obj
LOAD CMakeFiles/CtrlBoard-H7_IMU.elf.dir/CMSIS/DSP/Core/FastMathFunctions/arm_sin_f32.c.obj
LOAD CMakeFiles/CtrlBoard-H7_IMU.elf.dir/CMSIS/DSP/Core/MatrixFunctions/arm_mat_add_f32.c.obj
LOAD CMakeFiles/CtrlBoard-H7_IMU.elf.dir/CMSIS/DSP/Core/MatrixFunctions/arm_mat_init_f32.c.obj
LOAD CMakeFiles/CtrlBoard-H7_IMU.elf.dir/CMSIS/DSP/Core/MatrixFunctions/arm_mat_inverse_f32.c.obj
LOAD CMakeFiles/CtrlBoard-H7_IMU.elf.dir/CMSIS/DSP/Core/MatrixFunctions/arm_mat_mult_f32.c.obj
LOAD CMakeFiles/CtrlBoard-H7_IMU.elf.dir/CMSIS/DSP/Core/MatrixFunctions/arm_mat_sub_f32.c.obj
LOAD CMakeFiles/CtrlBoard-H7_IMU.elf.dir/CMSIS/DSP/Core/MatrixFunctions/arm_mat_trans_f32.c.obj
LOAD CMakeFiles/CtrlBoard-H7_IMU.elf.dir/Core/Src/dma.c.obj
LOAD CMakeFiles/CtrlBoard-H7_IMU.elf.dir/Core/Src/fdcan.c.obj
LOAD CMakeFiles/CtrlBoard-H7_IMU.elf.dir/Core/Src/freertos.c.obj
LOAD CMakeFiles/CtrlBoard-H7_IMU.elf.dir/Core/Src/gpio.c.obj
LOAD CMakeFiles/CtrlBoard-H7_IMU.elf.dir/Core/Src/main.c.obj
LOAD CMakeFiles/CtrlBoard-H7_IMU.elf.dir/Core/Src/spi.c.obj
LOAD CMakeFiles/CtrlBoard-H7_IMU.elf.dir/Core/Src/stm32h7xx_hal_msp.c.obj
LOAD CMakeFiles/CtrlBoard-H7_IMU.elf.dir/Core/Src/stm32h7xx_hal_timebase_tim.c.obj
LOAD CMakeFiles/CtrlBoard-H7_IMU.elf.dir/Core/Src/stm32h7xx_it.c.obj
LOAD CMakeFiles/CtrlBoard-H7_IMU.elf.dir/Core/Src/syscalls.c.obj
LOAD CMakeFiles/CtrlBoard-H7_IMU.elf.dir/Core/Src/sysmem.c.obj
LOAD CMakeFiles/CtrlBoard-H7_IMU.elf.dir/Core/Src/system_stm32h7xx.c.obj
LOAD CMakeFiles/CtrlBoard-H7_IMU.elf.dir/Core/Src/tim.c.obj
LOAD CMakeFiles/CtrlBoard-H7_IMU.elf.dir/Core/Startup/startup_stm32h723vgtx.s.obj
LOAD CMakeFiles/CtrlBoard-H7_IMU.elf.dir/Drivers/STM32H7xx_HAL_Driver/Src/stm32h7xx_hal.c.obj
LOAD CMakeFiles/CtrlBoard-H7_IMU.elf.dir/Drivers/STM32H7xx_HAL_Driver/Src/stm32h7xx_hal_cortex.c.obj
LOAD CMakeFiles/CtrlBoard-H7_IMU.elf.dir/Drivers/STM32H7xx_HAL_Driver/Src/stm32h7xx_hal_dma.c.obj
LOAD CMakeFiles/CtrlBoard-H7_IMU.elf.dir/Drivers/STM32H7xx_HAL_Driver/Src/stm32h7xx_hal_dma_ex.c.obj
LOAD CMakeFiles/CtrlBoard-H7_IMU.elf.dir/Drivers/STM32H7xx_HAL_Driver/Src/stm32h7xx_hal_exti.c.obj
LOAD CMakeFiles/CtrlBoard-H7_IMU.elf.dir/Drivers/STM32H7xx_HAL_Driver/Src/stm32h7xx_hal_fdcan.c.obj
LOAD CMakeFiles/CtrlBoard-H7_IMU.elf.dir/Drivers/STM32H7xx_HAL_Driver/Src/stm32h7xx_hal_flash.c.obj
LOAD CMakeFiles/CtrlBoard-H7_IMU.elf.dir/Drivers/STM32H7xx_HAL_Driver/Src/stm32h7xx_hal_flash_ex.c.obj
LOAD CMakeFiles/CtrlBoard-H7_IMU.elf.dir/Drivers/STM32H7xx_HAL_Driver/Src/stm32h7xx_hal_gpio.c.obj
LOAD CMakeFiles/CtrlBoard-H7_IMU.elf.dir/Drivers/STM32H7xx_HAL_Driver/Src/stm32h7xx_hal_hsem.c.obj
LOAD CMakeFiles/CtrlBoard-H7_IMU.elf.dir/Drivers/STM32H7xx_HAL_Driver/Src/stm32h7xx_hal_i2c.c.obj
LOAD CMakeFiles/CtrlBoard-H7_IMU.elf.dir/Drivers/STM32H7xx_HAL_Driver/Src/stm32h7xx_hal_i2c_ex.c.obj
LOAD CMakeFiles/CtrlBoard-H7_IMU.elf.dir/Drivers/STM32H7xx_HAL_Driver/Src/stm32h7xx_hal_mdma.c.obj
LOAD CMakeFiles/CtrlBoard-H7_IMU.elf.dir/Drivers/STM32H7xx_HAL_Driver/Src/stm32h7xx_hal_pwr.c.obj
LOAD CMakeFiles/CtrlBoard-H7_IMU.elf.dir/Drivers/STM32H7xx_HAL_Driver/Src/stm32h7xx_hal_pwr_ex.c.obj
LOAD CMakeFiles/CtrlBoard-H7_IMU.elf.dir/Drivers/STM32H7xx_HAL_Driver/Src/stm32h7xx_hal_rcc.c.obj
LOAD CMakeFiles/CtrlBoard-H7_IMU.elf.dir/Drivers/STM32H7xx_HAL_Driver/Src/stm32h7xx_hal_rcc_ex.c.obj
LOAD CMakeFiles/CtrlBoard-H7_IMU.elf.dir/Drivers/STM32H7xx_HAL_Driver/Src/stm32h7xx_hal_spi.c.obj
LOAD CMakeFiles/CtrlBoard-H7_IMU.elf.dir/Drivers/STM32H7xx_HAL_Driver/Src/stm32h7xx_hal_spi_ex.c.obj
LOAD CMakeFiles/CtrlBoard-H7_IMU.elf.dir/Drivers/STM32H7xx_HAL_Driver/Src/stm32h7xx_hal_tim.c.obj
LOAD CMakeFiles/CtrlBoard-H7_IMU.elf.dir/Drivers/STM32H7xx_HAL_Driver/Src/stm32h7xx_hal_tim_ex.c.obj
LOAD CMakeFiles/CtrlBoard-H7_IMU.elf.dir/Middlewares/Third_Party/FreeRTOS/Source/CMSIS_RTOS/cmsis_os.c.obj
LOAD CMakeFiles/CtrlBoard-H7_IMU.elf.dir/Middlewares/Third_Party/FreeRTOS/Source/croutine.c.obj
LOAD CMakeFiles/CtrlBoard-H7_IMU.elf.dir/Middlewares/Third_Party/FreeRTOS/Source/event_groups.c.obj
LOAD CMakeFiles/CtrlBoard-H7_IMU.elf.dir/Middlewares/Third_Party/FreeRTOS/Source/list.c.obj
LOAD CMakeFiles/CtrlBoard-H7_IMU.elf.dir/Middlewares/Third_Party/FreeRTOS/Source/portable/GCC/ARM_CM4F/port.c.obj
LOAD CMakeFiles/CtrlBoard-H7_IMU.elf.dir/Middlewares/Third_Party/FreeRTOS/Source/portable/MemMang/heap_4.c.obj
LOAD CMakeFiles/CtrlBoard-H7_IMU.elf.dir/Middlewares/Third_Party/FreeRTOS/Source/queue.c.obj
LOAD CMakeFiles/CtrlBoard-H7_IMU.elf.dir/Middlewares/Third_Party/FreeRTOS/Source/stream_buffer.c.obj
LOAD CMakeFiles/CtrlBoard-H7_IMU.elf.dir/Middlewares/Third_Party/FreeRTOS/Source/tasks.c.obj
LOAD CMakeFiles/CtrlBoard-H7_IMU.elf.dir/Middlewares/Third_Party/FreeRTOS/Source/timers.c.obj
LOAD CMakeFiles/CtrlBoard-H7_IMU.elf.dir/User/APP/INS_task.c.obj
LOAD CMakeFiles/CtrlBoard-H7_IMU.elf.dir/User/APP/chassisL_task.c.obj
LOAD CMakeFiles/CtrlBoard-H7_IMU.elf.dir/User/APP/chassisR_task.c.obj
LOAD CMakeFiles/CtrlBoard-H7_IMU.elf.dir/User/APP/observe_task.c.obj
LOAD CMakeFiles/CtrlBoard-H7_IMU.elf.dir/User/APP/ps2_task.c.obj
LOAD CMakeFiles/CtrlBoard-H7_IMU.elf.dir/User/Algorithm/EKF/QuaternionEKF.c.obj
LOAD CMakeFiles/CtrlBoard-H7_IMU.elf.dir/User/Algorithm/PID/pid.c.obj
LOAD CMakeFiles/CtrlBoard-H7_IMU.elf.dir/User/Algorithm/VMC/VMC_calc.c.obj
LOAD CMakeFiles/CtrlBoard-H7_IMU.elf.dir/User/Algorithm/kalman/kalman_filter.c.obj
LOAD CMakeFiles/CtrlBoard-H7_IMU.elf.dir/User/Algorithm/mahony/mahony_filter.c.obj
LOAD CMakeFiles/CtrlBoard-H7_IMU.elf.dir/User/Bsp/bsp_PWM.c.obj
LOAD CMakeFiles/CtrlBoard-H7_IMU.elf.dir/User/Bsp/bsp_dwt.c.obj
LOAD CMakeFiles/CtrlBoard-H7_IMU.elf.dir/User/Bsp/can_bsp.c.obj
LOAD CMakeFiles/CtrlBoard-H7_IMU.elf.dir/User/Controller/controller.c.obj
LOAD CMakeFiles/CtrlBoard-H7_IMU.elf.dir/User/Devices/BMI088/BMI088Middleware.c.obj
LOAD CMakeFiles/CtrlBoard-H7_IMU.elf.dir/User/Devices/BMI088/BMI088driver.c.obj
LOAD CMakeFiles/CtrlBoard-H7_IMU.elf.dir/User/Devices/DM_Motor/dm4310_drv.c.obj
LOAD CMakeFiles/CtrlBoard-H7_IMU.elf.dir/User/Lib/user_lib.c.obj
START GROUP
LOAD /usr/lib/gcc/arm-none-eabi/9.2.1/thumb/v7e-m+fp/hard/libgcc.a
LOAD /usr/lib/gcc/arm-none-eabi/9.2.1/../../../arm-none-eabi/lib/thumb/v7e-m+fp/hard/libg.a
LOAD /usr/lib/gcc/arm-none-eabi/9.2.1/../../../arm-none-eabi/lib/thumb/v7e-m+fp/hard/libc.a
END GROUP
LOAD /usr/lib/gcc/arm-none-eabi/9.2.1/thumb/v7e-m+fp/hard/crtend.o
LOAD /usr/lib/gcc/arm-none-eabi/9.2.1/thumb/v7e-m+fp/hard/crtn.o
                0x0000000024050000                _estack = (ORIGIN (RAM_D1) + LENGTH (RAM_D1))
                0x0000000000000200                _Min_Heap_Size = 0x200
                0x0000000000000800                _Min_Stack_Size = 0x800

.isr_vector     0x0000000008000000      0x2cc
                0x0000000008000000                . = ALIGN (0x4)
 *(.isr_vector)
 .isr_vector    0x0000000008000000      0x2cc CMakeFiles/CtrlBoard-H7_IMU.elf.dir/Core/Startup/startup_stm32h723vgtx.s.obj
                0x0000000008000000                g_pfnVectors
                0x00000000080002cc                . = ALIGN (0x4)

.text           0x00000000080002d0     0xca90
                0x00000000080002d0                . = ALIGN (0x4)
 *(.text)
 .text          0x00000000080002d0       0x88 /usr/lib/gcc/arm-none-eabi/9.2.1/thumb/v7e-m+fp/hard/crtbegin.o
 .text          0x0000000008000358      0x378 /usr/lib/gcc/arm-none-eabi/9.2.1/thumb/v7e-m+fp/hard/libgcc.a(_arm_addsubdf3.o)
                0x0000000008000358                __aeabi_drsub
                0x0000000008000360                __aeabi_dsub
                0x0000000008000360                __subdf3
                0x0000000008000364                __adddf3
                0x0000000008000364                __aeabi_dadd
                0x00000000080005dc                __aeabi_ui2d
                0x00000000080005dc                __floatunsidf
                0x00000000080005fc                __floatsidf
                0x00000000080005fc                __aeabi_i2d
                0x0000000008000620                __extendsfdf2
                0x0000000008000620                __aeabi_f2d
                0x0000000008000664                __aeabi_ul2d
                0x0000000008000664                __floatundidf
                0x0000000008000674                __floatdidf
                0x0000000008000674                __aeabi_l2d
 .text          0x00000000080006d0      0x424 /usr/lib/gcc/arm-none-eabi/9.2.1/thumb/v7e-m+fp/hard/libgcc.a(_arm_muldivdf3.o)
                0x00000000080006d0                __aeabi_dmul
                0x00000000080006d0                __muldf3
                0x0000000008000924                __aeabi_ddiv
                0x0000000008000924                __divdf3
 .text          0x0000000008000af4       0xa0 /usr/lib/gcc/arm-none-eabi/9.2.1/thumb/v7e-m+fp/hard/libgcc.a(_arm_truncdfsf2.o)
                0x0000000008000af4                __aeabi_d2f
                0x0000000008000af4                __truncdfsf2
 .text          0x0000000008000b94       0x30 /usr/lib/gcc/arm-none-eabi/9.2.1/thumb/v7e-m+fp/hard/libgcc.a(_aeabi_uldivmod.o)
                0x0000000008000b94                __aeabi_uldivmod
 .text          0x0000000008000bc4      0x2c4 /usr/lib/gcc/arm-none-eabi/9.2.1/thumb/v7e-m+fp/hard/libgcc.a(_udivmoddi4.o)
                0x0000000008000bc4                __udivmoddi4
 .text          0x0000000008000e88        0x4 /usr/lib/gcc/arm-none-eabi/9.2.1/thumb/v7e-m+fp/hard/libgcc.a(_dvmd_tls.o)
                0x0000000008000e88                __aeabi_ldiv0
                0x0000000008000e88                __aeabi_idiv0
 .text          0x0000000008000e8c        0xc /usr/lib/gcc/arm-none-eabi/9.2.1/../../../arm-none-eabi/lib/thumb/v7e-m+fp/hard/libg.a(lib_a-atexit.o)
                0x0000000008000e8c                atexit
 .text          0x0000000008000e98        0xc /usr/lib/gcc/arm-none-eabi/9.2.1/../../../arm-none-eabi/lib/thumb/v7e-m+fp/hard/libg.a(lib_a-errno.o)
                0x0000000008000e98                __errno
 .text          0x0000000008000ea4       0x34 /usr/lib/gcc/arm-none-eabi/9.2.1/../../../arm-none-eabi/lib/thumb/v7e-m+fp/hard/libg.a(lib_a-fini.o)
                0x0000000008000ea4                __libc_fini_array
 .text          0x0000000008000ed8       0x48 /usr/lib/gcc/arm-none-eabi/9.2.1/../../../arm-none-eabi/lib/thumb/v7e-m+fp/hard/libg.a(lib_a-init.o)
                0x0000000008000ed8                __libc_init_array
 .text          0x0000000008000f20       0x20 /usr/lib/gcc/arm-none-eabi/9.2.1/../../../arm-none-eabi/lib/thumb/v7e-m+fp/hard/libg.a(lib_a-malloc.o)
                0x0000000008000f20                malloc
                0x0000000008000f30                free
 .text          0x0000000008000f40      0x564 /usr/lib/gcc/arm-none-eabi/9.2.1/../../../arm-none-eabi/lib/thumb/v7e-m+fp/hard/libg.a(lib_a-mallocr.o)
                0x0000000008000f40                _malloc_r
 .text          0x00000000080014a4      0x134 /usr/lib/gcc/arm-none-eabi/9.2.1/../../../arm-none-eabi/lib/thumb/v7e-m+fp/hard/libg.a(lib_a-memcpy.o)
                0x00000000080014a4                memcpy
 .text          0x00000000080015d8       0xa0 /usr/lib/gcc/arm-none-eabi/9.2.1/../../../arm-none-eabi/lib/thumb/v7e-m+fp/hard/libg.a(lib_a-memset.o)
                0x00000000080015d8                memset
 .text          0x0000000008001678        0x8 /usr/lib/gcc/arm-none-eabi/9.2.1/../../../arm-none-eabi/lib/thumb/v7e-m+fp/hard/libg.a(lib_a-mlock.o)
                0x0000000008001678                __malloc_lock
                0x000000000800167c                __malloc_unlock
 .text          0x0000000008001680       0x24 /usr/lib/gcc/arm-none-eabi/9.2.1/../../../arm-none-eabi/lib/thumb/v7e-m+fp/hard/libg.a(lib_a-sbrkr.o)
                0x0000000008001680                _sbrk_r
 .text          0x00000000080016a4       0x68 /usr/lib/gcc/arm-none-eabi/9.2.1/../../../arm-none-eabi/lib/thumb/v7e-m+fp/hard/libg.a(lib_a-__atexit.o)
                0x00000000080016a4                __register_exitproc
 .text          0x000000000800170c      0x294 /usr/lib/gcc/arm-none-eabi/9.2.1/../../../arm-none-eabi/lib/thumb/v7e-m+fp/hard/libg.a(lib_a-freer.o)
                0x000000000800170c                _malloc_trim_r
                0x00000000080017ac                _free_r
 .text          0x00000000080019a0       0x74 /usr/lib/gcc/arm-none-eabi/9.2.1/../../../arm-none-eabi/lib/thumb/v7e-m+fp/hard/libm.a(lib_a-w_sqrt.o)
                0x00000000080019a0                sqrt
 .text          0x0000000008001a14       0x64 /usr/lib/gcc/arm-none-eabi/9.2.1/../../../arm-none-eabi/lib/thumb/v7e-m+fp/hard/libm.a(lib_a-wf_asin.o)
                0x0000000008001a14                asinf
 .text          0x0000000008001a78        0x4 /usr/lib/gcc/arm-none-eabi/9.2.1/../../../arm-none-eabi/lib/thumb/v7e-m+fp/hard/libm.a(lib_a-wf_atan2.o)
                0x0000000008001a78                atan2f
 .text          0x0000000008001a7c       0x50 /usr/lib/gcc/arm-none-eabi/9.2.1/../../../arm-none-eabi/lib/thumb/v7e-m+fp/hard/libm.a(lib_a-wf_sqrt.o)
                0x0000000008001a7c                sqrtf
 .text          0x0000000008001acc      0x198 /usr/lib/gcc/arm-none-eabi/9.2.1/../../../arm-none-eabi/lib/thumb/v7e-m+fp/hard/libm.a(lib_a-e_sqrt.o)
                0x0000000008001acc                __ieee754_sqrt
 .text          0x0000000008001c64      0x1f8 /usr/lib/gcc/arm-none-eabi/9.2.1/../../../arm-none-eabi/lib/thumb/v7e-m+fp/hard/libm.a(lib_a-ef_asin.o)
                0x0000000008001c64                __ieee754_asinf
 .text          0x0000000008001e5c      0x17c /usr/lib/gcc/arm-none-eabi/9.2.1/../../../arm-none-eabi/lib/thumb/v7e-m+fp/hard/libm.a(lib_a-ef_atan2.o)
                0x0000000008001e5c                __ieee754_atan2f
 .text          0x0000000008001fd8        0x8 /usr/lib/gcc/arm-none-eabi/9.2.1/../../../arm-none-eabi/lib/thumb/v7e-m+fp/hard/libm.a(lib_a-ef_sqrt.o)
                0x0000000008001fd8                __ieee754_sqrtf
 .text          0x0000000008001fe0      0x19c /usr/lib/gcc/arm-none-eabi/9.2.1/../../../arm-none-eabi/lib/thumb/v7e-m+fp/hard/libm.a(lib_a-sf_atan.o)
                0x0000000008001fe0                atanf
 .text          0x000000000800217c       0x10 /usr/lib/gcc/arm-none-eabi/9.2.1/../../../arm-none-eabi/lib/thumb/v7e-m+fp/hard/libm.a(lib_a-sf_fabs.o)
                0x000000000800217c                fabsf
 .text          0x000000000800218c        0xc /usr/lib/gcc/arm-none-eabi/9.2.1/../../../arm-none-eabi/lib/thumb/v7e-m+fp/hard/libm.a(lib_a-sf_nan.o)
                0x000000000800218c                nanf
 .text          0x0000000008002198      0x110 /usr/lib/gcc/arm-none-eabi/9.2.1/thumb/v7e-m+fp/hard/libgcc.a(_arm_cmpdf2.o)
                0x0000000008002198                __gtdf2
                0x0000000008002198                __gedf2
                0x00000000080021a0                __ltdf2
                0x00000000080021a0                __ledf2
                0x00000000080021a8                __cmpdf2
                0x00000000080021a8                __eqdf2
                0x00000000080021a8                __nedf2
                0x0000000008002224                __aeabi_cdrcmple
                0x0000000008002234                __aeabi_cdcmple
                0x0000000008002234                __aeabi_cdcmpeq
                0x0000000008002244                __aeabi_dcmpeq
                0x0000000008002258                __aeabi_dcmplt
                0x000000000800226c                __aeabi_dcmple
                0x0000000008002280                __aeabi_dcmpge
                0x0000000008002294                __aeabi_dcmpgt
 .text          0x00000000080022a8       0x2c /usr/lib/gcc/arm-none-eabi/9.2.1/thumb/v7e-m+fp/hard/libgcc.a(_arm_unorddf2.o)
                0x00000000080022a8                __aeabi_dcmpun
                0x00000000080022a8                __unorddf2
 *(.text*)
 .text.arm_cos_f32
                0x00000000080022d4       0x98 CMakeFiles/CtrlBoard-H7_IMU.elf.dir/CMSIS/DSP/Core/FastMathFunctions/arm_cos_f32.c.obj
                0x00000000080022d4                arm_cos_f32
 .text.arm_sin_f32
                0x000000000800236c       0x90 CMakeFiles/CtrlBoard-H7_IMU.elf.dir/CMSIS/DSP/Core/FastMathFunctions/arm_sin_f32.c.obj
                0x000000000800236c                arm_sin_f32
 .text.arm_mat_add_f32
                0x00000000080023fc       0x4a CMakeFiles/CtrlBoard-H7_IMU.elf.dir/CMSIS/DSP/Core/MatrixFunctions/arm_mat_add_f32.c.obj
                0x00000000080023fc                arm_mat_add_f32
 .text.arm_mat_init_f32
                0x0000000008002446        0x8 CMakeFiles/CtrlBoard-H7_IMU.elf.dir/CMSIS/DSP/Core/MatrixFunctions/arm_mat_init_f32.c.obj
                0x0000000008002446                arm_mat_init_f32
 *fill*         0x000000000800244e        0x2 
 .text.arm_mat_inverse_f32
                0x0000000008002450      0x310 CMakeFiles/CtrlBoard-H7_IMU.elf.dir/CMSIS/DSP/Core/MatrixFunctions/arm_mat_inverse_f32.c.obj
                0x0000000008002450                arm_mat_inverse_f32
 .text.arm_mat_mult_f32
                0x0000000008002760       0xa4 CMakeFiles/CtrlBoard-H7_IMU.elf.dir/CMSIS/DSP/Core/MatrixFunctions/arm_mat_mult_f32.c.obj
                0x0000000008002760                arm_mat_mult_f32
 .text.arm_mat_sub_f32
                0x0000000008002804       0x4a CMakeFiles/CtrlBoard-H7_IMU.elf.dir/CMSIS/DSP/Core/MatrixFunctions/arm_mat_sub_f32.c.obj
                0x0000000008002804                arm_mat_sub_f32
 .text.arm_mat_trans_f32
                0x000000000800284e       0x4e CMakeFiles/CtrlBoard-H7_IMU.elf.dir/CMSIS/DSP/Core/MatrixFunctions/arm_mat_trans_f32.c.obj
                0x000000000800284e                arm_mat_trans_f32
 .text.MX_DMA_Init
                0x000000000800289c       0x48 CMakeFiles/CtrlBoard-H7_IMU.elf.dir/Core/Src/dma.c.obj
                0x000000000800289c                MX_DMA_Init
 .text.MX_FDCAN1_Init
                0x00000000080028e4       0x60 CMakeFiles/CtrlBoard-H7_IMU.elf.dir/Core/Src/fdcan.c.obj
                0x00000000080028e4                MX_FDCAN1_Init
 .text.MX_FDCAN2_Init
                0x0000000008002944       0x68 CMakeFiles/CtrlBoard-H7_IMU.elf.dir/Core/Src/fdcan.c.obj
                0x0000000008002944                MX_FDCAN2_Init
 .text.MX_FDCAN3_Init
                0x00000000080029ac       0x68 CMakeFiles/CtrlBoard-H7_IMU.elf.dir/Core/Src/fdcan.c.obj
                0x00000000080029ac                MX_FDCAN3_Init
 .text.HAL_FDCAN_MspInit
                0x0000000008002a14      0x190 CMakeFiles/CtrlBoard-H7_IMU.elf.dir/Core/Src/fdcan.c.obj
                0x0000000008002a14                HAL_FDCAN_MspInit
 .text.StartDefaultTask
                0x0000000008002ba4        0xa CMakeFiles/CtrlBoard-H7_IMU.elf.dir/Core/Src/freertos.c.obj
                0x0000000008002ba4                StartDefaultTask
 .text.INS_Task
                0x0000000008002bae        0x8 CMakeFiles/CtrlBoard-H7_IMU.elf.dir/Core/Src/freertos.c.obj
                0x0000000008002bae                INS_Task
 .text.ChassisR_Task
                0x0000000008002bb6        0x8 CMakeFiles/CtrlBoard-H7_IMU.elf.dir/Core/Src/freertos.c.obj
                0x0000000008002bb6                ChassisR_Task
 .text.ChassisL_Task
                0x0000000008002bbe        0x8 CMakeFiles/CtrlBoard-H7_IMU.elf.dir/Core/Src/freertos.c.obj
                0x0000000008002bbe                ChassisL_Task
 .text.OBSERVE_Task
                0x0000000008002bc6        0x8 CMakeFiles/CtrlBoard-H7_IMU.elf.dir/Core/Src/freertos.c.obj
                0x0000000008002bc6                OBSERVE_Task
 .text.PS2_Task
                0x0000000008002bce        0x8 CMakeFiles/CtrlBoard-H7_IMU.elf.dir/Core/Src/freertos.c.obj
                0x0000000008002bce                PS2_Task
 *fill*         0x0000000008002bd6        0x2 
 .text.MX_FREERTOS_Init
                0x0000000008002bd8       0xc0 CMakeFiles/CtrlBoard-H7_IMU.elf.dir/Core/Src/freertos.c.obj
                0x0000000008002bd8                MX_FREERTOS_Init
 .text.MX_GPIO_Init
                0x0000000008002c98      0x16c CMakeFiles/CtrlBoard-H7_IMU.elf.dir/Core/Src/gpio.c.obj
                0x0000000008002c98                MX_GPIO_Init
 .text.HAL_TIM_PeriodElapsedCallback
                0x0000000008002e04       0x12 CMakeFiles/CtrlBoard-H7_IMU.elf.dir/Core/Src/main.c.obj
                0x0000000008002e04                HAL_TIM_PeriodElapsedCallback
 .text.Error_Handler
                0x0000000008002e16        0x4 CMakeFiles/CtrlBoard-H7_IMU.elf.dir/Core/Src/main.c.obj
                0x0000000008002e16                Error_Handler
 *fill*         0x0000000008002e1a        0x2 
 .text.SystemClock_Config
                0x0000000008002e1c       0xa8 CMakeFiles/CtrlBoard-H7_IMU.elf.dir/Core/Src/main.c.obj
                0x0000000008002e1c                SystemClock_Config
 .text.PeriphCommonClock_Config
                0x0000000008002ec4       0x4a CMakeFiles/CtrlBoard-H7_IMU.elf.dir/Core/Src/main.c.obj
                0x0000000008002ec4                PeriphCommonClock_Config
 *fill*         0x0000000008002f0e        0x2 
 .text.main     0x0000000008002f10       0x74 CMakeFiles/CtrlBoard-H7_IMU.elf.dir/Core/Src/main.c.obj
                0x0000000008002f10                main
 .text.MX_SPI2_Init
                0x0000000008002f84       0x60 CMakeFiles/CtrlBoard-H7_IMU.elf.dir/Core/Src/spi.c.obj
                0x0000000008002f84                MX_SPI2_Init
 .text.HAL_SPI_MspInit
                0x0000000008002fe4      0x168 CMakeFiles/CtrlBoard-H7_IMU.elf.dir/Core/Src/spi.c.obj
                0x0000000008002fe4                HAL_SPI_MspInit
 .text.HAL_MspInit
                0x000000000800314c       0x34 CMakeFiles/CtrlBoard-H7_IMU.elf.dir/Core/Src/stm32h7xx_hal_msp.c.obj
                0x000000000800314c                HAL_MspInit
 .text.HAL_InitTick
                0x0000000008003180       0x9c CMakeFiles/CtrlBoard-H7_IMU.elf.dir/Core/Src/stm32h7xx_hal_timebase_tim.c.obj
                0x0000000008003180                HAL_InitTick
 .text.NMI_Handler
                0x000000000800321c        0x2 CMakeFiles/CtrlBoard-H7_IMU.elf.dir/Core/Src/stm32h7xx_it.c.obj
                0x000000000800321c                NMI_Handler
 .text.HardFault_Handler
                0x000000000800321e        0x2 CMakeFiles/CtrlBoard-H7_IMU.elf.dir/Core/Src/stm32h7xx_it.c.obj
                0x000000000800321e                HardFault_Handler
 .text.MemManage_Handler
                0x0000000008003220        0x2 CMakeFiles/CtrlBoard-H7_IMU.elf.dir/Core/Src/stm32h7xx_it.c.obj
                0x0000000008003220                MemManage_Handler
 .text.BusFault_Handler
                0x0000000008003222        0x2 CMakeFiles/CtrlBoard-H7_IMU.elf.dir/Core/Src/stm32h7xx_it.c.obj
                0x0000000008003222                BusFault_Handler
 .text.UsageFault_Handler
                0x0000000008003224        0x2 CMakeFiles/CtrlBoard-H7_IMU.elf.dir/Core/Src/stm32h7xx_it.c.obj
                0x0000000008003224                UsageFault_Handler
 .text.DebugMon_Handler
                0x0000000008003226        0x2 CMakeFiles/CtrlBoard-H7_IMU.elf.dir/Core/Src/stm32h7xx_it.c.obj
                0x0000000008003226                DebugMon_Handler
 .text.DMA1_Stream0_IRQHandler
                0x0000000008003228       0x10 CMakeFiles/CtrlBoard-H7_IMU.elf.dir/Core/Src/stm32h7xx_it.c.obj
                0x0000000008003228                DMA1_Stream0_IRQHandler
 .text.DMA1_Stream1_IRQHandler
                0x0000000008003238       0x10 CMakeFiles/CtrlBoard-H7_IMU.elf.dir/Core/Src/stm32h7xx_it.c.obj
                0x0000000008003238                DMA1_Stream1_IRQHandler
 .text.FDCAN1_IT0_IRQHandler
                0x0000000008003248       0x10 CMakeFiles/CtrlBoard-H7_IMU.elf.dir/Core/Src/stm32h7xx_it.c.obj
                0x0000000008003248                FDCAN1_IT0_IRQHandler
 .text.FDCAN2_IT0_IRQHandler
                0x0000000008003258       0x10 CMakeFiles/CtrlBoard-H7_IMU.elf.dir/Core/Src/stm32h7xx_it.c.obj
                0x0000000008003258                FDCAN2_IT0_IRQHandler
 .text.TIM2_IRQHandler
                0x0000000008003268       0x10 CMakeFiles/CtrlBoard-H7_IMU.elf.dir/Core/Src/stm32h7xx_it.c.obj
                0x0000000008003268                TIM2_IRQHandler
 .text.SPI2_IRQHandler
                0x0000000008003278       0x10 CMakeFiles/CtrlBoard-H7_IMU.elf.dir/Core/Src/stm32h7xx_it.c.obj
                0x0000000008003278                SPI2_IRQHandler
 .text.FDCAN3_IT0_IRQHandler
                0x0000000008003288       0x10 CMakeFiles/CtrlBoard-H7_IMU.elf.dir/Core/Src/stm32h7xx_it.c.obj
                0x0000000008003288                FDCAN3_IT0_IRQHandler
 .text._sbrk    0x0000000008003298       0x48 CMakeFiles/CtrlBoard-H7_IMU.elf.dir/Core/Src/sysmem.c.obj
                0x0000000008003298                _sbrk
 .text.SystemInit
                0x00000000080032e0       0xac CMakeFiles/CtrlBoard-H7_IMU.elf.dir/Core/Src/system_stm32h7xx.c.obj
                0x00000000080032e0                SystemInit
 .text.HAL_TIM_PWM_MspInit
                0x000000000800338c       0x34 CMakeFiles/CtrlBoard-H7_IMU.elf.dir/Core/Src/tim.c.obj
                0x000000000800338c                HAL_TIM_PWM_MspInit
 .text.HAL_TIM_MspPostInit
                0x00000000080033c0       0x5c CMakeFiles/CtrlBoard-H7_IMU.elf.dir/Core/Src/tim.c.obj
                0x00000000080033c0                HAL_TIM_MspPostInit
 .text.MX_TIM3_Init
                0x000000000800341c       0x88 CMakeFiles/CtrlBoard-H7_IMU.elf.dir/Core/Src/tim.c.obj
                0x000000000800341c                MX_TIM3_Init
 .text.Reset_Handler
                0x00000000080034a4       0x50 CMakeFiles/CtrlBoard-H7_IMU.elf.dir/Core/Startup/startup_stm32h723vgtx.s.obj
                0x00000000080034a4                Reset_Handler
 .text.Default_Handler
                0x00000000080034f4        0x2 CMakeFiles/CtrlBoard-H7_IMU.elf.dir/Core/Startup/startup_stm32h723vgtx.s.obj
                0x00000000080034f4                RTC_Alarm_IRQHandler
                0x00000000080034f4                EXTI2_IRQHandler
                0x00000000080034f4                TIM8_CC_IRQHandler
                0x00000000080034f4                UART8_IRQHandler
                0x00000000080034f4                SPI4_IRQHandler
                0x00000000080034f4                TIM1_CC_IRQHandler
                0x00000000080034f4                BDMA_Channel6_IRQHandler
                0x00000000080034f4                DMA2_Stream5_IRQHandler
                0x00000000080034f4                DMA1_Stream5_IRQHandler
                0x00000000080034f4                CORDIC_IRQHandler
                0x00000000080034f4                BDMA_Channel1_IRQHandler
                0x00000000080034f4                TAMP_STAMP_IRQHandler
                0x00000000080034f4                EXTI3_IRQHandler
                0x00000000080034f4                LPTIM4_IRQHandler
                0x00000000080034f4                TIM8_TRG_COM_TIM14_IRQHandler
                0x00000000080034f4                LPTIM2_IRQHandler
                0x00000000080034f4                DFSDM1_FLT1_IRQHandler
                0x00000000080034f4                DMAMUX2_OVR_IRQHandler
                0x00000000080034f4                TIM8_UP_TIM13_IRQHandler
                0x00000000080034f4                I2C3_ER_IRQHandler
                0x00000000080034f4                DFSDM1_FLT2_IRQHandler
                0x00000000080034f4                I2C5_EV_IRQHandler
                0x00000000080034f4                USART10_IRQHandler
                0x00000000080034f4                MDMA_IRQHandler
                0x00000000080034f4                LPTIM3_IRQHandler
                0x00000000080034f4                HSEM1_IRQHandler
                0x00000000080034f4                EXTI0_IRQHandler
                0x00000000080034f4                I2C2_EV_IRQHandler
                0x00000000080034f4                DMA1_Stream2_IRQHandler
                0x00000000080034f4                FPU_IRQHandler
                0x00000000080034f4                OTG_HS_WKUP_IRQHandler
                0x00000000080034f4                FDCAN1_IT1_IRQHandler
                0x00000000080034f4                LTDC_ER_IRQHandler
                0x00000000080034f4                DMA2_Stream2_IRQHandler
                0x00000000080034f4                SPI1_IRQHandler
                0x00000000080034f4                OCTOSPI1_IRQHandler
                0x00000000080034f4                TIM6_DAC_IRQHandler
                0x00000000080034f4                DMA2_Stream3_IRQHandler
                0x00000000080034f4                OCTOSPI2_IRQHandler
                0x00000000080034f4                DFSDM1_FLT3_IRQHandler
                0x00000000080034f4                TIM23_IRQHandler
                0x00000000080034f4                USART6_IRQHandler
                0x00000000080034f4                TIM17_IRQHandler
                0x00000000080034f4                USART3_IRQHandler
                0x00000000080034f4                BDMA_Channel7_IRQHandler
                0x00000000080034f4                LPTIM5_IRQHandler
                0x00000000080034f4                UART5_IRQHandler
                0x00000000080034f4                ADC3_IRQHandler
                0x00000000080034f4                DMA2_Stream0_IRQHandler
                0x00000000080034f4                TIM4_IRQHandler
                0x00000000080034f4                BDMA_Channel2_IRQHandler
                0x00000000080034f4                I2C1_EV_IRQHandler
                0x00000000080034f4                DMA1_Stream6_IRQHandler
                0x00000000080034f4                DMAMUX1_OVR_IRQHandler
                0x00000000080034f4                TIM16_IRQHandler
                0x00000000080034f4                UART4_IRQHandler
                0x00000000080034f4                BDMA_Channel5_IRQHandler
                0x00000000080034f4                TIM3_IRQHandler
                0x00000000080034f4                RCC_IRQHandler
                0x00000000080034f4                UART9_IRQHandler
                0x00000000080034f4                TIM8_BRK_TIM12_IRQHandler
                0x00000000080034f4                TIM1_TRG_COM_IRQHandler
                0x00000000080034f4                Default_Handler
                0x00000000080034f4                ECC_IRQHandler
                0x00000000080034f4                FMAC_IRQHandler
                0x00000000080034f4                CEC_IRQHandler
                0x00000000080034f4                EXTI15_10_IRQHandler
                0x00000000080034f4                BDMA_Channel0_IRQHandler
                0x00000000080034f4                ADC_IRQHandler
                0x00000000080034f4                I2C5_ER_IRQHandler
                0x00000000080034f4                DMA1_Stream7_IRQHandler
                0x00000000080034f4                SPI5_IRQHandler
                0x00000000080034f4                TIM7_IRQHandler
                0x00000000080034f4                FDCAN3_IT1_IRQHandler
                0x00000000080034f4                SDMMC1_IRQHandler
                0x00000000080034f4                TIM5_IRQHandler
                0x00000000080034f4                DMA2_Stream7_IRQHandler
                0x00000000080034f4                TIM15_IRQHandler
                0x00000000080034f4                PVD_AVD_IRQHandler
                0x00000000080034f4                I2C3_EV_IRQHandler
                0x00000000080034f4                EXTI9_5_IRQHandler
                0x00000000080034f4                RTC_WKUP_IRQHandler
                0x00000000080034f4                LTDC_IRQHandler
                0x00000000080034f4                ETH_WKUP_IRQHandler
                0x00000000080034f4                SPDIF_RX_IRQHandler
                0x00000000080034f4                OTG_HS_EP1_IN_IRQHandler
                0x00000000080034f4                TIM24_IRQHandler
                0x00000000080034f4                CRS_IRQHandler
                0x00000000080034f4                EXTI4_IRQHandler
                0x00000000080034f4                RNG_IRQHandler
                0x00000000080034f4                FDCAN2_IT1_IRQHandler
                0x00000000080034f4                ETH_IRQHandler
                0x00000000080034f4                TIM1_UP_IRQHandler
                0x00000000080034f4                BDMA_Channel4_IRQHandler
                0x00000000080034f4                OTG_HS_EP1_OUT_IRQHandler
                0x00000000080034f4                WWDG_IRQHandler
                0x00000000080034f4                SPI6_IRQHandler
                0x00000000080034f4                MDIOS_IRQHandler
                0x00000000080034f4                I2C4_EV_IRQHandler
                0x00000000080034f4                LPUART1_IRQHandler
                0x00000000080034f4                OTG_HS_IRQHandler
                0x00000000080034f4                DMA2D_IRQHandler
                0x00000000080034f4                TIM1_BRK_IRQHandler
                0x00000000080034f4                EXTI1_IRQHandler
                0x00000000080034f4                SDMMC2_IRQHandler
                0x00000000080034f4                BDMA_Channel3_IRQHandler
                0x00000000080034f4                DTS_IRQHandler
                0x00000000080034f4                UART7_IRQHandler
                0x00000000080034f4                MDIOS_WKUP_IRQHandler
                0x00000000080034f4                USART2_IRQHandler
                0x00000000080034f4                DFSDM1_FLT0_IRQHandler
                0x00000000080034f4                SAI4_IRQHandler
                0x00000000080034f4                I2C2_ER_IRQHandler
                0x00000000080034f4                DMA2_Stream1_IRQHandler
                0x00000000080034f4                FLASH_IRQHandler
                0x00000000080034f4                DMA2_Stream4_IRQHandler
                0x00000000080034f4                USART1_IRQHandler
                0x00000000080034f4                SPI3_IRQHandler
                0x00000000080034f4                WAKEUP_PIN_IRQHandler
                0x00000000080034f4                DMA1_Stream4_IRQHandler
                0x00000000080034f4                I2C1_ER_IRQHandler
                0x00000000080034f4                FMC_IRQHandler
                0x00000000080034f4                FDCAN_CAL_IRQHandler
                0x00000000080034f4                SWPMI1_IRQHandler
                0x00000000080034f4                COMP1_IRQHandler
                0x00000000080034f4                LPTIM1_IRQHandler
                0x00000000080034f4                DCMI_PSSI_IRQHandler
                0x00000000080034f4                I2C4_ER_IRQHandler
                0x00000000080034f4                DMA2_Stream6_IRQHandler
                0x00000000080034f4                SAI1_IRQHandler
                0x00000000080034f4                DMA1_Stream3_IRQHandler
 *fill*         0x00000000080034f6        0x2 
 .text.HAL_Init
                0x00000000080034f8       0x5c CMakeFiles/CtrlBoard-H7_IMU.elf.dir/Drivers/STM32H7xx_HAL_Driver/Src/stm32h7xx_hal.c.obj
                0x00000000080034f8                HAL_Init
 .text.HAL_IncTick
                0x0000000008003554       0x18 CMakeFiles/CtrlBoard-H7_IMU.elf.dir/Drivers/STM32H7xx_HAL_Driver/Src/stm32h7xx_hal.c.obj
                0x0000000008003554                HAL_IncTick
 .text.HAL_GetTick
                0x000000000800356c        0xc CMakeFiles/CtrlBoard-H7_IMU.elf.dir/Drivers/STM32H7xx_HAL_Driver/Src/stm32h7xx_hal.c.obj
                0x000000000800356c                HAL_GetTick
 .text.HAL_Delay
                0x0000000008003578       0x28 CMakeFiles/CtrlBoard-H7_IMU.elf.dir/Drivers/STM32H7xx_HAL_Driver/Src/stm32h7xx_hal.c.obj
                0x0000000008003578                HAL_Delay
 .text.HAL_NVIC_SetPriorityGrouping
                0x00000000080035a0       0x24 CMakeFiles/CtrlBoard-H7_IMU.elf.dir/Drivers/STM32H7xx_HAL_Driver/Src/stm32h7xx_hal_cortex.c.obj
                0x00000000080035a0                HAL_NVIC_SetPriorityGrouping
 .text.HAL_NVIC_SetPriority
                0x00000000080035c4       0x64 CMakeFiles/CtrlBoard-H7_IMU.elf.dir/Drivers/STM32H7xx_HAL_Driver/Src/stm32h7xx_hal_cortex.c.obj
                0x00000000080035c4                HAL_NVIC_SetPriority
 .text.HAL_NVIC_EnableIRQ
                0x0000000008003628       0x1c CMakeFiles/CtrlBoard-H7_IMU.elf.dir/Drivers/STM32H7xx_HAL_Driver/Src/stm32h7xx_hal_cortex.c.obj
                0x0000000008003628                HAL_NVIC_EnableIRQ
 .text.DMA_CalcBaseAndBitshift
                0x0000000008003644       0xb4 CMakeFiles/CtrlBoard-H7_IMU.elf.dir/Drivers/STM32H7xx_HAL_Driver/Src/stm32h7xx_hal_dma.c.obj
 .text.DMA_CheckFifoParam
                0x00000000080036f8       0x92 CMakeFiles/CtrlBoard-H7_IMU.elf.dir/Drivers/STM32H7xx_HAL_Driver/Src/stm32h7xx_hal_dma.c.obj
 *fill*         0x000000000800378a        0x2 
 .text.DMA_CalcDMAMUXChannelBaseAndMask
                0x000000000800378c       0xb0 CMakeFiles/CtrlBoard-H7_IMU.elf.dir/Drivers/STM32H7xx_HAL_Driver/Src/stm32h7xx_hal_dma.c.obj
 .text.DMA_CalcDMAMUXRequestGenBaseAndMask
                0x000000000800383c       0x7c CMakeFiles/CtrlBoard-H7_IMU.elf.dir/Drivers/STM32H7xx_HAL_Driver/Src/stm32h7xx_hal_dma.c.obj
 .text.HAL_DMA_Init
                0x00000000080038b8      0x388 CMakeFiles/CtrlBoard-H7_IMU.elf.dir/Drivers/STM32H7xx_HAL_Driver/Src/stm32h7xx_hal_dma.c.obj
                0x00000000080038b8                HAL_DMA_Init
 .text.HAL_DMA_Abort_IT
                0x0000000008003c40      0x270 CMakeFiles/CtrlBoard-H7_IMU.elf.dir/Drivers/STM32H7xx_HAL_Driver/Src/stm32h7xx_hal_dma.c.obj
                0x0000000008003c40                HAL_DMA_Abort_IT
 .text.HAL_DMA_IRQHandler
                0x0000000008003eb0      0x738 CMakeFiles/CtrlBoard-H7_IMU.elf.dir/Drivers/STM32H7xx_HAL_Driver/Src/stm32h7xx_hal_dma.c.obj
                0x0000000008003eb0                HAL_DMA_IRQHandler
 .text.FDCAN_CalcultateRamBlockAddresses
                0x00000000080045e8      0x1d8 CMakeFiles/CtrlBoard-H7_IMU.elf.dir/Drivers/STM32H7xx_HAL_Driver/Src/stm32h7xx_hal_fdcan.c.obj
 .text.FDCAN_CopyMessageToRAM
                0x00000000080047c0       0x80 CMakeFiles/CtrlBoard-H7_IMU.elf.dir/Drivers/STM32H7xx_HAL_Driver/Src/stm32h7xx_hal_fdcan.c.obj
 .text.HAL_FDCAN_Init
                0x0000000008004840      0x294 CMakeFiles/CtrlBoard-H7_IMU.elf.dir/Drivers/STM32H7xx_HAL_Driver/Src/stm32h7xx_hal_fdcan.c.obj
                0x0000000008004840                HAL_FDCAN_Init
 .text.HAL_FDCAN_ConfigFilter
                0x0000000008004ad4       0x86 CMakeFiles/CtrlBoard-H7_IMU.elf.dir/Drivers/STM32H7xx_HAL_Driver/Src/stm32h7xx_hal_fdcan.c.obj
                0x0000000008004ad4                HAL_FDCAN_ConfigFilter
 .text.HAL_FDCAN_ConfigGlobalFilter
                0x0000000008004b5a       0x38 CMakeFiles/CtrlBoard-H7_IMU.elf.dir/Drivers/STM32H7xx_HAL_Driver/Src/stm32h7xx_hal_fdcan.c.obj
                0x0000000008004b5a                HAL_FDCAN_ConfigGlobalFilter
 .text.HAL_FDCAN_Start
                0x0000000008004b92       0x34 CMakeFiles/CtrlBoard-H7_IMU.elf.dir/Drivers/STM32H7xx_HAL_Driver/Src/stm32h7xx_hal_fdcan.c.obj
                0x0000000008004b92                HAL_FDCAN_Start
 .text.HAL_FDCAN_AddMessageToTxFifoQ
                0x0000000008004bc6       0x76 CMakeFiles/CtrlBoard-H7_IMU.elf.dir/Drivers/STM32H7xx_HAL_Driver/Src/stm32h7xx_hal_fdcan.c.obj
                0x0000000008004bc6                HAL_FDCAN_AddMessageToTxFifoQ
 .text.HAL_FDCAN_GetRxMessage
                0x0000000008004c3c      0x1c8 CMakeFiles/CtrlBoard-H7_IMU.elf.dir/Drivers/STM32H7xx_HAL_Driver/Src/stm32h7xx_hal_fdcan.c.obj
                0x0000000008004c3c                HAL_FDCAN_GetRxMessage
 .text.HAL_FDCAN_ActivateNotification
                0x0000000008004e04       0x90 CMakeFiles/CtrlBoard-H7_IMU.elf.dir/Drivers/STM32H7xx_HAL_Driver/Src/stm32h7xx_hal_fdcan.c.obj
                0x0000000008004e04                HAL_FDCAN_ActivateNotification
 .text.HAL_FDCAN_ClockCalibrationCallback
                0x0000000008004e94        0x2 CMakeFiles/CtrlBoard-H7_IMU.elf.dir/Drivers/STM32H7xx_HAL_Driver/Src/stm32h7xx_hal_fdcan.c.obj
                0x0000000008004e94                HAL_FDCAN_ClockCalibrationCallback
 .text.HAL_FDCAN_TxEventFifoCallback
                0x0000000008004e96        0x2 CMakeFiles/CtrlBoard-H7_IMU.elf.dir/Drivers/STM32H7xx_HAL_Driver/Src/stm32h7xx_hal_fdcan.c.obj
                0x0000000008004e96                HAL_FDCAN_TxEventFifoCallback
 .text.HAL_FDCAN_TxFifoEmptyCallback
                0x0000000008004e98        0x2 CMakeFiles/CtrlBoard-H7_IMU.elf.dir/Drivers/STM32H7xx_HAL_Driver/Src/stm32h7xx_hal_fdcan.c.obj
                0x0000000008004e98                HAL_FDCAN_TxFifoEmptyCallback
 .text.HAL_FDCAN_TxBufferCompleteCallback
                0x0000000008004e9a        0x2 CMakeFiles/CtrlBoard-H7_IMU.elf.dir/Drivers/STM32H7xx_HAL_Driver/Src/stm32h7xx_hal_fdcan.c.obj
                0x0000000008004e9a                HAL_FDCAN_TxBufferCompleteCallback
 .text.HAL_FDCAN_TxBufferAbortCallback
                0x0000000008004e9c        0x2 CMakeFiles/CtrlBoard-H7_IMU.elf.dir/Drivers/STM32H7xx_HAL_Driver/Src/stm32h7xx_hal_fdcan.c.obj
                0x0000000008004e9c                HAL_FDCAN_TxBufferAbortCallback
 .text.HAL_FDCAN_RxBufferNewMessageCallback
                0x0000000008004e9e        0x2 CMakeFiles/CtrlBoard-H7_IMU.elf.dir/Drivers/STM32H7xx_HAL_Driver/Src/stm32h7xx_hal_fdcan.c.obj
                0x0000000008004e9e                HAL_FDCAN_RxBufferNewMessageCallback
 .text.HAL_FDCAN_TimestampWraparoundCallback
                0x0000000008004ea0        0x2 CMakeFiles/CtrlBoard-H7_IMU.elf.dir/Drivers/STM32H7xx_HAL_Driver/Src/stm32h7xx_hal_fdcan.c.obj
                0x0000000008004ea0                HAL_FDCAN_TimestampWraparoundCallback
 .text.HAL_FDCAN_TimeoutOccurredCallback
                0x0000000008004ea2        0x2 CMakeFiles/CtrlBoard-H7_IMU.elf.dir/Drivers/STM32H7xx_HAL_Driver/Src/stm32h7xx_hal_fdcan.c.obj
                0x0000000008004ea2                HAL_FDCAN_TimeoutOccurredCallback
 .text.HAL_FDCAN_HighPriorityMessageCallback
                0x0000000008004ea4        0x2 CMakeFiles/CtrlBoard-H7_IMU.elf.dir/Drivers/STM32H7xx_HAL_Driver/Src/stm32h7xx_hal_fdcan.c.obj
                0x0000000008004ea4                HAL_FDCAN_HighPriorityMessageCallback
 .text.HAL_FDCAN_ErrorCallback
                0x0000000008004ea6        0x2 CMakeFiles/CtrlBoard-H7_IMU.elf.dir/Drivers/STM32H7xx_HAL_Driver/Src/stm32h7xx_hal_fdcan.c.obj
                0x0000000008004ea6                HAL_FDCAN_ErrorCallback
 .text.HAL_FDCAN_ErrorStatusCallback
                0x0000000008004ea8        0x2 CMakeFiles/CtrlBoard-H7_IMU.elf.dir/Drivers/STM32H7xx_HAL_Driver/Src/stm32h7xx_hal_fdcan.c.obj
                0x0000000008004ea8                HAL_FDCAN_ErrorStatusCallback
 .text.HAL_FDCAN_TT_ScheduleSyncCallback
                0x0000000008004eaa        0x2 CMakeFiles/CtrlBoard-H7_IMU.elf.dir/Drivers/STM32H7xx_HAL_Driver/Src/stm32h7xx_hal_fdcan.c.obj
                0x0000000008004eaa                HAL_FDCAN_TT_ScheduleSyncCallback
 .text.HAL_FDCAN_TT_TimeMarkCallback
                0x0000000008004eac        0x2 CMakeFiles/CtrlBoard-H7_IMU.elf.dir/Drivers/STM32H7xx_HAL_Driver/Src/stm32h7xx_hal_fdcan.c.obj
                0x0000000008004eac                HAL_FDCAN_TT_TimeMarkCallback
 .text.HAL_FDCAN_TT_StopWatchCallback
                0x0000000008004eae        0x2 CMakeFiles/CtrlBoard-H7_IMU.elf.dir/Drivers/STM32H7xx_HAL_Driver/Src/stm32h7xx_hal_fdcan.c.obj
                0x0000000008004eae                HAL_FDCAN_TT_StopWatchCallback
 .text.HAL_FDCAN_TT_GlobalTimeCallback
                0x0000000008004eb0        0x2 CMakeFiles/CtrlBoard-H7_IMU.elf.dir/Drivers/STM32H7xx_HAL_Driver/Src/stm32h7xx_hal_fdcan.c.obj
                0x0000000008004eb0                HAL_FDCAN_TT_GlobalTimeCallback
 *fill*         0x0000000008004eb2        0x2 
 .text.HAL_FDCAN_IRQHandler
                0x0000000008004eb4      0x320 CMakeFiles/CtrlBoard-H7_IMU.elf.dir/Drivers/STM32H7xx_HAL_Driver/Src/stm32h7xx_hal_fdcan.c.obj
                0x0000000008004eb4                HAL_FDCAN_IRQHandler
 .text.HAL_GPIO_Init
                0x00000000080051d4      0x1e0 CMakeFiles/CtrlBoard-H7_IMU.elf.dir/Drivers/STM32H7xx_HAL_Driver/Src/stm32h7xx_hal_gpio.c.obj
                0x00000000080051d4                HAL_GPIO_Init
 .text.HAL_GPIO_ReadPin
                0x00000000080053b4        0xe CMakeFiles/CtrlBoard-H7_IMU.elf.dir/Drivers/STM32H7xx_HAL_Driver/Src/stm32h7xx_hal_gpio.c.obj
                0x00000000080053b4                HAL_GPIO_ReadPin
 .text.HAL_GPIO_WritePin
                0x00000000080053c2        0xc CMakeFiles/CtrlBoard-H7_IMU.elf.dir/Drivers/STM32H7xx_HAL_Driver/Src/stm32h7xx_hal_gpio.c.obj
                0x00000000080053c2                HAL_GPIO_WritePin
 *fill*         0x00000000080053ce        0x2 
 .text.HAL_PWREx_ConfigSupply
                0x00000000080053d0       0x54 CMakeFiles/CtrlBoard-H7_IMU.elf.dir/Drivers/STM32H7xx_HAL_Driver/Src/stm32h7xx_hal_pwr_ex.c.obj
                0x00000000080053d0                HAL_PWREx_ConfigSupply
 .text.HAL_RCC_OscConfig
                0x0000000008005424      0x5ec CMakeFiles/CtrlBoard-H7_IMU.elf.dir/Drivers/STM32H7xx_HAL_Driver/Src/stm32h7xx_hal_rcc.c.obj
                0x0000000008005424                HAL_RCC_OscConfig
 .text.HAL_RCC_GetSysClockFreq
                0x0000000008005a10      0x1f4 CMakeFiles/CtrlBoard-H7_IMU.elf.dir/Drivers/STM32H7xx_HAL_Driver/Src/stm32h7xx_hal_rcc.c.obj
                0x0000000008005a10                HAL_RCC_GetSysClockFreq
 .text.HAL_RCC_ClockConfig
                0x0000000008005c04      0x294 CMakeFiles/CtrlBoard-H7_IMU.elf.dir/Drivers/STM32H7xx_HAL_Driver/Src/stm32h7xx_hal_rcc.c.obj
                0x0000000008005c04                HAL_RCC_ClockConfig
 .text.HAL_RCC_GetHCLKFreq
                0x0000000008005e98       0x44 CMakeFiles/CtrlBoard-H7_IMU.elf.dir/Drivers/STM32H7xx_HAL_Driver/Src/stm32h7xx_hal_rcc.c.obj
                0x0000000008005e98                HAL_RCC_GetHCLKFreq
 .text.HAL_RCC_GetPCLK1Freq
                0x0000000008005edc       0x24 CMakeFiles/CtrlBoard-H7_IMU.elf.dir/Drivers/STM32H7xx_HAL_Driver/Src/stm32h7xx_hal_rcc.c.obj
                0x0000000008005edc                HAL_RCC_GetPCLK1Freq
 .text.HAL_RCC_GetClockConfig
                0x0000000008005f00       0x54 CMakeFiles/CtrlBoard-H7_IMU.elf.dir/Drivers/STM32H7xx_HAL_Driver/Src/stm32h7xx_hal_rcc.c.obj
                0x0000000008005f00                HAL_RCC_GetClockConfig
 .text.RCCEx_PLL2_Config
                0x0000000008005f54      0x10c CMakeFiles/CtrlBoard-H7_IMU.elf.dir/Drivers/STM32H7xx_HAL_Driver/Src/stm32h7xx_hal_rcc_ex.c.obj
 .text.RCCEx_PLL3_Config
                0x0000000008006060      0x10c CMakeFiles/CtrlBoard-H7_IMU.elf.dir/Drivers/STM32H7xx_HAL_Driver/Src/stm32h7xx_hal_rcc_ex.c.obj
 .text.HAL_RCCEx_PeriphCLKConfig
                0x000000000800616c      0xaa8 CMakeFiles/CtrlBoard-H7_IMU.elf.dir/Drivers/STM32H7xx_HAL_Driver/Src/stm32h7xx_hal_rcc_ex.c.obj
                0x000000000800616c                HAL_RCCEx_PeriphCLKConfig
 .text.SPI_CloseTransfer
                0x0000000008006c14       0xd0 CMakeFiles/CtrlBoard-H7_IMU.elf.dir/Drivers/STM32H7xx_HAL_Driver/Src/stm32h7xx_hal_spi.c.obj
 .text.SPI_GetPacketSize
                0x0000000008006ce4       0x10 CMakeFiles/CtrlBoard-H7_IMU.elf.dir/Drivers/STM32H7xx_HAL_Driver/Src/stm32h7xx_hal_spi.c.obj
 .text.SPI_WaitOnFlagUntilTimeout
                0x0000000008006cf4       0x46 CMakeFiles/CtrlBoard-H7_IMU.elf.dir/Drivers/STM32H7xx_HAL_Driver/Src/stm32h7xx_hal_spi.c.obj
 *fill*         0x0000000008006d3a        0x2 
 .text.HAL_SPI_Init
                0x0000000008006d3c      0x190 CMakeFiles/CtrlBoard-H7_IMU.elf.dir/Drivers/STM32H7xx_HAL_Driver/Src/stm32h7xx_hal_spi.c.obj
                0x0000000008006d3c                HAL_SPI_Init
 .text.HAL_SPI_TransmitReceive
                0x0000000008006ecc      0x318 CMakeFiles/CtrlBoard-H7_IMU.elf.dir/Drivers/STM32H7xx_HAL_Driver/Src/stm32h7xx_hal_spi.c.obj
                0x0000000008006ecc                HAL_SPI_TransmitReceive
 .text.HAL_SPI_TxCpltCallback
                0x00000000080071e4        0x2 CMakeFiles/CtrlBoard-H7_IMU.elf.dir/Drivers/STM32H7xx_HAL_Driver/Src/stm32h7xx_hal_spi.c.obj
                0x00000000080071e4                HAL_SPI_TxCpltCallback
 .text.HAL_SPI_RxCpltCallback
                0x00000000080071e6        0x2 CMakeFiles/CtrlBoard-H7_IMU.elf.dir/Drivers/STM32H7xx_HAL_Driver/Src/stm32h7xx_hal_spi.c.obj
                0x00000000080071e6                HAL_SPI_RxCpltCallback
 .text.HAL_SPI_TxRxCpltCallback
                0x00000000080071e8        0x2 CMakeFiles/CtrlBoard-H7_IMU.elf.dir/Drivers/STM32H7xx_HAL_Driver/Src/stm32h7xx_hal_spi.c.obj
                0x00000000080071e8                HAL_SPI_TxRxCpltCallback
 .text.HAL_SPI_ErrorCallback
                0x00000000080071ea        0x2 CMakeFiles/CtrlBoard-H7_IMU.elf.dir/Drivers/STM32H7xx_HAL_Driver/Src/stm32h7xx_hal_spi.c.obj
                0x00000000080071ea                HAL_SPI_ErrorCallback
 .text.SPI_DMAAbortOnError
                0x00000000080071ec       0x1a CMakeFiles/CtrlBoard-H7_IMU.elf.dir/Drivers/STM32H7xx_HAL_Driver/Src/stm32h7xx_hal_spi.c.obj
 .text.HAL_SPI_SuspendCallback
                0x0000000008007206        0x2 CMakeFiles/CtrlBoard-H7_IMU.elf.dir/Drivers/STM32H7xx_HAL_Driver/Src/stm32h7xx_hal_spi.c.obj
                0x0000000008007206                HAL_SPI_SuspendCallback
 .text.HAL_SPI_IRQHandler
                0x0000000008007208      0x240 CMakeFiles/CtrlBoard-H7_IMU.elf.dir/Drivers/STM32H7xx_HAL_Driver/Src/stm32h7xx_hal_spi.c.obj
                0x0000000008007208                HAL_SPI_IRQHandler
 .text.TIM_OC1_SetConfig
                0x0000000008007448       0xa4 CMakeFiles/CtrlBoard-H7_IMU.elf.dir/Drivers/STM32H7xx_HAL_Driver/Src/stm32h7xx_hal_tim.c.obj
 .text.TIM_OC3_SetConfig
                0x00000000080074ec       0x94 CMakeFiles/CtrlBoard-H7_IMU.elf.dir/Drivers/STM32H7xx_HAL_Driver/Src/stm32h7xx_hal_tim.c.obj
 .text.TIM_OC4_SetConfig
                0x0000000008007580       0x74 CMakeFiles/CtrlBoard-H7_IMU.elf.dir/Drivers/STM32H7xx_HAL_Driver/Src/stm32h7xx_hal_tim.c.obj
 .text.TIM_OC5_SetConfig
                0x00000000080075f4       0x74 CMakeFiles/CtrlBoard-H7_IMU.elf.dir/Drivers/STM32H7xx_HAL_Driver/Src/stm32h7xx_hal_tim.c.obj
 .text.TIM_OC6_SetConfig
                0x0000000008007668       0x74 CMakeFiles/CtrlBoard-H7_IMU.elf.dir/Drivers/STM32H7xx_HAL_Driver/Src/stm32h7xx_hal_tim.c.obj
 .text.HAL_TIM_Base_MspInit
                0x00000000080076dc        0x2 CMakeFiles/CtrlBoard-H7_IMU.elf.dir/Drivers/STM32H7xx_HAL_Driver/Src/stm32h7xx_hal_tim.c.obj
                0x00000000080076dc                HAL_TIM_Base_MspInit
 *fill*         0x00000000080076de        0x2 
 .text.HAL_TIM_Base_Start_IT
                0x00000000080076e0       0xa0 CMakeFiles/CtrlBoard-H7_IMU.elf.dir/Drivers/STM32H7xx_HAL_Driver/Src/stm32h7xx_hal_tim.c.obj
                0x00000000080076e0                HAL_TIM_Base_Start_IT
 .text.HAL_TIM_OC_DelayElapsedCallback
                0x0000000008007780        0x2 CMakeFiles/CtrlBoard-H7_IMU.elf.dir/Drivers/STM32H7xx_HAL_Driver/Src/stm32h7xx_hal_tim.c.obj
                0x0000000008007780                HAL_TIM_OC_DelayElapsedCallback
 .text.HAL_TIM_IC_CaptureCallback
                0x0000000008007782        0x2 CMakeFiles/CtrlBoard-H7_IMU.elf.dir/Drivers/STM32H7xx_HAL_Driver/Src/stm32h7xx_hal_tim.c.obj
                0x0000000008007782                HAL_TIM_IC_CaptureCallback
 .text.HAL_TIM_PWM_PulseFinishedCallback
                0x0000000008007784        0x2 CMakeFiles/CtrlBoard-H7_IMU.elf.dir/Drivers/STM32H7xx_HAL_Driver/Src/stm32h7xx_hal_tim.c.obj
                0x0000000008007784                HAL_TIM_PWM_PulseFinishedCallback
 .text.HAL_TIM_TriggerCallback
                0x0000000008007786        0x2 CMakeFiles/CtrlBoard-H7_IMU.elf.dir/Drivers/STM32H7xx_HAL_Driver/Src/stm32h7xx_hal_tim.c.obj
                0x0000000008007786                HAL_TIM_TriggerCallback
 .text.HAL_TIM_IRQHandler
                0x0000000008007788      0x19a CMakeFiles/CtrlBoard-H7_IMU.elf.dir/Drivers/STM32H7xx_HAL_Driver/Src/stm32h7xx_hal_tim.c.obj
                0x0000000008007788                HAL_TIM_IRQHandler
 *fill*         0x0000000008007922        0x2 
 .text.TIM_Base_SetConfig
                0x0000000008007924      0x11c CMakeFiles/CtrlBoard-H7_IMU.elf.dir/Drivers/STM32H7xx_HAL_Driver/Src/stm32h7xx_hal_tim.c.obj
                0x0000000008007924                TIM_Base_SetConfig
 .text.HAL_TIM_Base_Init
                0x0000000008007a40       0x60 CMakeFiles/CtrlBoard-H7_IMU.elf.dir/Drivers/STM32H7xx_HAL_Driver/Src/stm32h7xx_hal_tim.c.obj
                0x0000000008007a40                HAL_TIM_Base_Init
 .text.HAL_TIM_PWM_Init
                0x0000000008007aa0       0x60 CMakeFiles/CtrlBoard-H7_IMU.elf.dir/Drivers/STM32H7xx_HAL_Driver/Src/stm32h7xx_hal_tim.c.obj
                0x0000000008007aa0                HAL_TIM_PWM_Init
 .text.TIM_OC2_SetConfig
                0x0000000008007b00       0x94 CMakeFiles/CtrlBoard-H7_IMU.elf.dir/Drivers/STM32H7xx_HAL_Driver/Src/stm32h7xx_hal_tim.c.obj
                0x0000000008007b00                TIM_OC2_SetConfig
 .text.HAL_TIM_PWM_ConfigChannel
                0x0000000008007b94      0x13a CMakeFiles/CtrlBoard-H7_IMU.elf.dir/Drivers/STM32H7xx_HAL_Driver/Src/stm32h7xx_hal_tim.c.obj
                0x0000000008007b94                HAL_TIM_PWM_ConfigChannel
 *fill*         0x0000000008007cce        0x2 
 .text.HAL_TIMEx_MasterConfigSynchronization
                0x0000000008007cd0       0xb0 CMakeFiles/CtrlBoard-H7_IMU.elf.dir/Drivers/STM32H7xx_HAL_Driver/Src/stm32h7xx_hal_tim_ex.c.obj
                0x0000000008007cd0                HAL_TIMEx_MasterConfigSynchronization
 .text.HAL_TIMEx_CommutCallback
                0x0000000008007d80        0x2 CMakeFiles/CtrlBoard-H7_IMU.elf.dir/Drivers/STM32H7xx_HAL_Driver/Src/stm32h7xx_hal_tim_ex.c.obj
                0x0000000008007d80                HAL_TIMEx_CommutCallback
 .text.HAL_TIMEx_BreakCallback
                0x0000000008007d82        0x2 CMakeFiles/CtrlBoard-H7_IMU.elf.dir/Drivers/STM32H7xx_HAL_Driver/Src/stm32h7xx_hal_tim_ex.c.obj
                0x0000000008007d82                HAL_TIMEx_BreakCallback
 .text.HAL_TIMEx_Break2Callback
                0x0000000008007d84        0x2 CMakeFiles/CtrlBoard-H7_IMU.elf.dir/Drivers/STM32H7xx_HAL_Driver/Src/stm32h7xx_hal_tim_ex.c.obj
                0x0000000008007d84                HAL_TIMEx_Break2Callback
 .text.makeFreeRtosPriority
                0x0000000008007d86        0xc CMakeFiles/CtrlBoard-H7_IMU.elf.dir/Middlewares/Third_Party/FreeRTOS/Source/CMSIS_RTOS/cmsis_os.c.obj
 .text.osKernelStart
                0x0000000008007d92        0xa CMakeFiles/CtrlBoard-H7_IMU.elf.dir/Middlewares/Third_Party/FreeRTOS/Source/CMSIS_RTOS/cmsis_os.c.obj
                0x0000000008007d92                osKernelStart
 .text.osThreadCreate
                0x0000000008007d9c       0x34 CMakeFiles/CtrlBoard-H7_IMU.elf.dir/Middlewares/Third_Party/FreeRTOS/Source/CMSIS_RTOS/cmsis_os.c.obj
                0x0000000008007d9c                osThreadCreate
 .text.osDelay  0x0000000008007dd0        0xe CMakeFiles/CtrlBoard-H7_IMU.elf.dir/Middlewares/Third_Party/FreeRTOS/Source/CMSIS_RTOS/cmsis_os.c.obj
                0x0000000008007dd0                osDelay
 .text.vListInitialise
                0x0000000008007dde       0x16 CMakeFiles/CtrlBoard-H7_IMU.elf.dir/Middlewares/Third_Party/FreeRTOS/Source/list.c.obj
                0x0000000008007dde                vListInitialise
 .text.vListInitialiseItem
                0x0000000008007df4        0x6 CMakeFiles/CtrlBoard-H7_IMU.elf.dir/Middlewares/Third_Party/FreeRTOS/Source/list.c.obj
                0x0000000008007df4                vListInitialiseItem
 .text.vListInsertEnd
                0x0000000008007dfa       0x16 CMakeFiles/CtrlBoard-H7_IMU.elf.dir/Middlewares/Third_Party/FreeRTOS/Source/list.c.obj
                0x0000000008007dfa                vListInsertEnd
 .text.vListInsert
                0x0000000008007e10       0x32 CMakeFiles/CtrlBoard-H7_IMU.elf.dir/Middlewares/Third_Party/FreeRTOS/Source/list.c.obj
                0x0000000008007e10                vListInsert
 .text.uxListRemove
                0x0000000008007e42       0x26 CMakeFiles/CtrlBoard-H7_IMU.elf.dir/Middlewares/Third_Party/FreeRTOS/Source/list.c.obj
                0x0000000008007e42                uxListRemove
 .text.prvTaskExitError
                0x0000000008007e68       0x40 CMakeFiles/CtrlBoard-H7_IMU.elf.dir/Middlewares/Third_Party/FreeRTOS/Source/portable/GCC/ARM_CM4F/port.c.obj
 .text.prvPortStartFirstTask
                0x0000000008007ea8       0x28 CMakeFiles/CtrlBoard-H7_IMU.elf.dir/Middlewares/Third_Party/FreeRTOS/Source/portable/GCC/ARM_CM4F/port.c.obj
 .text.vPortEnableVFP
                0x0000000008007ed0       0x14 CMakeFiles/CtrlBoard-H7_IMU.elf.dir/Middlewares/Third_Party/FreeRTOS/Source/portable/GCC/ARM_CM4F/port.c.obj
 .text.pxPortInitialiseStack
                0x0000000008007ee4       0x2c CMakeFiles/CtrlBoard-H7_IMU.elf.dir/Middlewares/Third_Party/FreeRTOS/Source/portable/GCC/ARM_CM4F/port.c.obj
                0x0000000008007ee4                pxPortInitialiseStack
 .text.SVC_Handler
                0x0000000008007f10       0x24 CMakeFiles/CtrlBoard-H7_IMU.elf.dir/Middlewares/Third_Party/FreeRTOS/Source/portable/GCC/ARM_CM4F/port.c.obj
                0x0000000008007f10                SVC_Handler
 .text.vPortEnterCritical
                0x0000000008007f34       0x44 CMakeFiles/CtrlBoard-H7_IMU.elf.dir/Middlewares/Third_Party/FreeRTOS/Source/portable/GCC/ARM_CM4F/port.c.obj
                0x0000000008007f34                vPortEnterCritical
 .text.vPortExitCritical
                0x0000000008007f78       0x2c CMakeFiles/CtrlBoard-H7_IMU.elf.dir/Middlewares/Third_Party/FreeRTOS/Source/portable/GCC/ARM_CM4F/port.c.obj
                0x0000000008007f78                vPortExitCritical
 *fill*         0x0000000008007fa4        0xc 
 .text.PendSV_Handler
                0x0000000008007fb0       0x64 CMakeFiles/CtrlBoard-H7_IMU.elf.dir/Middlewares/Third_Party/FreeRTOS/Source/portable/GCC/ARM_CM4F/port.c.obj
                0x0000000008007fb0                PendSV_Handler
 .text.SysTick_Handler
                0x0000000008008014       0x2c CMakeFiles/CtrlBoard-H7_IMU.elf.dir/Middlewares/Third_Party/FreeRTOS/Source/portable/GCC/ARM_CM4F/port.c.obj
                0x0000000008008014                SysTick_Handler
 .text.vPortSetupTimerInterrupt
                0x0000000008008040       0x38 CMakeFiles/CtrlBoard-H7_IMU.elf.dir/Middlewares/Third_Party/FreeRTOS/Source/portable/GCC/ARM_CM4F/port.c.obj
                0x0000000008008040                vPortSetupTimerInterrupt
 .text.xPortStartScheduler
                0x0000000008008078      0x110 CMakeFiles/CtrlBoard-H7_IMU.elf.dir/Middlewares/Third_Party/FreeRTOS/Source/portable/GCC/ARM_CM4F/port.c.obj
                0x0000000008008078                xPortStartScheduler
 .text.prvHeapInit
                0x0000000008008188       0x64 CMakeFiles/CtrlBoard-H7_IMU.elf.dir/Middlewares/Third_Party/FreeRTOS/Source/portable/MemMang/heap_4.c.obj
 .text.prvInsertBlockIntoFreeList
                0x00000000080081ec       0x58 CMakeFiles/CtrlBoard-H7_IMU.elf.dir/Middlewares/Third_Party/FreeRTOS/Source/portable/MemMang/heap_4.c.obj
 .text.pvPortMalloc
                0x0000000008008244       0xfc CMakeFiles/CtrlBoard-H7_IMU.elf.dir/Middlewares/Third_Party/FreeRTOS/Source/portable/MemMang/heap_4.c.obj
                0x0000000008008244                pvPortMalloc
 .text.vPortFree
                0x0000000008008340       0x7c CMakeFiles/CtrlBoard-H7_IMU.elf.dir/Middlewares/Third_Party/FreeRTOS/Source/portable/MemMang/heap_4.c.obj
                0x0000000008008340                vPortFree
 .text.prvResetNextTaskUnblockTime
                0x00000000080083bc       0x2c CMakeFiles/CtrlBoard-H7_IMU.elf.dir/Middlewares/Third_Party/FreeRTOS/Source/tasks.c.obj
 .text.prvDeleteTCB
                0x00000000080083e8       0x12 CMakeFiles/CtrlBoard-H7_IMU.elf.dir/Middlewares/Third_Party/FreeRTOS/Source/tasks.c.obj
 .text.prvInitialiseNewTask
                0x00000000080083fa       0x8e CMakeFiles/CtrlBoard-H7_IMU.elf.dir/Middlewares/Third_Party/FreeRTOS/Source/tasks.c.obj
 .text.prvInitialiseTaskLists
                0x0000000008008488       0x68 CMakeFiles/CtrlBoard-H7_IMU.elf.dir/Middlewares/Third_Party/FreeRTOS/Source/tasks.c.obj
 .text.prvAddNewTaskToReadyList
                0x00000000080084f0       0xa8 CMakeFiles/CtrlBoard-H7_IMU.elf.dir/Middlewares/Third_Party/FreeRTOS/Source/tasks.c.obj
 .text.prvCheckTasksWaitingTermination
                0x0000000008008598       0x4c CMakeFiles/CtrlBoard-H7_IMU.elf.dir/Middlewares/Third_Party/FreeRTOS/Source/tasks.c.obj
 .text.prvIdleTask
                0x00000000080085e4       0x28 CMakeFiles/CtrlBoard-H7_IMU.elf.dir/Middlewares/Third_Party/FreeRTOS/Source/tasks.c.obj
 .text.prvAddCurrentTaskToDelayedList
                0x000000000800860c       0xa0 CMakeFiles/CtrlBoard-H7_IMU.elf.dir/Middlewares/Third_Party/FreeRTOS/Source/tasks.c.obj
 .text.xTaskCreate
                0x00000000080086ac       0x64 CMakeFiles/CtrlBoard-H7_IMU.elf.dir/Middlewares/Third_Party/FreeRTOS/Source/tasks.c.obj
                0x00000000080086ac                xTaskCreate
 .text.vTaskStartScheduler
                0x0000000008008710       0x7c CMakeFiles/CtrlBoard-H7_IMU.elf.dir/Middlewares/Third_Party/FreeRTOS/Source/tasks.c.obj
                0x0000000008008710                vTaskStartScheduler
 .text.vTaskSuspendAll
                0x000000000800878c       0x10 CMakeFiles/CtrlBoard-H7_IMU.elf.dir/Middlewares/Third_Party/FreeRTOS/Source/tasks.c.obj
                0x000000000800878c                vTaskSuspendAll
 .text.xTaskIncrementTick
                0x000000000800879c      0x118 CMakeFiles/CtrlBoard-H7_IMU.elf.dir/Middlewares/Third_Party/FreeRTOS/Source/tasks.c.obj
                0x000000000800879c                xTaskIncrementTick
 .text.xTaskResumeAll
                0x00000000080088b4       0xf8 CMakeFiles/CtrlBoard-H7_IMU.elf.dir/Middlewares/Third_Party/FreeRTOS/Source/tasks.c.obj
                0x00000000080088b4                xTaskResumeAll
 .text.vTaskDelay
                0x00000000080089ac       0x4c CMakeFiles/CtrlBoard-H7_IMU.elf.dir/Middlewares/Third_Party/FreeRTOS/Source/tasks.c.obj
                0x00000000080089ac                vTaskDelay
 .text.vTaskSwitchContext
                0x00000000080089f8       0x98 CMakeFiles/CtrlBoard-H7_IMU.elf.dir/Middlewares/Third_Party/FreeRTOS/Source/tasks.c.obj
                0x00000000080089f8                vTaskSwitchContext
 .text.INS_Init
                0x0000000008008a90       0x30 CMakeFiles/CtrlBoard-H7_IMU.elf.dir/User/APP/INS_task.c.obj
                0x0000000008008a90                INS_Init
 .text.BodyFrameToEarthFrame
                0x0000000008008ac0      0x126 CMakeFiles/CtrlBoard-H7_IMU.elf.dir/User/APP/INS_task.c.obj
                0x0000000008008ac0                BodyFrameToEarthFrame
 .text.EarthFrameToBodyFrame
                0x0000000008008be6      0x126 CMakeFiles/CtrlBoard-H7_IMU.elf.dir/User/APP/INS_task.c.obj
                0x0000000008008be6                EarthFrameToBodyFrame
 .text.INS_task
                0x0000000008008d0c      0x290 CMakeFiles/CtrlBoard-H7_IMU.elf.dir/User/APP/INS_task.c.obj
                0x0000000008008d0c                INS_task
 .text.ChassisL_init
                0x0000000008008f9c       0xb0 CMakeFiles/CtrlBoard-H7_IMU.elf.dir/User/APP/chassisL_task.c.obj
                0x0000000008008f9c                ChassisL_init
 .text.chassisL_feedback_update
                0x000000000800904c       0x44 CMakeFiles/CtrlBoard-H7_IMU.elf.dir/User/APP/chassisL_task.c.obj
                0x000000000800904c                chassisL_feedback_update
 .text.chassisL_control_loop
                0x0000000008009090      0x254 CMakeFiles/CtrlBoard-H7_IMU.elf.dir/User/APP/chassisL_task.c.obj
                0x0000000008009090                chassisL_control_loop
 .text.ChassisL_task
                0x00000000080092e4      0x15c CMakeFiles/CtrlBoard-H7_IMU.elf.dir/User/APP/chassisL_task.c.obj
                0x00000000080092e4                ChassisL_task
 .text.ChassisR_init
                0x0000000008009440       0xa4 CMakeFiles/CtrlBoard-H7_IMU.elf.dir/User/APP/chassisR_task.c.obj
                0x0000000008009440                ChassisR_init
 .text.Pensation_init
                0x00000000080094e4       0x58 CMakeFiles/CtrlBoard-H7_IMU.elf.dir/User/APP/chassisR_task.c.obj
                0x00000000080094e4                Pensation_init
 .text.chassisR_feedback_update
                0x000000000800953c       0x8c CMakeFiles/CtrlBoard-H7_IMU.elf.dir/User/APP/chassisR_task.c.obj
                0x000000000800953c                chassisR_feedback_update
 .text.mySaturate
                0x00000000080095c8       0x24 CMakeFiles/CtrlBoard-H7_IMU.elf.dir/User/APP/chassisR_task.c.obj
                0x00000000080095c8                mySaturate
 .text.chassisR_control_loop
                0x00000000080095ec      0x2cc CMakeFiles/CtrlBoard-H7_IMU.elf.dir/User/APP/chassisR_task.c.obj
                0x00000000080095ec                chassisR_control_loop
 .text.ChassisR_task
                0x00000000080098b8      0x16c CMakeFiles/CtrlBoard-H7_IMU.elf.dir/User/APP/chassisR_task.c.obj
                0x00000000080098b8                ChassisR_task
 .text.xvEstimateKF_Init
                0x0000000008009a24       0x74 CMakeFiles/CtrlBoard-H7_IMU.elf.dir/User/APP/observe_task.c.obj
                0x0000000008009a24                xvEstimateKF_Init
 .text.xvEstimateKF_Update
                0x0000000008009a98       0x38 CMakeFiles/CtrlBoard-H7_IMU.elf.dir/User/APP/observe_task.c.obj
                0x0000000008009a98                xvEstimateKF_Update
 .text.Observe_task
                0x0000000008009ad0      0x138 CMakeFiles/CtrlBoard-H7_IMU.elf.dir/User/APP/observe_task.c.obj
                0x0000000008009ad0                Observe_task
 .text.PS2_Cmd  0x0000000008009c08       0xcc CMakeFiles/CtrlBoard-H7_IMU.elf.dir/User/APP/ps2_task.c.obj
                0x0000000008009c08                PS2_Cmd
 .text.PS2_data_process
                0x0000000008009cd4      0x1f8 CMakeFiles/CtrlBoard-H7_IMU.elf.dir/User/APP/ps2_task.c.obj
                0x0000000008009cd4                PS2_data_process
 .text.PS2_ReadData
                0x0000000008009ecc      0x100 CMakeFiles/CtrlBoard-H7_IMU.elf.dir/User/APP/ps2_task.c.obj
                0x0000000008009ecc                PS2_ReadData
 .text.PS2_AnologData
                0x0000000008009fcc        0xc CMakeFiles/CtrlBoard-H7_IMU.elf.dir/User/APP/ps2_task.c.obj
                0x0000000008009fcc                PS2_AnologData
 .text.PS2_ClearData
                0x0000000008009fd8       0x18 CMakeFiles/CtrlBoard-H7_IMU.elf.dir/User/APP/ps2_task.c.obj
                0x0000000008009fd8                PS2_ClearData
 .text.PS2_DataKey
                0x0000000008009ff0       0x4c CMakeFiles/CtrlBoard-H7_IMU.elf.dir/User/APP/ps2_task.c.obj
                0x0000000008009ff0                PS2_DataKey
 .text.PS2_data_read
                0x000000000800a03c       0x5a CMakeFiles/CtrlBoard-H7_IMU.elf.dir/User/APP/ps2_task.c.obj
                0x000000000800a03c                PS2_data_read
 *fill*         0x000000000800a096        0x2 
 .text.PS2_ShortPoll
                0x000000000800a098       0x60 CMakeFiles/CtrlBoard-H7_IMU.elf.dir/User/APP/ps2_task.c.obj
                0x000000000800a098                PS2_ShortPoll
 .text.PS2_EnterConfing
                0x000000000800a0f8       0x78 CMakeFiles/CtrlBoard-H7_IMU.elf.dir/User/APP/ps2_task.c.obj
                0x000000000800a0f8                PS2_EnterConfing
 .text.PS2_TurnOnAnalogMode
                0x000000000800a170       0x64 CMakeFiles/CtrlBoard-H7_IMU.elf.dir/User/APP/ps2_task.c.obj
                0x000000000800a170                PS2_TurnOnAnalogMode
 .text.PS2_ExitConfing
                0x000000000800a1d4       0x78 CMakeFiles/CtrlBoard-H7_IMU.elf.dir/User/APP/ps2_task.c.obj
                0x000000000800a1d4                PS2_ExitConfing
 .text.PS2_SetInit
                0x000000000800a24c       0x1c CMakeFiles/CtrlBoard-H7_IMU.elf.dir/User/APP/ps2_task.c.obj
                0x000000000800a24c                PS2_SetInit
 .text.pstwo_task
                0x000000000800a268       0x54 CMakeFiles/CtrlBoard-H7_IMU.elf.dir/User/APP/ps2_task.c.obj
                0x000000000800a268                pstwo_task
 .text.PID_init
                0x000000000800a2bc       0x44 CMakeFiles/CtrlBoard-H7_IMU.elf.dir/User/Algorithm/PID/pid.c.obj
                0x000000000800a2bc                PID_init
 .text.PID_Calc
                0x000000000800a300      0x158 CMakeFiles/CtrlBoard-H7_IMU.elf.dir/User/Algorithm/PID/pid.c.obj
                0x000000000800a300                PID_Calc
 .text.VMC_init
                0x000000000800a458       0x20 CMakeFiles/CtrlBoard-H7_IMU.elf.dir/User/Algorithm/VMC/VMC_calc.c.obj
                0x000000000800a458                VMC_init
 .text.VMC_calc_1_right
                0x000000000800a478      0x304 CMakeFiles/CtrlBoard-H7_IMU.elf.dir/User/Algorithm/VMC/VMC_calc.c.obj
                0x000000000800a478                VMC_calc_1_right
 .text.VMC_calc_1_left
                0x000000000800a77c      0x318 CMakeFiles/CtrlBoard-H7_IMU.elf.dir/User/Algorithm/VMC/VMC_calc.c.obj
                0x000000000800a77c                VMC_calc_1_left
 .text.VMC_calc_2
                0x000000000800aa94      0x162 CMakeFiles/CtrlBoard-H7_IMU.elf.dir/User/Algorithm/VMC/VMC_calc.c.obj
                0x000000000800aa94                VMC_calc_2
 .text.ground_detectionR
                0x000000000800abf6       0x5a CMakeFiles/CtrlBoard-H7_IMU.elf.dir/User/Algorithm/VMC/VMC_calc.c.obj
                0x000000000800abf6                ground_detectionR
 .text.ground_detectionL
                0x000000000800ac50       0x5a CMakeFiles/CtrlBoard-H7_IMU.elf.dir/User/Algorithm/VMC/VMC_calc.c.obj
                0x000000000800ac50                ground_detectionL
 .text.LQR_K_calc
                0x000000000800acaa       0x36 CMakeFiles/CtrlBoard-H7_IMU.elf.dir/User/Algorithm/VMC/VMC_calc.c.obj
                0x000000000800acaa                LQR_K_calc
 .text.H_K_R_Adjustment
                0x000000000800ace0      0x110 CMakeFiles/CtrlBoard-H7_IMU.elf.dir/User/Algorithm/kalman/kalman_filter.c.obj
 .text.Kalman_Filter_Init
                0x000000000800adf0      0x42c CMakeFiles/CtrlBoard-H7_IMU.elf.dir/User/Algorithm/kalman/kalman_filter.c.obj
                0x000000000800adf0                Kalman_Filter_Init
 .text.Kalman_Filter_Measure
                0x000000000800b21c       0x4c CMakeFiles/CtrlBoard-H7_IMU.elf.dir/User/Algorithm/kalman/kalman_filter.c.obj
                0x000000000800b21c                Kalman_Filter_Measure
 .text.Kalman_Filter_xhatMinusUpdate
                0x000000000800b268       0x76 CMakeFiles/CtrlBoard-H7_IMU.elf.dir/User/Algorithm/kalman/kalman_filter.c.obj
                0x000000000800b268                Kalman_Filter_xhatMinusUpdate
 .text.Kalman_Filter_PminusUpdate
                0x000000000800b2de       0x68 CMakeFiles/CtrlBoard-H7_IMU.elf.dir/User/Algorithm/kalman/kalman_filter.c.obj
                0x000000000800b2de                Kalman_Filter_PminusUpdate
 .text.Kalman_Filter_SetK
                0x000000000800b346       0xcc CMakeFiles/CtrlBoard-H7_IMU.elf.dir/User/Algorithm/kalman/kalman_filter.c.obj
                0x000000000800b346                Kalman_Filter_SetK
 .text.Kalman_Filter_xhatUpdate
                0x000000000800b412       0x82 CMakeFiles/CtrlBoard-H7_IMU.elf.dir/User/Algorithm/kalman/kalman_filter.c.obj
                0x000000000800b412                Kalman_Filter_xhatUpdate
 .text.Kalman_Filter_P_Update
                0x000000000800b494       0x64 CMakeFiles/CtrlBoard-H7_IMU.elf.dir/User/Algorithm/kalman/kalman_filter.c.obj
                0x000000000800b494                Kalman_Filter_P_Update
 .text.Kalman_Filter_Update
                0x000000000800b4f8       0xf8 CMakeFiles/CtrlBoard-H7_IMU.elf.dir/User/Algorithm/kalman/kalman_filter.c.obj
                0x000000000800b4f8                Kalman_Filter_Update
 .text.RotationMatrix_update
                0x000000000800b5f0       0xae CMakeFiles/CtrlBoard-H7_IMU.elf.dir/User/Algorithm/mahony/mahony_filter.c.obj
                0x000000000800b5f0                RotationMatrix_update
 .text.mahony_input
                0x000000000800b69e       0x3e CMakeFiles/CtrlBoard-H7_IMU.elf.dir/User/Algorithm/mahony/mahony_filter.c.obj
                0x000000000800b69e                mahony_input
 .text.mahony_update
                0x000000000800b6dc      0x222 CMakeFiles/CtrlBoard-H7_IMU.elf.dir/User/Algorithm/mahony/mahony_filter.c.obj
                0x000000000800b6dc                mahony_update
 .text.mahony_output
                0x000000000800b8fe       0x36 CMakeFiles/CtrlBoard-H7_IMU.elf.dir/User/Algorithm/mahony/mahony_filter.c.obj
                0x000000000800b8fe                mahony_output
 .text.mahony_init
                0x000000000800b934       0x38 CMakeFiles/CtrlBoard-H7_IMU.elf.dir/User/Algorithm/mahony/mahony_filter.c.obj
                0x000000000800b934                mahony_init
 .text.DWT_CNT_Update
                0x000000000800b96c       0x30 CMakeFiles/CtrlBoard-H7_IMU.elf.dir/User/Bsp/bsp_dwt.c.obj
 .text.DWT_Init
                0x000000000800b99c       0x64 CMakeFiles/CtrlBoard-H7_IMU.elf.dir/User/Bsp/bsp_dwt.c.obj
                0x000000000800b99c                DWT_Init
 .text.DWT_GetDeltaT
                0x000000000800ba00       0x48 CMakeFiles/CtrlBoard-H7_IMU.elf.dir/User/Bsp/bsp_dwt.c.obj
                0x000000000800ba00                DWT_GetDeltaT
 .text.DWT_SysTimeUpdate
                0x000000000800ba48       0xac CMakeFiles/CtrlBoard-H7_IMU.elf.dir/User/Bsp/bsp_dwt.c.obj
                0x000000000800ba48                DWT_SysTimeUpdate
 .text.DWT_GetTimeline_s
                0x000000000800baf4       0x4c CMakeFiles/CtrlBoard-H7_IMU.elf.dir/User/Bsp/bsp_dwt.c.obj
                0x000000000800baf4                DWT_GetTimeline_s
 .text.DWT_Delay
                0x000000000800bb40       0x34 CMakeFiles/CtrlBoard-H7_IMU.elf.dir/User/Bsp/bsp_dwt.c.obj
                0x000000000800bb40                DWT_Delay
 .text.FDCAN1_Config
                0x000000000800bb74       0x68 CMakeFiles/CtrlBoard-H7_IMU.elf.dir/User/Bsp/can_bsp.c.obj
                0x000000000800bb74                FDCAN1_Config
 .text.FDCAN2_Config
                0x000000000800bbdc       0x68 CMakeFiles/CtrlBoard-H7_IMU.elf.dir/User/Bsp/can_bsp.c.obj
                0x000000000800bbdc                FDCAN2_Config
 .text.canx_send_data
                0x000000000800bc44       0x7e CMakeFiles/CtrlBoard-H7_IMU.elf.dir/User/Bsp/can_bsp.c.obj
                0x000000000800bc44                canx_send_data
 *fill*         0x000000000800bcc2        0x2 
 .text.HAL_FDCAN_RxFifo0Callback
                0x000000000800bcc4       0x84 CMakeFiles/CtrlBoard-H7_IMU.elf.dir/User/Bsp/can_bsp.c.obj
                0x000000000800bcc4                HAL_FDCAN_RxFifo0Callback
 .text.HAL_FDCAN_RxFifo1Callback
                0x000000000800bd48       0x80 CMakeFiles/CtrlBoard-H7_IMU.elf.dir/User/Bsp/can_bsp.c.obj
                0x000000000800bd48                HAL_FDCAN_RxFifo1Callback
 .text.BMI088_ACCEL_NS_L
                0x000000000800bdc8       0x14 CMakeFiles/CtrlBoard-H7_IMU.elf.dir/User/Devices/BMI088/BMI088Middleware.c.obj
                0x000000000800bdc8                BMI088_ACCEL_NS_L
 .text.BMI088_ACCEL_NS_H
                0x000000000800bddc       0x14 CMakeFiles/CtrlBoard-H7_IMU.elf.dir/User/Devices/BMI088/BMI088Middleware.c.obj
                0x000000000800bddc                BMI088_ACCEL_NS_H
 .text.BMI088_GYRO_NS_L
                0x000000000800bdf0       0x14 CMakeFiles/CtrlBoard-H7_IMU.elf.dir/User/Devices/BMI088/BMI088Middleware.c.obj
                0x000000000800bdf0                BMI088_GYRO_NS_L
 .text.BMI088_GYRO_NS_H
                0x000000000800be04       0x14 CMakeFiles/CtrlBoard-H7_IMU.elf.dir/User/Devices/BMI088/BMI088Middleware.c.obj
                0x000000000800be04                BMI088_GYRO_NS_H
 .text.BMI088_read_write_byte
                0x000000000800be18       0x30 CMakeFiles/CtrlBoard-H7_IMU.elf.dir/User/Devices/BMI088/BMI088Middleware.c.obj
                0x000000000800be18                BMI088_read_write_byte
 .text.BMI088_read_muli_reg
                0x000000000800be48       0x22 CMakeFiles/CtrlBoard-H7_IMU.elf.dir/User/Devices/BMI088/BMI088driver.c.obj
 .text.BMI088_write_single_reg
                0x000000000800be6a       0x10 CMakeFiles/CtrlBoard-H7_IMU.elf.dir/User/Devices/BMI088/BMI088driver.c.obj
 .text.BMI088_read_single_reg
                0x000000000800be7a       0x16 CMakeFiles/CtrlBoard-H7_IMU.elf.dir/User/Devices/BMI088/BMI088driver.c.obj
 .text.Calibrate_MPU_Offset
                0x000000000800be90      0x594 CMakeFiles/CtrlBoard-H7_IMU.elf.dir/User/Devices/BMI088/BMI088driver.c.obj
 .text.bmi088_accel_init
                0x000000000800c424      0x144 CMakeFiles/CtrlBoard-H7_IMU.elf.dir/User/Devices/BMI088/BMI088driver.c.obj
                0x000000000800c424                bmi088_accel_init
 .text.bmi088_gyro_init
                0x000000000800c568      0x118 CMakeFiles/CtrlBoard-H7_IMU.elf.dir/User/Devices/BMI088/BMI088driver.c.obj
                0x000000000800c568                bmi088_gyro_init
 .text.BMI088_init
                0x000000000800c680       0x84 CMakeFiles/CtrlBoard-H7_IMU.elf.dir/User/Devices/BMI088/BMI088driver.c.obj
                0x000000000800c680                BMI088_init
 .text.BMI088_Read
                0x000000000800c704      0x270 CMakeFiles/CtrlBoard-H7_IMU.elf.dir/User/Devices/BMI088/BMI088driver.c.obj
                0x000000000800c704                BMI088_Read
 .text.float_to_uint
                0x000000000800c974       0x28 CMakeFiles/CtrlBoard-H7_IMU.elf.dir/User/Devices/DM_Motor/dm4310_drv.c.obj
                0x000000000800c974                float_to_uint
 .text.uint_to_float
                0x000000000800c99c       0x28 CMakeFiles/CtrlBoard-H7_IMU.elf.dir/User/Devices/DM_Motor/dm4310_drv.c.obj
                0x000000000800c99c                uint_to_float
 .text.joint_motor_init
                0x000000000800c9c4        0x6 CMakeFiles/CtrlBoard-H7_IMU.elf.dir/User/Devices/DM_Motor/dm4310_drv.c.obj
                0x000000000800c9c4                joint_motor_init
 .text.wheel_motor_init
                0x000000000800c9ca        0x6 CMakeFiles/CtrlBoard-H7_IMU.elf.dir/User/Devices/DM_Motor/dm4310_drv.c.obj
                0x000000000800c9ca                wheel_motor_init
 .text.dm4310_fbdata
                0x000000000800c9d0       0x98 CMakeFiles/CtrlBoard-H7_IMU.elf.dir/User/Devices/DM_Motor/dm4310_drv.c.obj
                0x000000000800c9d0                dm4310_fbdata
 .text.dm6215_fbdata
                0x000000000800ca68       0xa0 CMakeFiles/CtrlBoard-H7_IMU.elf.dir/User/Devices/DM_Motor/dm4310_drv.c.obj
                0x000000000800ca68                dm6215_fbdata
 .text.enable_motor_mode
                0x000000000800cb08       0x3a CMakeFiles/CtrlBoard-H7_IMU.elf.dir/User/Devices/DM_Motor/dm4310_drv.c.obj
                0x000000000800cb08                enable_motor_mode
 *fill*         0x000000000800cb42        0x2 
 .text.mit_ctrl
                0x000000000800cb44       0xf4 CMakeFiles/CtrlBoard-H7_IMU.elf.dir/User/Devices/DM_Motor/dm4310_drv.c.obj
                0x000000000800cb44                mit_ctrl
 .text.mit_ctrl2
                0x000000000800cc38       0xfc CMakeFiles/CtrlBoard-H7_IMU.elf.dir/User/Devices/DM_Motor/dm4310_drv.c.obj
                0x000000000800cc38                mit_ctrl2
 .text.startup  0x000000000800cd34       0x14 /usr/lib/gcc/arm-none-eabi/9.2.1/../../../arm-none-eabi/lib/thumb/v7e-m+fp/hard/libg.a(lib_a-__call_atexit.o)
 *(.glue_7)
 .glue_7        0x000000000800cd48        0x0 linker stubs
 *(.glue_7t)
 .glue_7t       0x000000000800cd48        0x0 linker stubs
 *(.eh_frame)
 .eh_frame      0x000000000800cd48        0x0 /usr/lib/gcc/arm-none-eabi/9.2.1/thumb/v7e-m+fp/hard/crtbegin.o
 *(.init)
 .init          0x000000000800cd48        0x4 /usr/lib/gcc/arm-none-eabi/9.2.1/thumb/v7e-m+fp/hard/crti.o
                0x000000000800cd48                _init
 .init          0x000000000800cd4c        0x8 /usr/lib/gcc/arm-none-eabi/9.2.1/thumb/v7e-m+fp/hard/crtn.o
 *(.fini)
 .fini          0x000000000800cd54        0x4 /usr/lib/gcc/arm-none-eabi/9.2.1/thumb/v7e-m+fp/hard/crti.o
                0x000000000800cd54                _fini
 .fini          0x000000000800cd58        0x8 /usr/lib/gcc/arm-none-eabi/9.2.1/thumb/v7e-m+fp/hard/crtn.o
                0x000000000800cd60                . = ALIGN (0x4)
                0x000000000800cd60                _etext = .

.vfp11_veneer   0x000000000800cd60        0x0
 .vfp11_veneer  0x000000000800cd60        0x0 linker stubs

.v4_bx          0x000000000800cd60        0x0
 .v4_bx         0x000000000800cd60        0x0 linker stubs

.iplt           0x000000000800cd60        0x0
 .iplt          0x000000000800cd60        0x0 /usr/lib/gcc/arm-none-eabi/9.2.1/thumb/v7e-m+fp/hard/crtbegin.o

.rodata         0x000000000800cd60      0x9ec
                0x000000000800cd60                . = ALIGN (0x4)
 *(.rodata)
 .rodata        0x000000000800cd60       0x78 CMakeFiles/CtrlBoard-H7_IMU.elf.dir/Core/Src/freertos.c.obj
 .rodata        0x000000000800cdd8       0x4c CMakeFiles/CtrlBoard-H7_IMU.elf.dir/Drivers/STM32H7xx_HAL_Driver/Src/stm32h7xx_hal_fdcan.c.obj
 .rodata        0x000000000800ce24        0x8 CMakeFiles/CtrlBoard-H7_IMU.elf.dir/User/Devices/BMI088/BMI088driver.c.obj
 .rodata        0x000000000800ce2c        0x4 /usr/lib/gcc/arm-none-eabi/9.2.1/../../../arm-none-eabi/lib/thumb/v7e-m+fp/hard/libg.a(lib_a-impure.o)
                0x000000000800ce2c                _global_impure_ptr
 .rodata        0x000000000800ce30       0x20 /usr/lib/gcc/arm-none-eabi/9.2.1/../../../arm-none-eabi/lib/thumb/v7e-m+fp/hard/libm.a(lib_a-sf_atan.o)
 *(.rodata*)
 .rodata.sinTable_f32
                0x000000000800ce50      0x804 CMakeFiles/CtrlBoard-H7_IMU.elf.dir/CMSIS/DSP/Core/CommonTables/arm_common_tables.c.obj
                0x000000000800ce50                sinTable_f32
 .rodata.str1.4
                0x000000000800d654       0x51 CMakeFiles/CtrlBoard-H7_IMU.elf.dir/Core/Src/freertos.c.obj
 *fill*         0x000000000800d6a5        0x3 
 .rodata.D1CorePrescTable
                0x000000000800d6a8       0x10 CMakeFiles/CtrlBoard-H7_IMU.elf.dir/Core/Src/system_stm32h7xx.c.obj
                0x000000000800d6a8                D1CorePrescTable
 .rodata.flagBitshiftOffset.11329
                0x000000000800d6b8        0x8 CMakeFiles/CtrlBoard-H7_IMU.elf.dir/Drivers/STM32H7xx_HAL_Driver/Src/stm32h7xx_hal_dma.c.obj
 .rodata.DLCtoBytes
                0x000000000800d6c0       0x10 CMakeFiles/CtrlBoard-H7_IMU.elf.dir/Drivers/STM32H7xx_HAL_Driver/Src/stm32h7xx_hal_fdcan.c.obj
 .rodata.vTaskStartScheduler.str1.4
                0x000000000800d6d0        0x5 CMakeFiles/CtrlBoard-H7_IMU.elf.dir/Middlewares/Third_Party/FreeRTOS/Source/tasks.c.obj
 *fill*         0x000000000800d6d5        0x3 
 .rodata.legl_pid.16770
                0x000000000800d6d8        0xc CMakeFiles/CtrlBoard-H7_IMU.elf.dir/User/APP/chassisL_task.c.obj
 .rodata.legr_pid.16758
                0x000000000800d6e4        0xc CMakeFiles/CtrlBoard-H7_IMU.elf.dir/User/APP/chassisR_task.c.obj
 .rodata.roll_pid.16776
                0x000000000800d6f0        0xc CMakeFiles/CtrlBoard-H7_IMU.elf.dir/User/APP/chassisR_task.c.obj
 .rodata.tp_pid.16777
                0x000000000800d6fc        0xc CMakeFiles/CtrlBoard-H7_IMU.elf.dir/User/APP/chassisR_task.c.obj
 .rodata.turn_pid.16778
                0x000000000800d708        0xc CMakeFiles/CtrlBoard-H7_IMU.elf.dir/User/APP/chassisR_task.c.obj
 .rodata.vaEstimateKF_H
                0x000000000800d714       0x10 CMakeFiles/CtrlBoard-H7_IMU.elf.dir/User/APP/observe_task.c.obj
                0x000000000800d714                vaEstimateKF_H
 .rodata.write_BMI088_accel_reg_data_error
                0x000000000800d724       0x12 CMakeFiles/CtrlBoard-H7_IMU.elf.dir/User/Devices/BMI088/BMI088driver.c.obj
 *fill*         0x000000000800d736        0x2 
 .rodata.write_BMI088_gyro_reg_data_error
                0x000000000800d738       0x12 CMakeFiles/CtrlBoard-H7_IMU.elf.dir/User/Devices/BMI088/BMI088driver.c.obj
 .rodata.str1.4
                0x000000000800d74a        0x5 /usr/lib/gcc/arm-none-eabi/9.2.1/../../../arm-none-eabi/lib/thumb/v7e-m+fp/hard/libm.a(lib_a-wf_asin.o)
                                          0x1 (size before relaxing)
                0x000000000800d750                . = ALIGN (0x4)
 *fill*         0x000000000800d74a        0x2 

.ARM.extab
 *(.ARM.extab* .gnu.linkonce.armextab.*)

.ARM            0x000000000800d74c        0x8
                0x000000000800d74c                __exidx_start = .
 *(.ARM.exidx*)
 .ARM.exidx     0x000000000800d74c        0x8 /usr/lib/gcc/arm-none-eabi/9.2.1/thumb/v7e-m+fp/hard/libgcc.a(_udivmoddi4.o)
                0x000000000800d754                __exidx_end = .

.rel.dyn        0x000000000800d754        0x0
 .rel.iplt      0x000000000800d754        0x0 /usr/lib/gcc/arm-none-eabi/9.2.1/thumb/v7e-m+fp/hard/crtbegin.o

.preinit_array  0x000000000800d754        0x0
                0x000000000800d754                PROVIDE (__preinit_array_start = .)
 *(.preinit_array*)
                0x000000000800d754                PROVIDE (__preinit_array_end = .)

.init_array     0x000000000800d754        0x8
                0x000000000800d754                PROVIDE (__init_array_start = .)
 *(SORT_BY_NAME(.init_array.*))
 .init_array.00000
                0x000000000800d754        0x4 /usr/lib/gcc/arm-none-eabi/9.2.1/../../../arm-none-eabi/lib/thumb/v7e-m+fp/hard/libg.a(lib_a-__call_atexit.o)
 *(.init_array*)
 .init_array    0x000000000800d758        0x4 /usr/lib/gcc/arm-none-eabi/9.2.1/thumb/v7e-m+fp/hard/crtbegin.o
                0x000000000800d75c                PROVIDE (__init_array_end = .)

.fini_array     0x000000000800d75c        0x4
                0x000000000800d75c                PROVIDE (__fini_array_start = .)
 *(SORT_BY_NAME(.fini_array.*))
 *(.fini_array*)
 .fini_array    0x000000000800d75c        0x4 /usr/lib/gcc/arm-none-eabi/9.2.1/thumb/v7e-m+fp/hard/crtbegin.o
                0x000000000800d760                PROVIDE (__fini_array_end = .)
                0x000000000800d760                _sidata = LOADADDR (.data)

.data           0x0000000024000000      0xa04 load address 0x000000000800d760
                0x0000000024000000                . = ALIGN (0x4)
                0x0000000024000000                _sdata = .
 *(.data)
 .data          0x0000000024000000      0x430 /usr/lib/gcc/arm-none-eabi/9.2.1/../../../arm-none-eabi/lib/thumb/v7e-m+fp/hard/libg.a(lib_a-impure.o)
                0x0000000024000000                _impure_ptr
 .data          0x0000000024000430      0x410 /usr/lib/gcc/arm-none-eabi/9.2.1/../../../arm-none-eabi/lib/thumb/v7e-m+fp/hard/libg.a(lib_a-mallocr.o)
                0x0000000024000430                __malloc_av_
                0x0000000024000838                __malloc_sbrk_base
                0x000000002400083c                __malloc_trim_threshold
 .data          0x0000000024000840        0x1 /usr/lib/gcc/arm-none-eabi/9.2.1/../../../arm-none-eabi/lib/thumb/v7e-m+fp/hard/libm.a(lib_a-s_lib_ver.o)
                0x0000000024000840                __fdlib_version
 *(.data*)
 *fill*         0x0000000024000841        0x3 
 .data.SystemCoreClock
                0x0000000024000844        0x4 CMakeFiles/CtrlBoard-H7_IMU.elf.dir/Core/Src/system_stm32h7xx.c.obj
                0x0000000024000844                SystemCoreClock
 .data.SystemD2Clock
                0x0000000024000848        0x4 CMakeFiles/CtrlBoard-H7_IMU.elf.dir/Core/Src/system_stm32h7xx.c.obj
                0x0000000024000848                SystemD2Clock
 .data.uwTickFreq
                0x000000002400084c        0x1 CMakeFiles/CtrlBoard-H7_IMU.elf.dir/Drivers/STM32H7xx_HAL_Driver/Src/stm32h7xx_hal.c.obj
                0x000000002400084c                uwTickFreq
 *fill*         0x000000002400084d        0x3 
 .data.uwTickPrio
                0x0000000024000850        0x4 CMakeFiles/CtrlBoard-H7_IMU.elf.dir/Drivers/STM32H7xx_HAL_Driver/Src/stm32h7xx_hal.c.obj
                0x0000000024000850                uwTickPrio
 .data.uxCriticalNesting
                0x0000000024000854        0x4 CMakeFiles/CtrlBoard-H7_IMU.elf.dir/Middlewares/Third_Party/FreeRTOS/Source/portable/GCC/ARM_CM4F/port.c.obj
 .data.gravity  0x0000000024000858        0xc CMakeFiles/CtrlBoard-H7_IMU.elf.dir/User/APP/INS_task.c.obj
                0x0000000024000858                gravity
 .data.CHASSL_TIME
                0x0000000024000864        0x4 CMakeFiles/CtrlBoard-H7_IMU.elf.dir/User/APP/chassisL_task.c.obj
                0x0000000024000864                CHASSL_TIME
 .data.LQR_K_L  0x0000000024000868       0x30 CMakeFiles/CtrlBoard-H7_IMU.elf.dir/User/APP/chassisL_task.c.obj
                0x0000000024000868                LQR_K_L
 .data.CHASSR_TIME
                0x0000000024000898        0x4 CMakeFiles/CtrlBoard-H7_IMU.elf.dir/User/APP/chassisR_task.c.obj
                0x0000000024000898                CHASSR_TIME
 .data.LQR_K_R  0x000000002400089c       0x30 CMakeFiles/CtrlBoard-H7_IMU.elf.dir/User/APP/chassisR_task.c.obj
                0x000000002400089c                LQR_K_R
 .data.Poly_Coefficient
                0x00000000240008cc       0xc0 CMakeFiles/CtrlBoard-H7_IMU.elf.dir/User/APP/chassisR_task.c.obj
                0x00000000240008cc                Poly_Coefficient
 .data.OBSERVE_TIME
                0x000000002400098c        0x4 CMakeFiles/CtrlBoard-H7_IMU.elf.dir/User/APP/observe_task.c.obj
                0x000000002400098c                OBSERVE_TIME
 .data.vaEstimateKF_F
                0x0000000024000990       0x10 CMakeFiles/CtrlBoard-H7_IMU.elf.dir/User/APP/observe_task.c.obj
                0x0000000024000990                vaEstimateKF_F
 .data.vaEstimateKF_P
                0x00000000240009a0       0x10 CMakeFiles/CtrlBoard-H7_IMU.elf.dir/User/APP/observe_task.c.obj
                0x00000000240009a0                vaEstimateKF_P
 .data.vaEstimateKF_Q
                0x00000000240009b0       0x10 CMakeFiles/CtrlBoard-H7_IMU.elf.dir/User/APP/observe_task.c.obj
                0x00000000240009b0                vaEstimateKF_Q
 .data.vaEstimateKF_R
                0x00000000240009c0       0x10 CMakeFiles/CtrlBoard-H7_IMU.elf.dir/User/APP/observe_task.c.obj
                0x00000000240009c0                vaEstimateKF_R
 .data.Comd     0x00000000240009d0        0x2 CMakeFiles/CtrlBoard-H7_IMU.elf.dir/User/APP/ps2_task.c.obj
                0x00000000240009d0                Comd
 *fill*         0x00000000240009d2        0x2 
 .data.MASK     0x00000000240009d4       0x20 CMakeFiles/CtrlBoard-H7_IMU.elf.dir/User/APP/ps2_task.c.obj
                0x00000000240009d4                MASK
 .data.PS2_TIME
                0x00000000240009f4        0x4 CMakeFiles/CtrlBoard-H7_IMU.elf.dir/User/APP/ps2_task.c.obj
                0x00000000240009f4                PS2_TIME
 .data.BMI088_ACCEL_SEN
                0x00000000240009f8        0x4 CMakeFiles/CtrlBoard-H7_IMU.elf.dir/User/Devices/BMI088/BMI088driver.c.obj
                0x00000000240009f8                BMI088_ACCEL_SEN
 .data.BMI088_GYRO_SEN
                0x00000000240009fc        0x4 CMakeFiles/CtrlBoard-H7_IMU.elf.dir/User/Devices/BMI088/BMI088driver.c.obj
                0x00000000240009fc                BMI088_GYRO_SEN
 .data.caliOffset
                0x0000000024000a00        0x1 CMakeFiles/CtrlBoard-H7_IMU.elf.dir/User/Devices/BMI088/BMI088driver.c.obj
                0x0000000024000a00                caliOffset
 *(.RamFunc)
 *(.RamFunc*)
                0x0000000024000a04                . = ALIGN (0x4)
 *fill*         0x0000000024000a01        0x3 
                0x0000000024000a04                _edata = .

.tm_clone_table
                0x0000000024000a04        0x0 load address 0x000000000800e164
 .tm_clone_table
                0x0000000024000a04        0x0 /usr/lib/gcc/arm-none-eabi/9.2.1/thumb/v7e-m+fp/hard/crtbegin.o
 .tm_clone_table
                0x0000000024000a04        0x0 /usr/lib/gcc/arm-none-eabi/9.2.1/thumb/v7e-m+fp/hard/crtend.o

.igot.plt       0x0000000024000a04        0x0 load address 0x000000000800e164
 .igot.plt      0x0000000024000a04        0x0 /usr/lib/gcc/arm-none-eabi/9.2.1/thumb/v7e-m+fp/hard/crtbegin.o
                0x0000000024000a04                . = ALIGN (0x4)

.bss            0x0000000024000a08     0x864c load address 0x000000000800e164
                0x0000000024000a08                _sbss = .
                0x0000000024000a08                __bss_start__ = _sbss
 *(.bss)
 .bss           0x0000000024000a08       0x1c /usr/lib/gcc/arm-none-eabi/9.2.1/thumb/v7e-m+fp/hard/crtbegin.o
 .bss           0x0000000024000a24       0x34 /usr/lib/gcc/arm-none-eabi/9.2.1/../../../arm-none-eabi/lib/thumb/v7e-m+fp/hard/libg.a(lib_a-mallocr.o)