Archive member included to satisfy reference by file (symbol)

c:/progra~2/armgnu~1/12977f~1.2mp/bin/../lib/gcc/arm-none-eabi/12.2.1/thumb/v7e-m+fp/hard\libgcc.a(_arm_addsubdf3.o)
                              CMakeFiles/CtrlBoard-H7_IMU.elf.dir/User/Algorithm/VMC/VMC_calc.c.obj (__aeabi_dadd)
c:/progra~2/armgnu~1/12977f~1.2mp/bin/../lib/gcc/arm-none-eabi/12.2.1/thumb/v7e-m+fp/hard\libgcc.a(_arm_muldivdf3.o)
                              CMakeFiles/CtrlBoard-H7_IMU.elf.dir/User/Bsp/bsp_dwt.c.obj (__aeabi_ddiv)
c:/progra~2/armgnu~1/12977f~1.2mp/bin/../lib/gcc/arm-none-eabi/12.2.1/thumb/v7e-m+fp/hard\libgcc.a(_arm_truncdfsf2.o)
                              CMakeFiles/CtrlBoard-H7_IMU.elf.dir/User/Algorithm/VMC/VMC_calc.c.obj (__aeabi_d2f)
c:/progra~2/armgnu~1/12977f~1.2mp/bin/../lib/gcc/arm-none-eabi/12.2.1/thumb/v7e-m+fp/hard\libgcc.a(_aeabi_uldivmod.o)
                              CMakeFiles/CtrlBoard-H7_IMU.elf.dir/User/Bsp/bsp_dwt.c.obj (__aeabi_uldivmod)
c:/progra~2/armgnu~1/12977f~1.2mp/bin/../lib/gcc/arm-none-eabi/12.2.1/thumb/v7e-m+fp/hard\libgcc.a(_udivmoddi4.o)
                              c:/progra~2/armgnu~1/12977f~1.2mp/bin/../lib/gcc/arm-none-eabi/12.2.1/thumb/v7e-m+fp/hard\libgcc.a(_aeabi_uldivmod.o) (__udivmoddi4)
c:/progra~2/armgnu~1/12977f~1.2mp/bin/../lib/gcc/arm-none-eabi/12.2.1/thumb/v7e-m+fp/hard\libgcc.a(_dvmd_tls.o)
                              c:/progra~2/armgnu~1/12977f~1.2mp/bin/../lib/gcc/arm-none-eabi/12.2.1/thumb/v7e-m+fp/hard\libgcc.a(_aeabi_uldivmod.o) (__aeabi_ldiv0)
c:/progra~2/armgnu~1/12977f~1.2mp/bin/../lib/gcc/arm-none-eabi/12.2.1/thumb/v7e-m+fp/hard\libg.a(libc_a-exit.o)
                              c:/progra~2/armgnu~1/12977f~1.2mp/bin/../lib/gcc/arm-none-eabi/12.2.1/thumb/v7e-m+fp/hard/crt0.o (exit)
c:/progra~2/armgnu~1/12977f~1.2mp/bin/../lib/gcc/arm-none-eabi/12.2.1/thumb/v7e-m+fp/hard\libg.a(libc_a-malloc.o)
                              CMakeFiles/CtrlBoard-H7_IMU.elf.dir/User/Algorithm/kalman/kalman_filter.c.obj (malloc)
c:/progra~2/armgnu~1/12977f~1.2mp/bin/../lib/gcc/arm-none-eabi/12.2.1/thumb/v7e-m+fp/hard\libg.a(libc_a-mallocr.o)
                              c:/progra~2/armgnu~1/12977f~1.2mp/bin/../lib/gcc/arm-none-eabi/12.2.1/thumb/v7e-m+fp/hard\libg.a(libc_a-malloc.o) (_malloc_r)
c:/progra~2/armgnu~1/12977f~1.2mp/bin/../lib/gcc/arm-none-eabi/12.2.1/thumb/v7e-m+fp/hard\libg.a(libc_a-mlock.o)
                              c:/progra~2/armgnu~1/12977f~1.2mp/bin/../lib/gcc/arm-none-eabi/12.2.1/thumb/v7e-m+fp/hard\libg.a(libc_a-mallocr.o) (__malloc_lock)
c:/progra~2/armgnu~1/12977f~1.2mp/bin/../lib/gcc/arm-none-eabi/12.2.1/thumb/v7e-m+fp/hard\libg.a(libc_a-findfp.o)
                              c:/progra~2/armgnu~1/12977f~1.2mp/bin/../lib/gcc/arm-none-eabi/12.2.1/thumb/v7e-m+fp/hard\libg.a(libc_a-exit.o) (__stdio_exit_handler)
c:/progra~2/armgnu~1/12977f~1.2mp/bin/../lib/gcc/arm-none-eabi/12.2.1/thumb/v7e-m+fp/hard\libg.a(libc_a-fwalk.o)
                              c:/progra~2/armgnu~1/12977f~1.2mp/bin/../lib/gcc/arm-none-eabi/12.2.1/thumb/v7e-m+fp/hard\libg.a(libc_a-findfp.o) (_fwalk_sglue)
c:/progra~2/armgnu~1/12977f~1.2mp/bin/../lib/gcc/arm-none-eabi/12.2.1/thumb/v7e-m+fp/hard\libg.a(libc_a-stdio.o)
                              c:/progra~2/armgnu~1/12977f~1.2mp/bin/../lib/gcc/arm-none-eabi/12.2.1/thumb/v7e-m+fp/hard\libg.a(libc_a-findfp.o) (__sread)
c:/progra~2/armgnu~1/12977f~1.2mp/bin/../lib/gcc/arm-none-eabi/12.2.1/thumb/v7e-m+fp/hard\libg.a(libc_a-memset.o)
                              c:/progra~2/armgnu~1/12977f~1.2mp/bin/../lib/gcc/arm-none-eabi/12.2.1/thumb/v7e-m+fp/hard/crt0.o (memset)
c:/progra~2/armgnu~1/12977f~1.2mp/bin/../lib/gcc/arm-none-eabi/12.2.1/thumb/v7e-m+fp/hard\libg.a(libc_a-closer.o)
                              c:/progra~2/armgnu~1/12977f~1.2mp/bin/../lib/gcc/arm-none-eabi/12.2.1/thumb/v7e-m+fp/hard\libg.a(libc_a-stdio.o) (_close_r)
c:/progra~2/armgnu~1/12977f~1.2mp/bin/../lib/gcc/arm-none-eabi/12.2.1/thumb/v7e-m+fp/hard\libg.a(libc_a-reent.o)
                              c:/progra~2/armgnu~1/12977f~1.2mp/bin/../lib/gcc/arm-none-eabi/12.2.1/thumb/v7e-m+fp/hard\libg.a(libc_a-closer.o) (errno)
c:/progra~2/armgnu~1/12977f~1.2mp/bin/../lib/gcc/arm-none-eabi/12.2.1/thumb/v7e-m+fp/hard\libg.a(libc_a-impure.o)
                              c:/progra~2/armgnu~1/12977f~1.2mp/bin/../lib/gcc/arm-none-eabi/12.2.1/thumb/v7e-m+fp/hard\libg.a(libc_a-malloc.o) (_impure_ptr)
c:/progra~2/armgnu~1/12977f~1.2mp/bin/../lib/gcc/arm-none-eabi/12.2.1/thumb/v7e-m+fp/hard\libg.a(libc_a-lseekr.o)
                              c:/progra~2/armgnu~1/12977f~1.2mp/bin/../lib/gcc/arm-none-eabi/12.2.1/thumb/v7e-m+fp/hard\libg.a(libc_a-stdio.o) (_lseek_r)
c:/progra~2/armgnu~1/12977f~1.2mp/bin/../lib/gcc/arm-none-eabi/12.2.1/thumb/v7e-m+fp/hard\libg.a(libc_a-readr.o)
                              c:/progra~2/armgnu~1/12977f~1.2mp/bin/../lib/gcc/arm-none-eabi/12.2.1/thumb/v7e-m+fp/hard\libg.a(libc_a-stdio.o) (_read_r)
[...]
Memory Configuration

Name             Origin             Length             Attributes
ITCMRAM          0x00000000         0x00010000         xrw
DTCMRAM          0x20000000         0x00020000         xrw
FLASH            0x08000000         0x00100000         xr
RAM_D1           0x24000000         0x00050000         xrw
RAM_D2           0x30000000         0x00008000         xrw
RAM_D3           0x38000000         0x00004000         xrw
*default*        0x00000000         0xffffffff

Linker script and memory map

LOAD c:/progra~2/armgnu~1/12977f~1.2mp/bin/../lib/gcc/arm-none-eabi/12.2.1/thumb/v7e-m+fp/hard/crti.o
LOAD c:/progra~2/armgnu~1/12977f~1.2mp/bin/../lib/gcc/arm-none-eabi/12.2.1/thumb/v7e-m+fp/hard/crtbegin.o
LOAD c:/progra~2/armgnu~1/12977f~1.2mp/bin/../lib/gcc/arm-none-eabi/12.2.1/thumb/v7e-m+fp/hard/crt0.o
LOAD CMakeFiles/CtrlBoard-H7_IMU.elf.dir/CMSIS/DSP/Core/CommonTables/arm_common_tables.c.obj
LOAD CMakeFiles/CtrlBoard-H7_IMU.elf.dir/CMSIS/DSP/Core/FastMathFunctions/arm_cos_f32.c.obj
LOAD CMakeFiles/CtrlBoard-H7_IMU.elf.dir/CMSIS/DSP/Core/FastMathFunctions/arm_sin_f32.c.obj
LOAD CMakeFiles/CtrlBoard-H7_IMU.elf.dir/CMSIS/DSP/Core/MatrixFunctions/arm_mat_add_f32.c.obj
LOAD CMakeFiles/CtrlBoard-H7_IMU.elf.dir/CMSIS/DSP/Core/MatrixFunctions/arm_mat_init_f32.c.obj
LOAD CMakeFiles/CtrlBoard-H7_IMU.elf.dir/CMSIS/DSP/Core/MatrixFunctions/arm_mat_inverse_f32.c.obj
LOAD CMakeFiles/CtrlBoard-H7_IMU.elf.dir/CMSIS/DSP/Core/MatrixFunctions/arm_mat_mult_f32.c.obj
LOAD CMakeFiles/CtrlBoard-H7_IMU.elf.dir/CMSIS/DSP/Core/MatrixFunctions/arm_mat_sub_f32.c.obj
LOAD CMakeFiles/CtrlBoard-H7_IMU.elf.dir/CMSIS/DSP/Core/MatrixFunctions/arm_mat_trans_f32.c.obj
LOAD CMakeFiles/CtrlBoard-H7_IMU.elf.dir/Core/Src/dma.c.obj
LOAD CMakeFiles/CtrlBoard-H7_IMU.elf.dir/Core/Src/fdcan.c.obj
LOAD CMakeFiles/CtrlBoard-H7_IMU.elf.dir/Core/Src/freertos.c.obj
LOAD CMakeFiles/CtrlBoard-H7_IMU.elf.dir/Core/Src/gpio.c.obj
LOAD CMakeFiles/CtrlBoard-H7_IMU.elf.dir/Core/Src/main.c.obj
LOAD CMakeFiles/CtrlBoard-H7_IMU.elf.dir/Core/Src/spi.c.obj
LOAD CMakeFiles/CtrlBoard-H7_IMU.elf.dir/Core/Src/stm32h7xx_hal_msp.c.obj
LOAD CMakeFiles/CtrlBoard-H7_IMU.elf.dir/Core/Src/stm32h7xx_hal_timebase_tim.c.obj
LOAD CMakeFiles/CtrlBoard-H7_IMU.elf.dir/Core/Src/stm32h7xx_it.c.obj
LOAD CMakeFiles/CtrlBoard-H7_IMU.elf.dir/Core/Src/syscalls.c.obj
LOAD CMakeFiles/CtrlBoard-H7_IMU.elf.dir/Core/Src/sysmem.c.obj
LOAD CMakeFiles/CtrlBoard-H7_IMU.elf.dir/Core/Src/system_stm32h7xx.c.obj
LOAD CMakeFiles/CtrlBoard-H7_IMU.elf.dir/Core/Src/tim.c.obj
LOAD CMakeFiles/CtrlBoard-H7_IMU.elf.dir/Core/Startup/startup_stm32h723vgtx.s.obj
LOAD CMakeFiles/CtrlBoard-H7_IMU.elf.dir/Drivers/STM32H7xx_HAL_Driver/Src/stm32h7xx_hal.c.obj
LOAD CMakeFiles/CtrlBoard-H7_IMU.elf.dir/Drivers/STM32H7xx_HAL_Driver/Src/stm32h7xx_hal_cortex.c.obj
LOAD CMakeFiles/CtrlBoard-H7_IMU.elf.dir/Drivers/STM32H7xx_HAL_Driver/Src/stm32h7xx_hal_dma.c.obj
LOAD CMakeFiles/CtrlBoard-H7_IMU.elf.dir/Drivers/STM32H7xx_HAL_Driver/Src/stm32h7xx_hal_dma_ex.c.obj
LOAD CMakeFiles/CtrlBoard-H7_IMU.elf.dir/Drivers/STM32H7xx_HAL_Driver/Src/stm32h7xx_hal_exti.c.obj
LOAD CMakeFiles/CtrlBoard-H7_IMU.elf.dir/Drivers/STM32H7xx_HAL_Driver/Src/stm32h7xx_hal_fdcan.c.obj
LOAD CMakeFiles/CtrlBoard-H7_IMU.elf.dir/Drivers/STM32H7xx_HAL_Driver/Src/stm32h7xx_hal_flash.c.obj
LOAD CMakeFiles/CtrlBoard-H7_IMU.elf.dir/Drivers/STM32H7xx_HAL_Driver/Src/stm32h7xx_hal_flash_ex.c.obj
LOAD CMakeFiles/CtrlBoard-H7_IMU.elf.dir/Drivers/STM32H7xx_HAL_Driver/Src/stm32h7xx_hal_gpio.c.obj
LOAD CMakeFiles/CtrlBoard-H7_IMU.elf.dir/Drivers/STM32H7xx_HAL_Driver/Src/stm32h7xx_hal_hsem.c.obj
LOAD CMakeFiles/CtrlBoard-H7_IMU.elf.dir/Drivers/STM32H7xx_HAL_Driver/Src/stm32h7xx_hal_i2c.c.obj
LOAD CMakeFiles/CtrlBoard-H7_IMU.elf.dir/Drivers/STM32H7xx_HAL_Driver/Src/stm32h7xx_hal_i2c_ex.c.obj
LOAD CMakeFiles/CtrlBoard-H7_IMU.elf.dir/Drivers/STM32H7xx_HAL_Driver/Src/stm32h7xx_hal_mdma.c.obj
LOAD CMakeFiles/CtrlBoard-H7_IMU.elf.dir/Drivers/STM32H7xx_HAL_Driver/Src/stm32h7xx_hal_pwr.c.obj
LOAD CMakeFiles/CtrlBoard-H7_IMU.elf.dir/Drivers/STM32H7xx_HAL_Driver/Src/stm32h7xx_hal_pwr_ex.c.obj
LOAD CMakeFiles/CtrlBoard-H7_IMU.elf.dir/Drivers/STM32H7xx_HAL_Driver/Src/stm32h7xx_hal_rcc.c.obj
LOAD CMakeFiles/CtrlBoard-H7_IMU.elf.dir/Drivers/STM32H7xx_HAL_Driver/Src/stm32h7xx_hal_rcc_ex.c.obj
LOAD CMakeFiles/CtrlBoard-H7_IMU.elf.dir/Drivers/STM32H7xx_HAL_Driver/Src/stm32h7xx_hal_spi.c.obj
LOAD CMakeFiles/CtrlBoard-H7_IMU.elf.dir/Drivers/STM32H7xx_HAL_Driver/Src/stm32h7xx_hal_spi_ex.c.obj
LOAD CMakeFiles/CtrlBoard-H7_IMU.elf.dir/Drivers/STM32H7xx_HAL_Driver/Src/stm32h7xx_hal_tim.c.obj
LOAD CMakeFiles/CtrlBoard-H7_IMU.elf.dir/Drivers/STM32H7xx_HAL_Driver/Src/stm32h7xx_hal_tim_ex.c.obj
LOAD CMakeFiles/CtrlBoard-H7_IMU.elf.dir/Middlewares/Third_Party/FreeRTOS/Source/CMSIS_RTOS/cmsis_os.c.obj
LOAD CMakeFiles/CtrlBoard-H7_IMU.elf.dir/Middlewares/Third_Party/FreeRTOS/Source/croutine.c.obj
LOAD CMakeFiles/CtrlBoard-H7_IMU.elf.dir/Middlewares/Third_Party/FreeRTOS/Source/event_groups.c.obj
LOAD CMakeFiles/CtrlBoard-H7_IMU.elf.dir/Middlewares/Third_Party/FreeRTOS/Source/list.c.obj
LOAD CMakeFiles/CtrlBoard-H7_IMU.elf.dir/Middlewares/Third_Party/FreeRTOS/Source/portable/GCC/ARM_CM4F/port.c.obj
LOAD CMakeFiles/CtrlBoard-H7_IMU.elf.dir/Middlewares/Third_Party/FreeRTOS/Source/portable/MemMang/heap_4.c.obj
LOAD CMakeFiles/CtrlBoard-H7_IMU.elf.dir/Middlewares/Third_Party/FreeRTOS/Source/queue.c.obj
LOAD CMakeFiles/CtrlBoard-H7_IMU.elf.dir/Middlewares/Third_Party/FreeRTOS/Source/stream_buffer.c.obj
LOAD CMakeFiles/CtrlBoard-H7_IMU.elf.dir/Middlewares/Third_Party/FreeRTOS/Source/tasks.c.obj
LOAD CMakeFiles/CtrlBoard-H7_IMU.elf.dir/Middlewares/Third_Party/FreeRTOS/Source/timers.c.obj
LOAD CMakeFiles/CtrlBoard-H7_IMU.elf.dir/User/APP/Extended_PID.c.obj
LOAD CMakeFiles/CtrlBoard-H7_IMU.elf.dir/User/APP/INS_task.c.obj
LOAD CMakeFiles/CtrlBoard-H7_IMU.elf.dir/User/APP/chassisL_task.c.obj
LOAD CMakeFiles/CtrlBoard-H7_IMU.elf.dir/User/APP/chassisR_task.c.obj
LOAD CMakeFiles/CtrlBoard-H7_IMU.elf.dir/User/APP/observe_task.c.obj
LOAD CMakeFiles/CtrlBoard-H7_IMU.elf.dir/User/APP/ps2_task.c.obj
LOAD CMakeFiles/CtrlBoard-H7_IMU.elf.dir/User/Algorithm/EKF/QuaternionEKF.c.obj
LOAD CMakeFiles/CtrlBoard-H7_IMU.elf.dir/User/Algorithm/PID/pid.c.obj
LOAD CMakeFiles/CtrlBoard-H7_IMU.elf.dir/User/Algorithm/VMC/VMC_calc.c.obj
LOAD CMakeFiles/CtrlBoard-H7_IMU.elf.dir/User/Algorithm/kalman/kalman_filter.c.obj
LOAD CMakeFiles/CtrlBoard-H7_IMU.elf.dir/User/Algorithm/mahony/mahony_filter.c.obj
LOAD CMakeFiles/CtrlBoard-H7_IMU.elf.dir/User/Bsp/bsp_PWM.c.obj
LOAD CMakeFiles/CtrlBoard-H7_IMU.elf.dir/User/Bsp/bsp_dwt.c.obj
LOAD CMakeFiles/CtrlBoard-H7_IMU.elf.dir/User/Bsp/can_bsp.c.obj
LOAD CMakeFiles/CtrlBoard-H7_IMU.elf.dir/User/Controller/controller.c.obj
LOAD CMakeFiles/CtrlBoard-H7_IMU.elf.dir/User/Devices/BMI088/BMI088Middleware.c.obj
LOAD CMakeFiles/CtrlBoard-H7_IMU.elf.dir/User/Devices/BMI088/BMI088driver.c.obj
LOAD CMakeFiles/CtrlBoard-H7_IMU.elf.dir/User/Devices/DM_Motor/dm4310_drv.c.obj
LOAD CMakeFiles/CtrlBoard-H7_IMU.elf.dir/User/Lib/user_lib.c.obj
START GROUP
LOAD c:/progra~2/armgnu~1/12977f~1.2mp/bin/../lib/gcc/arm-none-eabi/12.2.1/thumb/v7e-m+fp/hard\libgcc.a
LOAD c:/progra~2/armgnu~1/12977f~1.2mp/bin/../lib/gcc/arm-none-eabi/12.2.1/thumb/v7e-m+fp/hard\libg.a
LOAD c:/progra~2/armgnu~1/12977f~1.2mp/bin/../lib/gcc/arm-none-eabi/12.2.1/thumb/v7e-m+fp/hard\libc.a
END GROUP
LOAD c:/progra~2/armgnu~1/12977f~1.2mp/bin/../lib/gcc/arm-none-eabi/12.2.1/thumb/v7e-m+fp/hard/crtend.o
LOAD c:/progra~2/armgnu~1/12977f~1.2mp/bin/../lib/gcc/arm-none-eabi/12.2.1/thumb/v7e-m+fp/hard/crtn.o
                0x24050000                        _estack = (ORIGIN (RAM_D1) + LENGTH (RAM_D1))
                0x00000200                        _Min_Heap_Size = 0x200
                0x00000800                        _Min_Stack_Size = 0x800

.isr_vector     0x08000000      0x2cc
                0x08000000                        . = ALIGN (0x4)
 *(.isr_vector)
 .isr_vector    0x08000000      0x2cc CMakeFiles/CtrlBoard-H7_IMU.elf.dir/Core/Startup/startup_stm32h723vgtx.s.obj
                0x08000000                g_pfnVectors
                0x080002cc                        . = ALIGN (0x4)

.text           0x080002d0     0xa120
                0x080002d0                        . = ALIGN (0x4)
 *(.text)
 .text          0x080002d0      0x378 c:/progra~2/armgnu~1/12977f~1.2mp/bin/../lib/gcc/arm-none-eabi/12.2.1/thumb/v7e-m+fp/hard\libgcc.a(_arm_addsubdf3.o)
                0x080002d0                __aeabi_drsub
                0x080002d8                __aeabi_dsub
                0x080002d8                __subdf3
                0x080002dc                __aeabi_dadd
                0x080002dc                __adddf3
                0x08000554                __floatunsidf
                0x08000554                __aeabi_ui2d
                0x08000574                __floatsidf
                0x08000574                __aeabi_i2d
                0x08000598                __aeabi_f2d
                0x08000598                __extendsfdf2
                0x080005dc                __floatundidf
                0x080005dc                __aeabi_ul2d
                0x080005ec                __floatdidf
                0x080005ec                __aeabi_l2d
 .text          0x08000648      0x424 c:/progra~2/armgnu~1/12977f~1.2mp/bin/../lib/gcc/arm-none-eabi/12.2.1/thumb/v7e-m+fp/hard\libgcc.a(_arm_muldivdf3.o)
                0x08000648                __aeabi_dmul
                0x08000648                __muldf3
                0x0800089c                __divdf3
                0x0800089c                __aeabi_ddiv
 .text          0x08000a6c       0xa0 c:/progra~2/armgnu~1/12977f~1.2mp/bin/../lib/gcc/arm-none-eabi/12.2.1/thumb/v7e-m+fp/hard\libgcc.a(_arm_truncdfsf2.o)
                0x08000a6c                __truncdfsf2
                0x08000a6c                __aeabi_d2f
 .text          0x08000b0c       0x30 c:/progra~2/armgnu~1/12977f~1.2mp/bin/../lib/gcc/arm-none-eabi/12.2.1/thumb/v7e-m+fp/hard\libgcc.a(_aeabi_uldivmod.o)
                0x08000b0c                __aeabi_uldivmod
 .text          0x08000b3c        0x4 c:/progra~2/armgnu~1/12977f~1.2mp/bin/../lib/gcc/arm-none-eabi/12.2.1/thumb/v7e-m+fp/hard\libgcc.a(_dvmd_tls.o)
                0x08000b3c                __aeabi_idiv0
                0x08000b3c                __aeabi_ldiv0
 .text          0x08000b40      0x134 c:/progra~2/armgnu~1/12977f~1.2mp/bin/../lib/gcc/arm-none-eabi/12.2.1/thumb/v7e-m+fp/hard\libg.a(libc_a-memcpy.o)
                0x08000b40                memcpy
 .text          0x08000c74      0x110 c:/progra~2/armgnu~1/12977f~1.2mp/bin/../lib/gcc/arm-none-eabi/12.2.1/thumb/v7e-m+fp/hard\libgcc.a(_arm_cmpdf2.o)
                0x08000c74                __gtdf2
                0x08000c74                __gedf2
                0x08000c7c                __ltdf2
                0x08000c7c                __ledf2
                0x08000c84                __nedf2
                0x08000c84                __eqdf2
                0x08000c84                __cmpdf2
                0x08000d00                __aeabi_cdrcmple
                0x08000d10                __aeabi_cdcmpeq
                0x08000d10                __aeabi_cdcmple
                0x08000d20                __aeabi_dcmpeq
                0x08000d34                __aeabi_dcmplt
                0x08000d48                __aeabi_dcmple
                0x08000d5c                __aeabi_dcmpge
                0x08000d70                __aeabi_dcmpgt
 .text          0x08000d84       0x2c c:/progra~2/armgnu~1/12977f~1.2mp/bin/../lib/gcc/arm-none-eabi/12.2.1/thumb/v7e-m+fp/hard\libgcc.a(_arm_unorddf2.o)
                0x08000d84                __unorddf2
                0x08000d84                __aeabi_dcmpun
 *(.text*)
 .text.deregister_tm_clones
                0x08000db0       0x1c c:/progra~2/armgnu~1/12977f~1.2mp/bin/../lib/gcc/arm-none-eabi/12.2.1/thumb/v7e-m+fp/hard/crtbegin.o
 .text.register_tm_clones
                0x08000dcc       0x24 c:/progra~2/armgnu~1/12977f~1.2mp/bin/../lib/gcc/arm-none-eabi/12.2.1/thumb/v7e-m+fp/hard/crtbegin.o
 .text.__do_global_dtors_aux
                0x08000df0       0x28 c:/progra~2/armgnu~1/12977f~1.2mp/bin/../lib/gcc/arm-none-eabi/12.2.1/thumb/v7e-m+fp/hard/crtbegin.o
 .text.frame_dummy
                0x08000e18       0x24 c:/progra~2/armgnu~1/12977f~1.2mp/bin/../lib/gcc/arm-none-eabi/12.2.1/thumb/v7e-m+fp/hard/crtbegin.o
 .text.MX_DMA_Init
                0x08000e3c       0x48 CMakeFiles/CtrlBoard-H7_IMU.elf.dir/Core/Src/dma.c.obj
                0x08000e3c                MX_DMA_Init
 .text.MX_FDCAN1_Init
                0x08000e84       0x60 CMakeFiles/CtrlBoard-H7_IMU.elf.dir/Core/Src/fdcan.c.obj
                0x08000e84                MX_FDCAN1_Init
 .text.MX_FDCAN2_Init
                0x08000ee4       0x68 CMakeFiles/CtrlBoard-H7_IMU.elf.dir/Core/Src/fdcan.c.obj
                0x08000ee4                MX_FDCAN2_Init
 .text.MX_FDCAN3_Init
                0x08000f4c       0x68 CMakeFiles/CtrlBoard-H7_IMU.elf.dir/Core/Src/fdcan.c.obj
                0x08000f4c                MX_FDCAN3_Init
 .text.HAL_FDCAN_MspInit
                0x08000fb4      0x180 CMakeFiles/CtrlBoard-H7_IMU.elf.dir/Core/Src/fdcan.c.obj
                0x08000fb4                HAL_FDCAN_MspInit
 .text.StartDefaultTask
                0x08001134        0xa CMakeFiles/CtrlBoard-H7_IMU.elf.dir/Core/Src/freertos.c.obj
                0x08001134                StartDefaultTask
 .text.INS_Task
                0x0800113e        0x8 CMakeFiles/CtrlBoard-H7_IMU.elf.dir/Core/Src/freertos.c.obj
                0x0800113e                INS_Task
 .text.ExtendedPID_Task
                0x08001146        0x8 CMakeFiles/CtrlBoard-H7_IMU.elf.dir/Core/Src/freertos.c.obj
                0x08001146                ExtendedPID_Task
 *fill*         0x0800114e        0x2 
 .text.MX_FREERTOS_Init
                0x08001150       0x84 CMakeFiles/CtrlBoard-H7_IMU.elf.dir/Core/Src/freertos.c.obj
                0x08001150                MX_FREERTOS_Init
 .text.MX_GPIO_Init
                0x080011d4      0x16c CMakeFiles/CtrlBoard-H7_IMU.elf.dir/Core/Src/gpio.c.obj
                0x080011d4                MX_GPIO_Init
 .text.HAL_TIM_PeriodElapsedCallback
                0x08001340       0x12 CMakeFiles/CtrlBoard-H7_IMU.elf.dir/Core/Src/main.c.obj
                0x08001340                HAL_TIM_PeriodElapsedCallback
 .text.Error_Handler
                0x08001352        0x4 CMakeFiles/CtrlBoard-H7_IMU.elf.dir/Core/Src/main.c.obj
                0x08001352                Error_Handler
 *fill*         0x08001356        0x2 
 .text.SystemClock_Config
                0x08001358       0xa8 CMakeFiles/CtrlBoard-H7_IMU.elf.dir/Core/Src/main.c.obj
                0x08001358                SystemClock_Config
 .text.PeriphCommonClock_Config
                0x08001400       0x44 CMakeFiles/CtrlBoard-H7_IMU.elf.dir/Core/Src/main.c.obj
                0x08001400                PeriphCommonClock_Config
 .text.main     0x08001444       0x74 CMakeFiles/CtrlBoard-H7_IMU.elf.dir/Core/Src/main.c.obj
                0x08001444                main
 .text.MX_SPI2_Init
                0x080014b8       0x60 CMakeFiles/CtrlBoard-H7_IMU.elf.dir/Core/Src/spi.c.obj
                0x080014b8                MX_SPI2_Init
 .text.HAL_SPI_MspInit
                0x08001518      0x164 CMakeFiles/CtrlBoard-H7_IMU.elf.dir/Core/Src/spi.c.obj
                0x08001518                HAL_SPI_MspInit
 .text.HAL_MspInit
                0x0800167c       0x34 CMakeFiles/CtrlBoard-H7_IMU.elf.dir/Core/Src/stm32h7xx_hal_msp.c.obj
                0x0800167c                HAL_MspInit
 .text.HAL_InitTick
                0x080016b0       0x9c CMakeFiles/CtrlBoard-H7_IMU.elf.dir/Core/Src/stm32h7xx_hal_timebase_tim.c.obj
                0x080016b0                HAL_InitTick
 .text.NMI_Handler
                0x0800174c        0x2 CMakeFiles/CtrlBoard-H7_IMU.elf.dir/Core/Src/stm32h7xx_it.c.obj
                0x0800174c                NMI_Handler
 .text.HardFault_Handler
                0x0800174e        0x2 CMakeFiles/CtrlBoard-H7_IMU.elf.dir/Core/Src/stm32h7xx_it.c.obj
                0x0800174e                HardFault_Handler
 .text.MemManage_Handler
                0x08001750        0x2 CMakeFiles/CtrlBoard-H7_IMU.elf.dir/Core/Src/stm32h7xx_it.c.obj
                0x08001750                MemManage_Handler
 .text.BusFault_Handler
                0x08001752        0x2 CMakeFiles/CtrlBoard-H7_IMU.elf.dir/Core/Src/stm32h7xx_it.c.obj
                0x08001752                BusFault_Handler
 .text.UsageFault_Handler
                0x08001754        0x2 CMakeFiles/CtrlBoard-H7_IMU.elf.dir/Core/Src/stm32h7xx_it.c.obj
                0x08001754                UsageFault_Handler
 .text.DebugMon_Handler
                0x08001756        0x2 CMakeFiles/CtrlBoard-H7_IMU.elf.dir/Core/Src/stm32h7xx_it.c.obj
                0x08001756                DebugMon_Handler
 .text.DMA1_Stream0_IRQHandler
                0x08001758       0x10 CMakeFiles/CtrlBoard-H7_IMU.elf.dir/Core/Src/stm32h7xx_it.c.obj
                0x08001758                DMA1_Stream0_IRQHandler
 .text.DMA1_Stream1_IRQHandler
                0x08001768       0x10 CMakeFiles/CtrlBoard-H7_IMU.elf.dir/Core/Src/stm32h7xx_it.c.obj
                0x08001768                DMA1_Stream1_IRQHandler
 .text.FDCAN1_IT0_IRQHandler
                0x08001778       0x10 CMakeFiles/CtrlBoard-H7_IMU.elf.dir/Core/Src/stm32h7xx_it.c.obj
                0x08001778                FDCAN1_IT0_IRQHandler
 .text.FDCAN2_IT0_IRQHandler
                0x08001788       0x10 CMakeFiles/CtrlBoard-H7_IMU.elf.dir/Core/Src/stm32h7xx_it.c.obj
                0x08001788                FDCAN2_IT0_IRQHandler
 .text.TIM2_IRQHandler
                0x08001798       0x10 CMakeFiles/CtrlBoard-H7_IMU.elf.dir/Core/Src/stm32h7xx_it.c.obj
                0x08001798                TIM2_IRQHandler
 .text.SPI2_IRQHandler
                0x080017a8       0x10 CMakeFiles/CtrlBoard-H7_IMU.elf.dir/Core/Src/stm32h7xx_it.c.obj
                0x080017a8                SPI2_IRQHandler
 .text.FDCAN3_IT0_IRQHandler
                0x080017b8       0x10 CMakeFiles/CtrlBoard-H7_IMU.elf.dir/Core/Src/stm32h7xx_it.c.obj
                0x080017b8                FDCAN3_IT0_IRQHandler
 .text.SystemInit
                0x080017c8       0xac CMakeFiles/CtrlBoard-H7_IMU.elf.dir/Core/Src/system_stm32h7xx.c.obj
                0x080017c8                SystemInit
 .text.HAL_TIM_PWM_MspInit
                0x08001874       0x34 CMakeFiles/CtrlBoard-H7_IMU.elf.dir/Core/Src/tim.c.obj
                0x08001874                HAL_TIM_PWM_MspInit
 .text.HAL_TIM_MspPostInit
                0x080018a8       0x58 CMakeFiles/CtrlBoard-H7_IMU.elf.dir/Core/Src/tim.c.obj
                0x080018a8                HAL_TIM_MspPostInit
 .text.MX_TIM3_Init
                0x08001900       0x88 CMakeFiles/CtrlBoard-H7_IMU.elf.dir/Core/Src/tim.c.obj
                0x08001900                MX_TIM3_Init
 .text.Reset_Handler
                0x08001988       0x50 CMakeFiles/CtrlBoard-H7_IMU.elf.dir/Core/Startup/startup_stm32h723vgtx.s.obj
                0x08001988                Reset_Handler
 .text.Default_Handler
                0x080019d8        0x2 CMakeFiles/CtrlBoard-H7_IMU.elf.dir/Core/Startup/startup_stm32h723vgtx.s.obj
                0x080019d8                RTC_Alarm_IRQHandler
                0x080019d8                EXTI2_IRQHandler
                0x080019d8                TIM8_CC_IRQHandler
                0x080019d8                UART8_IRQHandler
                0x080019d8                SPI4_IRQHandler
                0x080019d8                TIM1_CC_IRQHandler
                0x080019d8                BDMA_Channel6_IRQHandler
                0x080019d8                DMA2_Stream5_IRQHandler
                0x080019d8                DMA1_Stream5_IRQHandler
                0x080019d8                CORDIC_IRQHandler
                0x080019d8                BDMA_Channel1_IRQHandler
                0x080019d8                TAMP_STAMP_IRQHandler
                0x080019d8                EXTI3_IRQHandler
                0x080019d8                LPTIM4_IRQHandler
                0x080019d8                TIM8_TRG_COM_TIM14_IRQHandler
                0x080019d8                LPTIM2_IRQHandler
                0x080019d8                DFSDM1_FLT1_IRQHandler
                0x080019d8                DMAMUX2_OVR_IRQHandler
                0x080019d8                TIM8_UP_TIM13_IRQHandler
                0x080019d8                I2C3_ER_IRQHandler
                0x080019d8                DFSDM1_FLT2_IRQHandler
                0x080019d8                I2C5_EV_IRQHandler
                0x080019d8                USART10_IRQHandler
                0x080019d8                MDMA_IRQHandler
                0x080019d8                LPTIM3_IRQHandler
                0x080019d8                HSEM1_IRQHandler
                0x080019d8                EXTI0_IRQHandler
                0x080019d8                I2C2_EV_IRQHandler
                0x080019d8                DMA1_Stream2_IRQHandler
                0x080019d8                FPU_IRQHandler
                0x080019d8                OTG_HS_WKUP_IRQHandler
                0x080019d8                FDCAN1_IT1_IRQHandler
                0x080019d8                LTDC_ER_IRQHandler
                0x080019d8                DMA2_Stream2_IRQHandler
                0x080019d8                SPI1_IRQHandler
                0x080019d8                OCTOSPI1_IRQHandler
                0x080019d8                TIM6_DAC_IRQHandler
                0x080019d8                DMA2_Stream3_IRQHandler
                0x080019d8                OCTOSPI2_IRQHandler
                0x080019d8                DFSDM1_FLT3_IRQHandler
                0x080019d8                TIM23_IRQHandler
                0x080019d8                USART6_IRQHandler
                0x080019d8                TIM17_IRQHandler
                0x080019d8                USART3_IRQHandler
                0x080019d8                BDMA_Channel7_IRQHandler
                0x080019d8                LPTIM5_IRQHandler
                0x080019d8                UART5_IRQHandler
                0x080019d8                ADC3_IRQHandler
                0x080019d8                DMA2_Stream0_IRQHandler
                0x080019d8                TIM4_IRQHandler
                0x080019d8                BDMA_Channel2_IRQHandler
                0x080019d8                I2C1_EV_IRQHandler
                0x080019d8                DMA1_Stream6_IRQHandler
                0x080019d8                DMAMUX1_OVR_IRQHandler
                0x080019d8                TIM16_IRQHandler
                0x080019d8                UART4_IRQHandler
                0x080019d8                BDMA_Channel5_IRQHandler
                0x080019d8                TIM3_IRQHandler
                0x080019d8                RCC_IRQHandler
                0x080019d8                UART9_IRQHandler
                0x080019d8                TIM8_BRK_TIM12_IRQHandler
                0x080019d8                TIM1_TRG_COM_IRQHandler
                0x080019d8                Default_Handler
                0x080019d8                ECC_IRQHandler
                0x080019d8                FMAC_IRQHandler
                0x080019d8                CEC_IRQHandler
                0x080019d8                EXTI15_10_IRQHandler
                0x080019d8                BDMA_Channel0_IRQHandler
                0x080019d8                ADC_IRQHandler
                0x080019d8                I2C5_ER_IRQHandler
                0x080019d8                DMA1_Stream7_IRQHandler
                0x080019d8                SPI5_IRQHandler
                0x080019d8                TIM7_IRQHandler
                0x080019d8                FDCAN3_IT1_IRQHandler
                0x080019d8                SDMMC1_IRQHandler
                0x080019d8                TIM5_IRQHandler
                0x080019d8                DMA2_Stream7_IRQHandler
                0x080019d8                TIM15_IRQHandler
                0x080019d8                PVD_AVD_IRQHandler
                0x080019d8                I2C3_EV_IRQHandler
                0x080019d8                EXTI9_5_IRQHandler
                0x080019d8                RTC_WKUP_IRQHandler
                0x080019d8                LTDC_IRQHandler
                0x080019d8                ETH_WKUP_IRQHandler
                0x080019d8                SPDIF_RX_IRQHandler
                0x080019d8                OTG_HS_EP1_IN_IRQHandler
                0x080019d8                TIM24_IRQHandler
                0x080019d8                CRS_IRQHandler
                0x080019d8                EXTI4_IRQHandler
                0x080019d8                RNG_IRQHandler
                0x080019d8                FDCAN2_IT1_IRQHandler
                0x080019d8                ETH_IRQHandler
                0x080019d8                TIM1_UP_IRQHandler
                0x080019d8                BDMA_Channel4_IRQHandler
                0x080019d8                OTG_HS_EP1_OUT_IRQHandler
                0x080019d8                WWDG_IRQHandler
                0x080019d8                SPI6_IRQHandler
                0x080019d8                MDIOS_IRQHandler
                0x080019d8                I2C4_EV_IRQHandler
                0x080019d8                LPUART1_IRQHandler
                0x080019d8                OTG_HS_IRQHandler
                0x080019d8                DMA2D_IRQHandler
                0x080019d8                TIM1_BRK_IRQHandler
                0x080019d8                EXTI1_IRQHandler
                0x080019d8                SDMMC2_IRQHandler
                0x080019d8                BDMA_Channel3_IRQHandler
                0x080019d8                DTS_IRQHandler
                0x080019d8                UART7_IRQHandler
                0x080019d8                MDIOS_WKUP_IRQHandler
                0x080019d8                USART2_IRQHandler
                0x080019d8                DFSDM1_FLT0_IRQHandler
                0x080019d8                SAI4_IRQHandler
                0x080019d8                I2C2_ER_IRQHandler
                0x080019d8                DMA2_Stream1_IRQHandler
                0x080019d8                FLASH_IRQHandler
                0x080019d8                DMA2_Stream4_IRQHandler
                0x080019d8                USART1_IRQHandler
                0x080019d8                SPI3_IRQHandler
                0x080019d8                WAKEUP_PIN_IRQHandler
                0x080019d8                DMA1_Stream4_IRQHandler
                0x080019d8                I2C1_ER_IRQHandler
                0x080019d8                FMC_IRQHandler
                0x080019d8                FDCAN_CAL_IRQHandler
                0x080019d8                SWPMI1_IRQHandler
                0x080019d8                COMP1_IRQHandler
                0x080019d8                LPTIM1_IRQHandler
                0x080019d8                DCMI_PSSI_IRQHandler
                0x080019d8                I2C4_ER_IRQHandler
                0x080019d8                DMA2_Stream6_IRQHandler
                0x080019d8                SAI1_IRQHandler
                0x080019d8                DMA1_Stream3_IRQHandler
 *fill*         0x080019da        0x2 
 .text.HAL_Init
                0x080019dc       0x5c CMakeFiles/CtrlBoard-H7_IMU.elf.dir/Drivers/STM32H7xx_HAL_Driver/Src/stm32h7xx_hal.c.obj
                0x080019dc                HAL_Init
 .text.HAL_IncTick
                0x08001a38       0x18 CMakeFiles/CtrlBoard-H7_IMU.elf.dir/Drivers/STM32H7xx_HAL_Driver/Src/stm32h7xx_hal.c.obj
                0x08001a38                HAL_IncTick
 .text.HAL_GetTick
                0x08001a50        0xc CMakeFiles/CtrlBoard-H7_IMU.elf.dir/Drivers/STM32H7xx_HAL_Driver/Src/stm32h7xx_hal.c.obj
                0x08001a50                HAL_GetTick
 .text.HAL_Delay
                0x08001a5c       0x28 CMakeFiles/CtrlBoard-H7_IMU.elf.dir/Drivers/STM32H7xx_HAL_Driver/Src/stm32h7xx_hal.c.obj
                0x08001a5c                HAL_Delay
 .text.__NVIC_EnableIRQ
                0x08001a84       0x1c CMakeFiles/CtrlBoard-H7_IMU.elf.dir/Drivers/STM32H7xx_HAL_Driver/Src/stm32h7xx_hal_cortex.c.obj
 .text.__NVIC_SetPriority
                0x08001aa0       0x24 CMakeFiles/CtrlBoard-H7_IMU.elf.dir/Drivers/STM32H7xx_HAL_Driver/Src/stm32h7xx_hal_cortex.c.obj
 .text.NVIC_EncodePriority
                0x08001ac4       0x3e CMakeFiles/CtrlBoard-H7_IMU.elf.dir/Drivers/STM32H7xx_HAL_Driver/Src/stm32h7xx_hal_cortex.c.obj
 *fill*         0x08001b02        0x2 
 .text.HAL_NVIC_SetPriorityGrouping
                0x08001b04       0x24 CMakeFiles/CtrlBoard-H7_IMU.elf.dir/Drivers/STM32H7xx_HAL_Driver/Src/stm32h7xx_hal_cortex.c.obj
                0x08001b04                HAL_NVIC_SetPriorityGrouping
 .text.HAL_NVIC_SetPriority
                0x08001b28       0x20 CMakeFiles/CtrlBoard-H7_IMU.elf.dir/Drivers/STM32H7xx_HAL_Driver/Src/stm32h7xx_hal_cortex.c.obj
                0x08001b28                HAL_NVIC_SetPriority
 .text.HAL_NVIC_EnableIRQ
                0x08001b48        0x8 CMakeFiles/CtrlBoard-H7_IMU.elf.dir/Drivers/STM32H7xx_HAL_Driver/Src/stm32h7xx_hal_cortex.c.obj
                0x08001b48                HAL_NVIC_EnableIRQ
 .text.DMA_CalcBaseAndBitshift
                0x08001b50       0xb4 CMakeFiles/CtrlBoard-H7_IMU.elf.dir/Drivers/STM32H7xx_HAL_Driver/Src/stm32h7xx_hal_dma.c.obj
 .text.DMA_CheckFifoParam
                0x08001c04       0x92 CMakeFiles/CtrlBoard-H7_IMU.elf.dir/Drivers/STM32H7xx_HAL_Driver/Src/stm32h7xx_hal_dma.c.obj
 *fill*         0x08001c96        0x2 
 .text.DMA_CalcDMAMUXChannelBaseAndMask
                0x08001c98       0xac CMakeFiles/CtrlBoard-H7_IMU.elf.dir/Drivers/STM32H7xx_HAL_Driver/Src/stm32h7xx_hal_dma.c.obj
 .text.DMA_CalcDMAMUXRequestGenBaseAndMask
                0x08001d44       0x7c CMakeFiles/CtrlBoard-H7_IMU.elf.dir/Drivers/STM32H7xx_HAL_Driver/Src/stm32h7xx_hal_dma.c.obj
 .text.HAL_DMA_Init
                0x08001dc0      0x394 CMakeFiles/CtrlBoard-H7_IMU.elf.dir/Drivers/STM32H7xx_HAL_Driver/Src/stm32h7xx_hal_dma.c.obj
                0x08001dc0                HAL_DMA_Init
 .text.HAL_DMA_Abort_IT
                0x08002154      0x270 CMakeFiles/CtrlBoard-H7_IMU.elf.dir/Drivers/STM32H7xx_HAL_Driver/Src/stm32h7xx_hal_dma.c.obj
                0x08002154                HAL_DMA_Abort_IT
 .text.HAL_DMA_IRQHandler
                0x080023c4      0x738 CMakeFiles/CtrlBoard-H7_IMU.elf.dir/Drivers/STM32H7xx_HAL_Driver/Src/stm32h7xx_hal_dma.c.obj
                0x080023c4                HAL_DMA_IRQHandler
 .text.FDCAN_CalcultateRamBlockAddresses
                0x08002afc      0x1d4 CMakeFiles/CtrlBoard-H7_IMU.elf.dir/Drivers/STM32H7xx_HAL_Driver/Src/stm32h7xx_hal_fdcan.c.obj
 .text.FDCAN_CopyMessageToRAM
                0x08002cd0       0x88 CMakeFiles/CtrlBoard-H7_IMU.elf.dir/Drivers/STM32H7xx_HAL_Driver/Src/stm32h7xx_hal_fdcan.c.obj
 .text.HAL_FDCAN_Init
                0x08002d58      0x294 CMakeFiles/CtrlBoard-H7_IMU.elf.dir/Drivers/STM32H7xx_HAL_Driver/Src/stm32h7xx_hal_fdcan.c.obj
                0x08002d58                HAL_FDCAN_Init
 .text.HAL_FDCAN_ConfigFilter
                0x08002fec       0x88 CMakeFiles/CtrlBoard-H7_IMU.elf.dir/Drivers/STM32H7xx_HAL_Driver/Src/stm32h7xx_hal_fdcan.c.obj
                0x08002fec                HAL_FDCAN_ConfigFilter
 .text.HAL_FDCAN_ConfigGlobalFilter
                0x08003074       0x36 CMakeFiles/CtrlBoard-H7_IMU.elf.dir/Drivers/STM32H7xx_HAL_Driver/Src/stm32h7xx_hal_fdcan.c.obj
                0x08003074                HAL_FDCAN_ConfigGlobalFilter
 .text.HAL_FDCAN_Start
                0x080030aa       0x34 CMakeFiles/CtrlBoard-H7_IMU.elf.dir/Drivers/STM32H7xx_HAL_Driver/Src/stm32h7xx_hal_fdcan.c.obj
                0x080030aa                HAL_FDCAN_Start
 .text.HAL_FDCAN_AddMessageToTxFifoQ
                0x080030de       0x76 CMakeFiles/CtrlBoard-H7_IMU.elf.dir/Drivers/STM32H7xx_HAL_Driver/Src/stm32h7xx_hal_fdcan.c.obj
                0x080030de                HAL_FDCAN_AddMessageToTxFifoQ
 .text.HAL_FDCAN_GetRxMessage
                0x08003154      0x1dc CMakeFiles/CtrlBoard-H7_IMU.elf.dir/Drivers/STM32H7xx_HAL_Driver/Src/stm32h7xx_hal_fdcan.c.obj
                0x08003154                HAL_FDCAN_GetRxMessage
 .text.HAL_FDCAN_ActivateNotification
                0x08003330       0x90 CMakeFiles/CtrlBoard-H7_IMU.elf.dir/Drivers/STM32H7xx_HAL_Driver/Src/stm32h7xx_hal_fdcan.c.obj
                0x08003330                HAL_FDCAN_ActivateNotification
 .text.HAL_FDCAN_ClockCalibrationCallback
                0x080033c0        0x2 CMakeFiles/CtrlBoard-H7_IMU.elf.dir/Drivers/STM32H7xx_HAL_Driver/Src/stm32h7xx_hal_fdcan.c.obj
                0x080033c0                HAL_FDCAN_ClockCalibrationCallback
 .text.HAL_FDCAN_TxEventFifoCallback
                0x080033c2        0x2 CMakeFiles/CtrlBoard-H7_IMU.elf.dir/Drivers/STM32H7xx_HAL_Driver/Src/stm32h7xx_hal_fdcan.c.obj
                0x080033c2                HAL_FDCAN_TxEventFifoCallback
 .text.HAL_FDCAN_TxFifoEmptyCallback
                0x080033c4        0x2 CMakeFiles/CtrlBoard-H7_IMU.elf.dir/Drivers/STM32H7xx_HAL_Driver/Src/stm32h7xx_hal_fdcan.c.obj
                0x080033c4                HAL_FDCAN_TxFifoEmptyCallback
 .text.HAL_FDCAN_TxBufferCompleteCallback
                0x080033c6        0x2 CMakeFiles/CtrlBoard-H7_IMU.elf.dir/Drivers/STM32H7xx_HAL_Driver/Src/stm32h7xx_hal_fdcan.c.obj
                0x080033c6                HAL_FDCAN_TxBufferCompleteCallback
 .text.HAL_FDCAN_TxBufferAbortCallback
                0x080033c8        0x2 CMakeFiles/CtrlBoard-H7_IMU.elf.dir/Drivers/STM32H7xx_HAL_Driver/Src/stm32h7xx_hal_fdcan.c.obj
                0x080033c8                HAL_FDCAN_TxBufferAbortCallback
 .text.HAL_FDCAN_RxBufferNewMessageCallback
                0x080033ca        0x2 CMakeFiles/CtrlBoard-H7_IMU.elf.dir/Drivers/STM32H7xx_HAL_Driver/Src/stm32h7xx_hal_fdcan.c.obj
                0x080033ca                HAL_FDCAN_RxBufferNewMessageCallback
 .text.HAL_FDCAN_TimestampWraparoundCallback
                0x080033cc        0x2 CMakeFiles/CtrlBoard-H7_IMU.elf.dir/Drivers/STM32H7xx_HAL_Driver/Src/stm32h7xx_hal_fdcan.c.obj
                0x080033cc                HAL_FDCAN_TimestampWraparoundCallback
 .text.HAL_FDCAN_TimeoutOccurredCallback
                0x080033ce        0x2 CMakeFiles/CtrlBoard-H7_IMU.elf.dir/Drivers/STM32H7xx_HAL_Driver/Src/stm32h7xx_hal_fdcan.c.obj
                0x080033ce                HAL_FDCAN_TimeoutOccurredCallback
 .text.HAL_FDCAN_HighPriorityMessageCallback
                0x080033d0        0x2 CMakeFiles/CtrlBoard-H7_IMU.elf.dir/Drivers/STM32H7xx_HAL_Driver/Src/stm32h7xx_hal_fdcan.c.obj
                0x080033d0                HAL_FDCAN_HighPriorityMessageCallback
 .text.HAL_FDCAN_ErrorCallback
                0x080033d2        0x2 CMakeFiles/CtrlBoard-H7_IMU.elf.dir/Drivers/STM32H7xx_HAL_Driver/Src/stm32h7xx_hal_fdcan.c.obj
                0x080033d2                HAL_FDCAN_ErrorCallback
 .text.HAL_FDCAN_ErrorStatusCallback
                0x080033d4        0x2 CMakeFiles/CtrlBoard-H7_IMU.elf.dir/Drivers/STM32H7xx_HAL_Driver/Src/stm32h7xx_hal_fdcan.c.obj
                0x080033d4                HAL_FDCAN_ErrorStatusCallback
 .text.HAL_FDCAN_TT_ScheduleSyncCallback
                0x080033d6        0x2 CMakeFiles/CtrlBoard-H7_IMU.elf.dir/Drivers/STM32H7xx_HAL_Driver/Src/stm32h7xx_hal_fdcan.c.obj
                0x080033d6                HAL_FDCAN_TT_ScheduleSyncCallback
 .text.HAL_FDCAN_TT_TimeMarkCallback
                0x080033d8        0x2 CMakeFiles/CtrlBoard-H7_IMU.elf.dir/Drivers/STM32H7xx_HAL_Driver/Src/stm32h7xx_hal_fdcan.c.obj
                0x080033d8                HAL_FDCAN_TT_TimeMarkCallback
 .text.HAL_FDCAN_TT_StopWatchCallback
                0x080033da        0x2 CMakeFiles/CtrlBoard-H7_IMU.elf.dir/Drivers/STM32H7xx_HAL_Driver/Src/stm32h7xx_hal_fdcan.c.obj
                0x080033da                HAL_FDCAN_TT_StopWatchCallback
 .text.HAL_FDCAN_TT_GlobalTimeCallback
                0x080033dc        0x2 CMakeFiles/CtrlBoard-H7_IMU.elf.dir/Drivers/STM32H7xx_HAL_Driver/Src/stm32h7xx_hal_fdcan.c.obj
                0x080033dc                HAL_FDCAN_TT_GlobalTimeCallback
 *fill*         0x080033de        0x2 
 .text.HAL_FDCAN_IRQHandler
                0x080033e0      0x31c CMakeFiles/CtrlBoard-H7_IMU.elf.dir/Drivers/STM32H7xx_HAL_Driver/Src/stm32h7xx_hal_fdcan.c.obj
                0x080033e0                HAL_FDCAN_IRQHandler
 .text.HAL_GPIO_Init
                0x080036fc      0x214 CMakeFiles/CtrlBoard-H7_IMU.elf.dir/Drivers/STM32H7xx_HAL_Driver/Src/stm32h7xx_hal_gpio.c.obj
                0x080036fc                HAL_GPIO_Init
 .text.HAL_GPIO_WritePin
                0x08003910        0xc CMakeFiles/CtrlBoard-H7_IMU.elf.dir/Drivers/STM32H7xx_HAL_Driver/Src/stm32h7xx_hal_gpio.c.obj
                0x08003910                HAL_GPIO_WritePin
 .text.HAL_PWREx_ConfigSupply
                0x0800391c       0x54 CMakeFiles/CtrlBoard-H7_IMU.elf.dir/Drivers/STM32H7xx_HAL_Driver/Src/stm32h7xx_hal_pwr_ex.c.obj
                0x0800391c                HAL_PWREx_ConfigSupply
 .text.HAL_RCC_OscConfig
                0x08003970      0x5ec CMakeFiles/CtrlBoard-H7_IMU.elf.dir/Drivers/STM32H7xx_HAL_Driver/Src/stm32h7xx_hal_rcc.c.obj
                0x08003970                HAL_RCC_OscConfig
 .text.HAL_RCC_GetSysClockFreq
                0x08003f5c      0x1f4 CMakeFiles/CtrlBoard-H7_IMU.elf.dir/Drivers/STM32H7xx_HAL_Driver/Src/stm32h7xx_hal_rcc.c.obj
                0x08003f5c                HAL_RCC_GetSysClockFreq
 .text.HAL_RCC_ClockConfig
                0x08004150      0x294 CMakeFiles/CtrlBoard-H7_IMU.elf.dir/Drivers/STM32H7xx_HAL_Driver/Src/stm32h7xx_hal_rcc.c.obj
                0x08004150                HAL_RCC_ClockConfig
 .text.HAL_RCC_GetHCLKFreq
                0x080043e4       0x44 CMakeFiles/CtrlBoard-H7_IMU.elf.dir/Drivers/STM32H7xx_HAL_Driver/Src/stm32h7xx_hal_rcc.c.obj
                0x080043e4                HAL_RCC_GetHCLKFreq
 .text.HAL_RCC_GetPCLK1Freq
                0x08004428       0x24 CMakeFiles/CtrlBoard-H7_IMU.elf.dir/Drivers/STM32H7xx_HAL_Driver/Src/stm32h7xx_hal_rcc.c.obj
                0x08004428                HAL_RCC_GetPCLK1Freq
 .text.HAL_RCC_GetClockConfig
                0x0800444c       0x54 CMakeFiles/CtrlBoard-H7_IMU.elf.dir/Drivers/STM32H7xx_HAL_Driver/Src/stm32h7xx_hal_rcc.c.obj
                0x0800444c                HAL_RCC_GetClockConfig
 .text.RCCEx_PLL2_Config
                0x080044a0      0x10c CMakeFiles/CtrlBoard-H7_IMU.elf.dir/Drivers/STM32H7xx_HAL_Driver/Src/stm32h7xx_hal_rcc_ex.c.obj
 .text.RCCEx_PLL3_Config
                0x080045ac      0x10c CMakeFiles/CtrlBoard-H7_IMU.elf.dir/Drivers/STM32H7xx_HAL_Driver/Src/stm32h7xx_hal_rcc_ex.c.obj
 .text.HAL_RCCEx_PeriphCLKConfig
                0x080046b8      0xa0c CMakeFiles/CtrlBoard-H7_IMU.elf.dir/Drivers/STM32H7xx_HAL_Driver/Src/stm32h7xx_hal_rcc_ex.c.obj
                0x080046b8                HAL_RCCEx_PeriphCLKConfig
 .text.SPI_CloseTransfer
                0x080050c4       0xd0 CMakeFiles/CtrlBoard-H7_IMU.elf.dir/Drivers/STM32H7xx_HAL_Driver/Src/stm32h7xx_hal_spi.c.obj
 .text.SPI_GetPacketSize
                0x08005194       0x10 CMakeFiles/CtrlBoard-H7_IMU.elf.dir/Drivers/STM32H7xx_HAL_Driver/Src/stm32h7xx_hal_spi.c.obj
 .text.SPI_WaitOnFlagUntilTimeout
                0x080051a4       0x48 CMakeFiles/CtrlBoard-H7_IMU.elf.dir/Drivers/STM32H7xx_HAL_Driver/Src/stm32h7xx_hal_spi.c.obj
 .text.HAL_SPI_Init
                0x080051ec      0x190 CMakeFiles/CtrlBoard-H7_IMU.elf.dir/Drivers/STM32H7xx_HAL_Driver/Src/stm32h7xx_hal_spi.c.obj
                0x080051ec                HAL_SPI_Init
 .text.HAL_SPI_TransmitReceive
                0x0800537c      0x314 CMakeFiles/CtrlBoard-H7_IMU.elf.dir/Drivers/STM32H7xx_HAL_Driver/Src/stm32h7xx_hal_spi.c.obj
                0x0800537c                HAL_SPI_TransmitReceive
 .text.HAL_SPI_TxCpltCallback
                0x08005690        0x2 CMakeFiles/CtrlBoard-H7_IMU.elf.dir/Drivers/STM32H7xx_HAL_Driver/Src/stm32h7xx_hal_spi.c.obj
                0x08005690                HAL_SPI_TxCpltCallback
 .text.HAL_SPI_RxCpltCallback
                0x08005692        0x2 CMakeFiles/CtrlBoard-H7_IMU.elf.dir/Drivers/STM32H7xx_HAL_Driver/Src/stm32h7xx_hal_spi.c.obj
                0x08005692                HAL_SPI_RxCpltCallback
 .text.HAL_SPI_TxRxCpltCallback
                0x08005694        0x2 CMakeFiles/CtrlBoard-H7_IMU.elf.dir/Drivers/STM32H7xx_HAL_Driver/Src/stm32h7xx_hal_spi.c.obj
                0x08005694                HAL_SPI_TxRxCpltCallback
 .text.HAL_SPI_ErrorCallback
                0x08005696        0x2 CMakeFiles/CtrlBoard-H7_IMU.elf.dir/Drivers/STM32H7xx_HAL_Driver/Src/stm32h7xx_hal_spi.c.obj
                0x08005696                HAL_SPI_ErrorCallback
 .text.SPI_DMAAbortOnError
                0x08005698       0x1a CMakeFiles/CtrlBoard-H7_IMU.elf.dir/Drivers/STM32H7xx_HAL_Driver/Src/stm32h7xx_hal_spi.c.obj
 .text.HAL_SPI_SuspendCallback
                0x080056b2        0x2 CMakeFiles/CtrlBoard-H7_IMU.elf.dir/Drivers/STM32H7xx_HAL_Driver/Src/stm32h7xx_hal_spi.c.obj
                0x080056b2                HAL_SPI_SuspendCallback
 .text.HAL_SPI_IRQHandler
                0x080056b4      0x240 CMakeFiles/CtrlBoard-H7_IMU.elf.dir/Drivers/STM32H7xx_HAL_Driver/Src/stm32h7xx_hal_spi.c.obj
                0x080056b4                HAL_SPI_IRQHandler
 .text.TIM_OC1_SetConfig
                0x080058f4       0xa4 CMakeFiles/CtrlBoard-H7_IMU.elf.dir/Drivers/STM32H7xx_HAL_Driver/Src/stm32h7xx_hal_tim.c.obj
 .text.TIM_OC3_SetConfig
                0x08005998       0x94 CMakeFiles/CtrlBoard-H7_IMU.elf.dir/Drivers/STM32H7xx_HAL_Driver/Src/stm32h7xx_hal_tim.c.obj
 .text.TIM_OC4_SetConfig
                0x08005a2c       0x74 CMakeFiles/CtrlBoard-H7_IMU.elf.dir/Drivers/STM32H7xx_HAL_Driver/Src/stm32h7xx_hal_tim.c.obj
 .text.TIM_OC5_SetConfig
                0x08005aa0       0x74 CMakeFiles/CtrlBoard-H7_IMU.elf.dir/Drivers/STM32H7xx_HAL_Driver/Src/stm32h7xx_hal_tim.c.obj
 .text.TIM_OC6_SetConfig
                0x08005b14       0x74 CMakeFiles/CtrlBoard-H7_IMU.elf.dir/Drivers/STM32H7xx_HAL_Driver/Src/stm32h7xx_hal_tim.c.obj
 .text.HAL_TIM_Base_MspInit
                0x08005b88        0x2 CMakeFiles/CtrlBoard-H7_IMU.elf.dir/Drivers/STM32H7xx_HAL_Driver/Src/stm32h7xx_hal_tim.c.obj
                0x08005b88                HAL_TIM_Base_MspInit
 *fill*         0x08005b8a        0x2 
 .text.HAL_TIM_Base_Start_IT
                0x08005b8c       0xa0 CMakeFiles/CtrlBoard-H7_IMU.elf.dir/Drivers/STM32H7xx_HAL_Driver/Src/stm32h7xx_hal_tim.c.obj
                0x08005b8c                HAL_TIM_Base_Start_IT
 .text.HAL_TIM_OC_DelayElapsedCallback
                0x08005c2c        0x2 CMakeFiles/CtrlBoard-H7_IMU.elf.dir/Drivers/STM32H7xx_HAL_Driver/Src/stm32h7xx_hal_tim.c.obj
                0x08005c2c                HAL_TIM_OC_DelayElapsedCallback
 .text.HAL_TIM_IC_CaptureCallback
                0x08005c2e        0x2 CMakeFiles/CtrlBoard-H7_IMU.elf.dir/Drivers/STM32H7xx_HAL_Driver/Src/stm32h7xx_hal_tim.c.obj
                0x08005c2e                HAL_TIM_IC_CaptureCallback
 .text.HAL_TIM_PWM_PulseFinishedCallback
                0x08005c30        0x2 CMakeFiles/CtrlBoard-H7_IMU.elf.dir/Drivers/STM32H7xx_HAL_Driver/Src/stm32h7xx_hal_tim.c.obj
                0x08005c30                HAL_TIM_PWM_PulseFinishedCallback
 .text.HAL_TIM_TriggerCallback
                0x08005c32        0x2 CMakeFiles/CtrlBoard-H7_IMU.elf.dir/Drivers/STM32H7xx_HAL_Driver/Src/stm32h7xx_hal_tim.c.obj
                0x08005c32                HAL_TIM_TriggerCallback
 .text.HAL_TIM_IRQHandler
                0x08005c34      0x19a CMakeFiles/CtrlBoard-H7_IMU.elf.dir/Drivers/STM32H7xx_HAL_Driver/Src/stm32h7xx_hal_tim.c.obj
                0x08005c34                HAL_TIM_IRQHandler
 *fill*         0x08005dce        0x2 
 .text.TIM_Base_SetConfig
                0x08005dd0      0x120 CMakeFiles/CtrlBoard-H7_IMU.elf.dir/Drivers/STM32H7xx_HAL_Driver/Src/stm32h7xx_hal_tim.c.obj
                0x08005dd0                TIM_Base_SetConfig
 .text.HAL_TIM_Base_Init
                0x08005ef0       0x60 CMakeFiles/CtrlBoard-H7_IMU.elf.dir/Drivers/STM32H7xx_HAL_Driver/Src/stm32h7xx_hal_tim.c.obj
                0x08005ef0                HAL_TIM_Base_Init
 .text.HAL_TIM_PWM_Init
                0x08005f50       0x60 CMakeFiles/CtrlBoard-H7_IMU.elf.dir/Drivers/STM32H7xx_HAL_Driver/Src/stm32h7xx_hal_tim.c.obj
                0x08005f50                HAL_TIM_PWM_Init
 .text.TIM_OC2_SetConfig
                0x08005fb0       0x94 CMakeFiles/CtrlBoard-H7_IMU.elf.dir/Drivers/STM32H7xx_HAL_Driver/Src/stm32h7xx_hal_tim.c.obj
                0x08005fb0                TIM_OC2_SetConfig
 .text.HAL_TIM_PWM_ConfigChannel
                0x08006044      0x13a CMakeFiles/CtrlBoard-H7_IMU.elf.dir/Drivers/STM32H7xx_HAL_Driver/Src/stm32h7xx_hal_tim.c.obj
                0x08006044                HAL_TIM_PWM_ConfigChannel
 *fill*         0x0800617e        0x2 
 .text.HAL_TIMEx_MasterConfigSynchronization
                0x08006180       0xb0 CMakeFiles/CtrlBoard-H7_IMU.elf.dir/Drivers/STM32H7xx_HAL_Driver/Src/stm32h7xx_hal_tim_ex.c.obj
                0x08006180                HAL_TIMEx_MasterConfigSynchronization
 .text.HAL_TIMEx_CommutCallback
                0x08006230        0x2 CMakeFiles/CtrlBoard-H7_IMU.elf.dir/Drivers/STM32H7xx_HAL_Driver/Src/stm32h7xx_hal_tim_ex.c.obj
                0x08006230                HAL_TIMEx_CommutCallback
 .text.HAL_TIMEx_BreakCallback
                0x08006232        0x2 CMakeFiles/CtrlBoard-H7_IMU.elf.dir/Drivers/STM32H7xx_HAL_Driver/Src/stm32h7xx_hal_tim_ex.c.obj
                0x08006232                HAL_TIMEx_BreakCallback
 .text.HAL_TIMEx_Break2Callback
                0x08006234        0x2 CMakeFiles/CtrlBoard-H7_IMU.elf.dir/Drivers/STM32H7xx_HAL_Driver/Src/stm32h7xx_hal_tim_ex.c.obj
                0x08006234                HAL_TIMEx_Break2Callback
 .text.makeFreeRtosPriority
                0x08006236        0xc CMakeFiles/CtrlBoard-H7_IMU.elf.dir/Middlewares/Third_Party/FreeRTOS/Source/CMSIS_RTOS/cmsis_os.c.obj
 .text.osKernelStart
                0x08006242        0xa CMakeFiles/CtrlBoard-H7_IMU.elf.dir/Middlewares/Third_Party/FreeRTOS/Source/CMSIS_RTOS/cmsis_os.c.obj
                0x08006242                osKernelStart
 .text.osThreadCreate
                0x0800624c       0x34 CMakeFiles/CtrlBoard-H7_IMU.elf.dir/Middlewares/Third_Party/FreeRTOS/Source/CMSIS_RTOS/cmsis_os.c.obj
                0x0800624c                osThreadCreate
 .text.osDelay  0x08006280        0xe CMakeFiles/CtrlBoard-H7_IMU.elf.dir/Middlewares/Third_Party/FreeRTOS/Source/CMSIS_RTOS/cmsis_os.c.obj
                0x08006280                osDelay
 .text.vListInitialise
                0x0800628e       0x16 CMakeFiles/CtrlBoard-H7_IMU.elf.dir/Middlewares/Third_Party/FreeRTOS/Source/list.c.obj
                0x0800628e                vListInitialise
 .text.vListInitialiseItem
                0x080062a4        0x6 CMakeFiles/CtrlBoard-H7_IMU.elf.dir/Middlewares/Third_Party/FreeRTOS/Source/list.c.obj
                0x080062a4                vListInitialiseItem
 .text.vListInsertEnd
                0x080062aa       0x16 CMakeFiles/CtrlBoard-H7_IMU.elf.dir/Middlewares/Third_Party/FreeRTOS/Source/list.c.obj
                0x080062aa                vListInsertEnd
 .text.vListInsert
                0x080062c0       0x32 CMakeFiles/CtrlBoard-H7_IMU.elf.dir/Middlewares/Third_Party/FreeRTOS/Source/list.c.obj
                0x080062c0                vListInsert
 .text.uxListRemove
                0x080062f2       0x26 CMakeFiles/CtrlBoard-H7_IMU.elf.dir/Middlewares/Third_Party/FreeRTOS/Source/list.c.obj
                0x080062f2                uxListRemove
 .text.prvTaskExitError
                0x08006318       0x40 CMakeFiles/CtrlBoard-H7_IMU.elf.dir/Middlewares/Third_Party/FreeRTOS/Source/portable/GCC/ARM_CM4F/port.c.obj
 .text.prvPortStartFirstTask
                0x08006358       0x28 CMakeFiles/CtrlBoard-H7_IMU.elf.dir/Middlewares/Third_Party/FreeRTOS/Source/portable/GCC/ARM_CM4F/port.c.obj
 .text.vPortEnableVFP
                0x08006380       0x14 CMakeFiles/CtrlBoard-H7_IMU.elf.dir/Middlewares/Third_Party/FreeRTOS/Source/portable/GCC/ARM_CM4F/port.c.obj
 .text.pxPortInitialiseStack
                0x08006394       0x2c CMakeFiles/CtrlBoard-H7_IMU.elf.dir/Middlewares/Third_Party/FreeRTOS/Source/portable/GCC/ARM_CM4F/port.c.obj
                0x08006394                pxPortInitialiseStack
 .text.SVC_Handler
                0x080063c0       0x24 CMakeFiles/CtrlBoard-H7_IMU.elf.dir/Middlewares/Third_Party/FreeRTOS/Source/portable/GCC/ARM_CM4F/port.c.obj
                0x080063c0                SVC_Handler
 .text.vPortEnterCritical
                0x080063e4       0x44 CMakeFiles/CtrlBoard-H7_IMU.elf.dir/Middlewares/Third_Party/FreeRTOS/Source/portable/GCC/ARM_CM4F/port.c.obj
                0x080063e4                vPortEnterCritical
 .text.vPortExitCritical
                0x08006428       0x2c CMakeFiles/CtrlBoard-H7_IMU.elf.dir/Middlewares/Third_Party/FreeRTOS/Source/portable/GCC/ARM_CM4F/port.c.obj
                0x08006428                vPortExitCritical
 *fill*         0x08006454        0xc 
 .text.PendSV_Handler
                0x08006460       0x64 CMakeFiles/CtrlBoard-H7_IMU.elf.dir/Middlewares/Third_Party/FreeRTOS/Source/portable/GCC/ARM_CM4F/port.c.obj
                0x08006460                PendSV_Handler
 .text.SysTick_Handler
                0x080064c4       0x2c CMakeFiles/CtrlBoard-H7_IMU.elf.dir/Middlewares/Third_Party/FreeRTOS/Source/portable/GCC/ARM_CM4F/port.c.obj
                0x080064c4                SysTick_Handler
 .text.vPortSetupTimerInterrupt
                0x080064f0       0x28 CMakeFiles/CtrlBoard-H7_IMU.elf.dir/Middlewares/Third_Party/FreeRTOS/Source/portable/GCC/ARM_CM4F/port.c.obj
                0x080064f0                vPortSetupTimerInterrupt
 .text.xPortStartScheduler
                0x08006518      0x118 CMakeFiles/CtrlBoard-H7_IMU.elf.dir/Middlewares/Third_Party/FreeRTOS/Source/portable/GCC/ARM_CM4F/port.c.obj
                0x08006518                xPortStartScheduler
 .text.prvHeapInit
                0x08006630       0x64 CMakeFiles/CtrlBoard-H7_IMU.elf.dir/Middlewares/Third_Party/FreeRTOS/Source/portable/MemMang/heap_4.c.obj
 .text.prvInsertBlockIntoFreeList
                0x08006694       0x64 CMakeFiles/CtrlBoard-H7_IMU.elf.dir/Middlewares/Third_Party/FreeRTOS/Source/portable/MemMang/heap_4.c.obj
 .text.pvPortMalloc
                0x080066f8      0x104 CMakeFiles/CtrlBoard-H7_IMU.elf.dir/Middlewares/Third_Party/FreeRTOS/Source/portable/MemMang/heap_4.c.obj
                0x080066f8                pvPortMalloc
 .text.vPortFree
                0x080067fc       0x7c CMakeFiles/CtrlBoard-H7_IMU.elf.dir/Middlewares/Third_Party/FreeRTOS/Source/portable/MemMang/heap_4.c.obj
                0x080067fc                vPortFree
 .text.prvResetNextTaskUnblockTime
                0x08006878       0x2c CMakeFiles/CtrlBoard-H7_IMU.elf.dir/Middlewares/Third_Party/FreeRTOS/Source/tasks.c.obj
 .text.prvDeleteTCB
                0x080068a4       0x12 CMakeFiles/CtrlBoard-H7_IMU.elf.dir/Middlewares/Third_Party/FreeRTOS/Source/tasks.c.obj
 .text.prvInitialiseNewTask
                0x080068b6       0x9c CMakeFiles/CtrlBoard-H7_IMU.elf.dir/Middlewares/Third_Party/FreeRTOS/Source/tasks.c.obj
 *fill*         0x08006952        0x2 
 .text.prvInitialiseTaskLists
                0x08006954       0x68 CMakeFiles/CtrlBoard-H7_IMU.elf.dir/Middlewares/Third_Party/FreeRTOS/Source/tasks.c.obj
 .text.prvAddNewTaskToReadyList
                0x080069bc       0xa8 CMakeFiles/CtrlBoard-H7_IMU.elf.dir/Middlewares/Third_Party/FreeRTOS/Source/tasks.c.obj
 .text.prvCheckTasksWaitingTermination
                0x08006a64       0x4c CMakeFiles/CtrlBoard-H7_IMU.elf.dir/Middlewares/Third_Party/FreeRTOS/Source/tasks.c.obj
 .text.prvIdleTask
                0x08006ab0       0x28 CMakeFiles/CtrlBoard-H7_IMU.elf.dir/Middlewares/Third_Party/FreeRTOS/Source/tasks.c.obj
 .text.prvAddCurrentTaskToDelayedList
                0x08006ad8       0xa0 CMakeFiles/CtrlBoard-H7_IMU.elf.dir/Middlewares/Third_Party/FreeRTOS/Source/tasks.c.obj
 .text.xTaskCreate
                0x08006b78       0x60 CMakeFiles/CtrlBoard-H7_IMU.elf.dir/Middlewares/Third_Party/FreeRTOS/Source/tasks.c.obj
                0x08006b78                xTaskCreate
 .text.vTaskStartScheduler
                0x08006bd8       0x7c CMakeFiles/CtrlBoard-H7_IMU.elf.dir/Middlewares/Third_Party/FreeRTOS/Source/tasks.c.obj
                0x08006bd8                vTaskStartScheduler
 .text.vTaskSuspendAll
                0x08006c54       0x10 CMakeFiles/CtrlBoard-H7_IMU.elf.dir/Middlewares/Third_Party/FreeRTOS/Source/tasks.c.obj
                0x08006c54                vTaskSuspendAll
 .text.xTaskIncrementTick
                0x08006c64      0x118 CMakeFiles/CtrlBoard-H7_IMU.elf.dir/Middlewares/Third_Party/FreeRTOS/Source/tasks.c.obj
                0x08006c64                xTaskIncrementTick
 .text.xTaskResumeAll
                0x08006d7c       0xf8 CMakeFiles/CtrlBoard-H7_IMU.elf.dir/Middlewares/Third_Party/FreeRTOS/Source/tasks.c.obj
                0x08006d7c                xTaskResumeAll
 .text.vTaskDelay
                0x08006e74       0x4c CMakeFiles/CtrlBoard-H7_IMU.elf.dir/Middlewares/Third_Party/FreeRTOS/Source/tasks.c.obj
                0x08006e74                vTaskDelay
 .text.vTaskSwitchContext
                0x08006ec0       0x98 CMakeFiles/CtrlBoard-H7_IMU.elf.dir/Middlewares/Third_Party/FreeRTOS/Source/tasks.c.obj
                0x08006ec0                vTaskSwitchContext
 .text.Extended_PID_Init
                0x08006f58       0xb4 CMakeFiles/CtrlBoard-H7_IMU.elf.dir/User/APP/Extended_PID.c.obj
                0x08006f58                Extended_PID_Init
 .text.Extended_PID_task
                0x0800700c       0x80 CMakeFiles/CtrlBoard-H7_IMU.elf.dir/User/APP/Extended_PID.c.obj
                0x0800700c                Extended_PID_task
 .text.INS_Init
                0x0800708c       0x30 CMakeFiles/CtrlBoard-H7_IMU.elf.dir/User/APP/INS_task.c.obj
                0x0800708c                INS_Init
 .text.BodyFrameToEarthFrame
                0x080070bc      0x126 CMakeFiles/CtrlBoard-H7_IMU.elf.dir/User/APP/INS_task.c.obj
                0x080070bc                BodyFrameToEarthFrame
 .text.EarthFrameToBodyFrame
                0x080071e2      0x126 CMakeFiles/CtrlBoard-H7_IMU.elf.dir/User/APP/INS_task.c.obj
                0x080071e2                EarthFrameToBodyFrame
 .text.INS_task
                0x08007308      0x290 CMakeFiles/CtrlBoard-H7_IMU.elf.dir/User/APP/INS_task.c.obj
                0x08007308                INS_task
 .text.RotationMatrix_update
                0x08007598       0xae CMakeFiles/CtrlBoard-H7_IMU.elf.dir/User/Algorithm/mahony/mahony_filter.c.obj
                0x08007598                RotationMatrix_update
 .text.mahony_input
                0x08007646       0x38 CMakeFiles/CtrlBoard-H7_IMU.elf.dir/User/Algorithm/mahony/mahony_filter.c.obj
                0x08007646                mahony_input
 .text.mahony_update
                0x0800767e      0x20e CMakeFiles/CtrlBoard-H7_IMU.elf.dir/User/Algorithm/mahony/mahony_filter.c.obj
                0x0800767e                mahony_update
 .text.mahony_output
                0x0800788c       0x36 CMakeFiles/CtrlBoard-H7_IMU.elf.dir/User/Algorithm/mahony/mahony_filter.c.obj
                0x0800788c                mahony_output
 *fill*         0x080078c2        0x2 
 .text.mahony_init
                0x080078c4       0x38 CMakeFiles/CtrlBoard-H7_IMU.elf.dir/User/Algorithm/mahony/mahony_filter.c.obj
                0x080078c4                mahony_init
 .text.DWT_CNT_Update
                0x080078fc       0x30 CMakeFiles/CtrlBoard-H7_IMU.elf.dir/User/Bsp/bsp_dwt.c.obj
 .text.DWT_Init
                0x0800792c       0x68 CMakeFiles/CtrlBoard-H7_IMU.elf.dir/User/Bsp/bsp_dwt.c.obj
                0x0800792c                DWT_Init
 .text.DWT_GetDeltaT
                0x08007994       0x48 CMakeFiles/CtrlBoard-H7_IMU.elf.dir/User/Bsp/bsp_dwt.c.obj
                0x08007994                DWT_GetDeltaT
 .text.DWT_SysTimeUpdate
                0x080079dc       0xd4 CMakeFiles/CtrlBoard-H7_IMU.elf.dir/User/Bsp/bsp_dwt.c.obj
                0x080079dc                DWT_SysTimeUpdate
 .text.DWT_GetTimeline_s
                0x08007ab0       0x4c CMakeFiles/CtrlBoard-H7_IMU.elf.dir/User/Bsp/bsp_dwt.c.obj
                0x08007ab0                DWT_GetTimeline_s
 .text.DWT_Delay
                0x08007afc       0x34 CMakeFiles/CtrlBoard-H7_IMU.elf.dir/User/Bsp/bsp_dwt.c.obj
                0x08007afc                DWT_Delay
 .text.FDCAN1_Config
                0x08007b30       0x68 CMakeFiles/CtrlBoard-H7_IMU.elf.dir/User/Bsp/can_bsp.c.obj
                0x08007b30                FDCAN1_Config
 .text.FDCAN2_Config
                0x08007b98       0x68 CMakeFiles/CtrlBoard-H7_IMU.elf.dir/User/Bsp/can_bsp.c.obj
                0x08007b98                FDCAN2_Config
 .text.canx_send_data
                0x08007c00      0x118 CMakeFiles/CtrlBoard-H7_IMU.elf.dir/User/Bsp/can_bsp.c.obj
                0x08007c00                canx_send_data
 .text.HAL_FDCAN_RxFifo0Callback
                0x08007d18       0x84 CMakeFiles/CtrlBoard-H7_IMU.elf.dir/User/Bsp/can_bsp.c.obj
                0x08007d18                HAL_FDCAN_RxFifo0Callback
 .text.HAL_FDCAN_RxFifo1Callback
                0x08007d9c       0x80 CMakeFiles/CtrlBoard-H7_IMU.elf.dir/User/Bsp/can_bsp.c.obj
                0x08007d9c                HAL_FDCAN_RxFifo1Callback
 .text.f_Trapezoid_Intergral
                0x08007e1c       0x62 CMakeFiles/CtrlBoard-H7_IMU.elf.dir/User/Controller/controller.c.obj
 .text.f_Changing_Integration_Rate
                0x08007e7e       0x66 CMakeFiles/CtrlBoard-H7_IMU.elf.dir/User/Controller/controller.c.obj
 .text.f_Integral_Limit
                0x08007ee4       0x94 CMakeFiles/CtrlBoard-H7_IMU.elf.dir/User/Controller/controller.c.obj
 .text.f_Derivative_Filter
                0x08007f78       0x2e CMakeFiles/CtrlBoard-H7_IMU.elf.dir/User/Controller/controller.c.obj
 .text.f_Output_Filter
                0x08007fa6       0x2e CMakeFiles/CtrlBoard-H7_IMU.elf.dir/User/Controller/controller.c.obj
 .text.f_Output_Limit
                0x08007fd4       0x2e CMakeFiles/CtrlBoard-H7_IMU.elf.dir/User/Controller/controller.c.obj
 .text.f_Proportion_Limit
                0x08008002       0x2e CMakeFiles/CtrlBoard-H7_IMU.elf.dir/User/Controller/controller.c.obj
 .text.f_PID_ErrorHandle
                0x08008030       0x98 CMakeFiles/CtrlBoard-H7_IMU.elf.dir/User/Controller/controller.c.obj
 .text.f_Derivative_On_Measurement
                0x080080c8       0xb6 CMakeFiles/CtrlBoard-H7_IMU.elf.dir/User/Controller/controller.c.obj
 *fill*         0x0800817e        0x2 
 .text.Fuzzy_Rule_Init
                0x08008180       0x70 CMakeFiles/CtrlBoard-H7_IMU.elf.dir/User/Controller/controller.c.obj
                0x08008180                Fuzzy_Rule_Init
 .text.Fuzzy_Rule_Implementation
                0x080081f0      0x380 CMakeFiles/CtrlBoard-H7_IMU.elf.dir/User/Controller/controller.c.obj
                0x080081f0                Fuzzy_Rule_Implementation
 .text.PID_Init
                0x08008570       0x58 CMakeFiles/CtrlBoard-H7_IMU.elf.dir/User/Controller/controller.c.obj
                0x08008570                PID_Init
 .text.PID_Calculate
                0x080085c8      0x20c CMakeFiles/CtrlBoard-H7_IMU.elf.dir/User/Controller/controller.c.obj
                0x080085c8                PID_Calculate
 .text.BMI088_ACCEL_NS_L
                0x080087d4       0x14 CMakeFiles/CtrlBoard-H7_IMU.elf.dir/User/Devices/BMI088/BMI088Middleware.c.obj
                0x080087d4                BMI088_ACCEL_NS_L
 .text.BMI088_ACCEL_NS_H
                0x080087e8       0x14 CMakeFiles/CtrlBoard-H7_IMU.elf.dir/User/Devices/BMI088/BMI088Middleware.c.obj
                0x080087e8                BMI088_ACCEL_NS_H
 .text.BMI088_GYRO_NS_L
                0x080087fc       0x14 CMakeFiles/CtrlBoard-H7_IMU.elf.dir/User/Devices/BMI088/BMI088Middleware.c.obj
                0x080087fc                BMI088_GYRO_NS_L
 .text.BMI088_GYRO_NS_H
                0x08008810       0x14 CMakeFiles/CtrlBoard-H7_IMU.elf.dir/User/Devices/BMI088/BMI088Middleware.c.obj
                0x08008810                BMI088_GYRO_NS_H
 .text.BMI088_read_write_byte
                0x08008824       0x30 CMakeFiles/CtrlBoard-H7_IMU.elf.dir/User/Devices/BMI088/BMI088Middleware.c.obj
                0x08008824                BMI088_read_write_byte
 .text.BMI088_read_muli_reg
                0x08008854       0x24 CMakeFiles/CtrlBoard-H7_IMU.elf.dir/User/Devices/BMI088/BMI088driver.c.obj
 .text.BMI088_write_single_reg
                0x08008878       0x10 CMakeFiles/CtrlBoard-H7_IMU.elf.dir/User/Devices/BMI088/BMI088driver.c.obj
 .text.BMI088_read_single_reg
                0x08008888       0x16 CMakeFiles/CtrlBoard-H7_IMU.elf.dir/User/Devices/BMI088/BMI088driver.c.obj
 *fill*         0x0800889e        0x2 
 .text.Calibrate_MPU_Offset
                0x080088a0      0x594 CMakeFiles/CtrlBoard-H7_IMU.elf.dir/User/Devices/BMI088/BMI088driver.c.obj
 .text.bmi088_accel_init
                0x08008e34      0x144 CMakeFiles/CtrlBoard-H7_IMU.elf.dir/User/Devices/BMI088/BMI088driver.c.obj
                0x08008e34                bmi088_accel_init
 .text.bmi088_gyro_init
                0x08008f78      0x118 CMakeFiles/CtrlBoard-H7_IMU.elf.dir/User/Devices/BMI088/BMI088driver.c.obj
                0x08008f78                bmi088_gyro_init
 .text.BMI088_init
                0x08009090       0x84 CMakeFiles/CtrlBoard-H7_IMU.elf.dir/User/Devices/BMI088/BMI088driver.c.obj
                0x08009090                BMI088_init
 .text.BMI088_Read
                0x08009114      0x280 CMakeFiles/CtrlBoard-H7_IMU.elf.dir/User/Devices/BMI088/BMI088driver.c.obj
                0x08009114                BMI088_Read
 .text.uint_to_float
                0x08009394       0x28 CMakeFiles/CtrlBoard-H7_IMU.elf.dir/User/Devices/DM_Motor/dm4310_drv.c.obj
                0x08009394                uint_to_float
 .text.joint_motor_init
                0x080093bc        0x6 CMakeFiles/CtrlBoard-H7_IMU.elf.dir/User/Devices/DM_Motor/dm4310_drv.c.obj
                0x080093bc                joint_motor_init
 .text.dm4310_fbdata
                0x080093c2       0x98 CMakeFiles/CtrlBoard-H7_IMU.elf.dir/User/Devices/DM_Motor/dm4310_drv.c.obj
                0x080093c2                dm4310_fbdata
 *fill*         0x0800945a        0x2 
 .text.dm6215_fbdata
                0x0800945c       0xa0 CMakeFiles/CtrlBoard-H7_IMU.elf.dir/User/Devices/DM_Motor/dm4310_drv.c.obj
                0x0800945c                dm6215_fbdata
 .text.enable_motor_mode
                0x080094fc       0x3a CMakeFiles/CtrlBoard-H7_IMU.elf.dir/User/Devices/DM_Motor/dm4310_drv.c.obj
                0x080094fc                enable_motor_mode
 .text.speed_ctrl
                0x08009536       0x3a CMakeFiles/CtrlBoard-H7_IMU.elf.dir/User/Devices/DM_Motor/dm4310_drv.c.obj
                0x08009536                speed_ctrl
 .text.OLS_Init
                0x08009570       0x40 CMakeFiles/CtrlBoard-H7_IMU.elf.dir/User/Lib/user_lib.c.obj
                0x08009570                OLS_Init
 .text.OLS_Derivative
                0x080095b0      0x184 CMakeFiles/CtrlBoard-H7_IMU.elf.dir/User/Lib/user_lib.c.obj
                0x080095b0                OLS_Derivative
 .text.__udivmoddi4
                0x08009734      0x2bc c:/progra~2/armgnu~1/12977f~1.2mp/bin/../lib/gcc/arm-none-eabi/12.2.1/thumb/v7e-m+fp/hard\libgcc.a(_udivmoddi4.o)
                0x08009734                __udivmoddi4
 .text.memset   0x080099f0       0xa4 c:/progra~2/armgnu~1/12977f~1.2mp/bin/../lib/gcc/arm-none-eabi/12.2.1/thumb/v7e-m+fp/hard\libg.a(libc_a-memset.o)
                0x080099f0                memset
 .text.__errno  0x08009a94        0xc c:/progra~2/armgnu~1/12977f~1.2mp/bin/../lib/gcc/arm-none-eabi/12.2.1/thumb/v7e-m+fp/hard\libg.a(libc_a-errno.o)
                0x08009a94                __errno
 .text.__libc_init_array
                0x08009aa0       0x50 c:/progra~2/armgnu~1/12977f~1.2mp/bin/../lib/gcc/arm-none-eabi/12.2.1/thumb/v7e-m+fp/hard\libg.a(libc_a-init.o)
                0x08009aa0                __libc_init_array
 .text.__retarget_lock_acquire_recursive
                0x08009af0        0x4 c:/progra~2/armgnu~1/12977f~1.2mp/bin/../lib/gcc/arm-none-eabi/12.2.1/thumb/v7e-m+fp/hard\libg.a(libc_a-lock.o)
                0x08009af0                __retarget_lock_acquire_recursive
 .text.__retarget_lock_release_recursive
                0x08009af4        0x4 c:/progra~2/armgnu~1/12977f~1.2mp/bin/../lib/gcc/arm-none-eabi/12.2.1/thumb/v7e-m+fp/hard\libg.a(libc_a-lock.o)
                0x08009af4                __retarget_lock_release_recursive
 .text.startup.register_fini
                0x08009af8       0x14 c:/progra~2/armgnu~1/12977f~1.2mp/bin/../lib/gcc/arm-none-eabi/12.2.1/thumb/v7e-m+fp/hard\libg.a(libc_a-__call_atexit.o)
 .text.atexit   0x08009b0c        0xc c:/progra~2/armgnu~1/12977f~1.2mp/bin/../lib/gcc/arm-none-eabi/12.2.1/thumb/v7e-m+fp/hard\libg.a(libc_a-atexit.o)
                0x08009b0c                atexit
 .text.__libc_fini_array
                0x08009b18       0x28 c:/progra~2/armgnu~1/12977f~1.2mp/bin/../lib/gcc/arm-none-eabi/12.2.1/thumb/v7e-m+fp/hard\libg.a(libc_a-fini.o)
                0x08009b18                __libc_fini_array
 .text.__register_exitproc
                0x08009b40       0x80 c:/progra~2/armgnu~1/12977f~1.2mp/bin/../lib/gcc/arm-none-eabi/12.2.1/thumb/v7e-m+fp/hard\libg.a(libc_a-__atexit.o)
                0x08009b40                __register_exitproc
 .text.sqrt     0x08009bc0       0x68 c:/progra~2/armgnu~1/12977f~1.2mp/bin/../lib/gcc/arm-none-eabi/12.2.1/thumb/v7e-m+fp/hard\libm.a(libm_a-w_sqrt.o)
                0x08009bc0                sqrt
 .text.asinf    0x08009c28       0x58 c:/progra~2/armgnu~1/12977f~1.2mp/bin/../lib/gcc/arm-none-eabi/12.2.1/thumb/v7e-m+fp/hard\libm.a(libm_a-wf_asin.o)
                0x08009c28                asinf
 .text.atan2f   0x08009c80        0x4 c:/progra~2/armgnu~1/12977f~1.2mp/bin/../lib/gcc/arm-none-eabi/12.2.1/thumb/v7e-m+fp/hard\libm.a(libm_a-wf_atan2.o)
                0x08009c80                atan2f
 .text.sqrtf    0x08009c84       0x44 c:/progra~2/armgnu~1/12977f~1.2mp/bin/../lib/gcc/arm-none-eabi/12.2.1/thumb/v7e-m+fp/hard\libm.a(libm_a-wf_sqrt.o)
                0x08009c84                sqrtf
 .text.fabsf    0x08009cc8       0x10 c:/progra~2/armgnu~1/12977f~1.2mp/bin/../lib/gcc/arm-none-eabi/12.2.1/thumb/v7e-m+fp/hard\libm.a(libm_a-sf_fabs.o)
                0x08009cc8                fabsf
 .text.nanf     0x08009cd8        0xc c:/progra~2/armgnu~1/12977f~1.2mp/bin/../lib/gcc/arm-none-eabi/12.2.1/thumb/v7e-m+fp/hard\libm.a(libm_a-sf_nan.o)
                0x08009cd8                nanf
 .text.__ieee754_sqrt
                0x08009ce4      0x1f4 c:/progra~2/armgnu~1/12977f~1.2mp/bin/../lib/gcc/arm-none-eabi/12.2.1/thumb/v7e-m+fp/hard\libm.a(libm_a-e_sqrt.o)
                0x08009ce4                __ieee754_sqrt
 .text.__ieee754_sqrtf
                0x08009ed8        0x8 c:/progra~2/armgnu~1/12977f~1.2mp/bin/../lib/gcc/arm-none-eabi/12.2.1/thumb/v7e-m+fp/hard\libm.a(libm_a-ef_sqrt.o)
                0x08009ed8                __ieee754_sqrtf
 .text.__ieee754_asinf
                0x08009ee0      0x1fc c:/progra~2/armgnu~1/12977f~1.2mp/bin/../lib/gcc/arm-none-eabi/12.2.1/thumb/v7e-m+fp/hard\libm.a(libm_a-ef_asin.o)
                0x08009ee0                __ieee754_asinf
 .text.__ieee754_atan2f
                0x0800a0dc      0x150 c:/progra~2/armgnu~1/12977f~1.2mp/bin/../lib/gcc/arm-none-eabi/12.2.1/thumb/v7e-m+fp/hard\libm.a(libm_a-ef_atan2.o)
                0x0800a0dc                __ieee754_atan2f
 .text.atanf    0x0800a22c      0x1ac c:/progra~2/armgnu~1/12977f~1.2mp/bin/../lib/gcc/arm-none-eabi/12.2.1/thumb/v7e-m+fp/hard\libm.a(libm_a-sf_atan.o)
                0x0800a22c                atanf
 *(.glue_7)
 .glue_7        0x0800a3d8        0x0 linker stubs
 *(.glue_7t)
 .glue_7t       0x0800a3d8        0x0 linker stubs
 *(.eh_frame)
 .eh_frame      0x0800a3d8        0x0 c:/progra~2/armgnu~1/12977f~1.2mp/bin/../lib/gcc/arm-none-eabi/12.2.1/thumb/v7e-m+fp/hard/crtbegin.o
 *(.init)
 .init          0x0800a3d8        0x4 c:/progra~2/armgnu~1/12977f~1.2mp/bin/../lib/gcc/arm-none-eabi/12.2.1/thumb/v7e-m+fp/hard/crti.o
                0x0800a3d8                _init
 .init          0x0800a3dc        0x8 c:/progra~2/armgnu~1/12977f~1.2mp/bin/../lib/gcc/arm-none-eabi/12.2.1/thumb/v7e-m+fp/hard/crtn.o
 *(.fini)
 .fini          0x0800a3e4        0x4 c:/progra~2/armgnu~1/12977f~1.2mp/bin/../lib/gcc/arm-none-eabi/12.2.1/thumb/v7e-m+fp/hard/crti.o
                0x0800a3e4                _fini
 .fini          0x0800a3e8        0x8 c:/progra~2/armgnu~1/12977f~1.2mp/bin/../lib/gcc/arm-none-eabi/12.2.1/thumb/v7e-m+fp/hard/crtn.o
                0x0800a3f0                        . = ALIGN (0x4)
                0x0800a3f0                        _etext = .

.vfp11_veneer   0x0800a3f0        0x0
 .vfp11_veneer  0x0800a3f0        0x0 linker stubs

.v4_bx          0x0800a3f0        0x0
 .v4_bx         0x0800a3f0        0x0 linker stubs

.iplt           0x0800a3f0        0x0
 .iplt          0x0800a3f0        0x0 c:/progra~2/armgnu~1/12977f~1.2mp/bin/../lib/gcc/arm-none-eabi/12.2.1/thumb/v7e-m+fp/hard/crtbegin.o

.rodata         0x0800a3f0      0x14c
                0x0800a3f0                        . = ALIGN (0x4)
 *(.rodata)
 .rodata        0x0800a3f0       0x3c CMakeFiles/CtrlBoard-H7_IMU.elf.dir/Core/Src/freertos.c.obj
 .rodata        0x0800a42c       0x4c CMakeFiles/CtrlBoard-H7_IMU.elf.dir/Drivers/STM32H7xx_HAL_Driver/Src/stm32h7xx_hal_fdcan.c.obj
 .rodata        0x0800a478        0x8 CMakeFiles/CtrlBoard-H7_IMU.elf.dir/User/Devices/BMI088/BMI088driver.c.obj
 *(.rodata*)
 .rodata.str1.4
                0x0800a480       0x2c CMakeFiles/CtrlBoard-H7_IMU.elf.dir/Core/Src/freertos.c.obj
 .rodata.D1CorePrescTable
                0x0800a4ac       0x10 CMakeFiles/CtrlBoard-H7_IMU.elf.dir/Core/Src/system_stm32h7xx.c.obj
                0x0800a4ac                D1CorePrescTable
 .rodata.flagBitshiftOffset.0
                0x0800a4bc        0x8 CMakeFiles/CtrlBoard-H7_IMU.elf.dir/Drivers/STM32H7xx_HAL_Driver/Src/stm32h7xx_hal_dma.c.obj
 .rodata.DLCtoBytes
                0x0800a4c4       0x10 CMakeFiles/CtrlBoard-H7_IMU.elf.dir/Drivers/STM32H7xx_HAL_Driver/Src/stm32h7xx_hal_fdcan.c.obj
 .rodata.vTaskStartScheduler.str1.4
                0x0800a4d4        0x5 CMakeFiles/CtrlBoard-H7_IMU.elf.dir/Middlewares/Third_Party/FreeRTOS/Source/tasks.c.obj
 *fill*         0x0800a4d9        0x3 
 .rodata.write_BMI088_gyro_reg_data_error
                0x0800a4dc       0x12 CMakeFiles/CtrlBoard-H7_IMU.elf.dir/User/Devices/BMI088/BMI088driver.c.obj
 *fill*         0x0800a4ee        0x2 
 .rodata.write_BMI088_accel_reg_data_error
                0x0800a4f0       0x12 CMakeFiles/CtrlBoard-H7_IMU.elf.dir/User/Devices/BMI088/BMI088driver.c.obj
 .rodata.asinf.str1.4
                0x0800a502        0x5 c:/progra~2/armgnu~1/12977f~1.2mp/bin/../lib/gcc/arm-none-eabi/12.2.1/thumb/v7e-m+fp/hard\libm.a(libm_a-wf_asin.o)
                                  0x1 (size before relaxing)
 *fill*         0x0800a502        0x2 
 .rodata.CSWTCH.9
                0x0800a504        0xc c:/progra~2/armgnu~1/12977f~1.2mp/bin/../lib/gcc/arm-none-eabi/12.2.1/thumb/v7e-m+fp/hard\libm.a(libm_a-ef_atan2.o)
 .rodata.CSWTCH.8
                0x0800a510        0xc c:/progra~2/armgnu~1/12977f~1.2mp/bin/../lib/gcc/arm-none-eabi/12.2.1/thumb/v7e-m+fp/hard\libm.a(libm_a-ef_atan2.o)
 .rodata.atanlo
                0x0800a51c       0x10 c:/progra~2/armgnu~1/12977f~1.2mp/bin/../lib/gcc/arm-none-eabi/12.2.1/thumb/v7e-m+fp/hard\libm.a(libm_a-sf_atan.o)
 .rodata.atanhi
                0x0800a52c       0x10 c:/progra~2/armgnu~1/12977f~1.2mp/bin/../lib/gcc/arm-none-eabi/12.2.1/thumb/v7e-m+fp/hard\libm.a(libm_a-sf_atan.o)
                0x0800a53c                        . = ALIGN (0x4)

.ARM.extab
 *(.ARM.extab* .gnu.linkonce.armextab.*)

.ARM            0x0800a53c        0x8
                0x0800a53c                        __exidx_start = .
 *(.ARM.exidx*)
 .ARM.exidx     0x0800a53c        0x8 c:/progra~2/armgnu~1/12977f~1.2mp/bin/../lib/gcc/arm-none-eabi/12.2.1/thumb/v7e-m+fp/hard\libg.a(libc_a-memcpy.o)
 .ARM.exidx.text.__udivmoddi4
                0x0800a544        0x0 c:/progra~2/armgnu~1/12977f~1.2mp/bin/../lib/gcc/arm-none-eabi/12.2.1/thumb/v7e-m+fp/hard\libgcc.a(_udivmoddi4.o)
                                  0x8 (size before relaxing)
                0x0800a544                        __exidx_end = .

.rel.dyn        0x0800a544        0x0
 .rel.iplt      0x0800a544        0x0 c:/progra~2/armgnu~1/12977f~1.2mp/bin/../lib/gcc/arm-none-eabi/12.2.1/thumb/v7e-m+fp/hard/crtbegin.o

.preinit_array  0x0800a544        0x0
                0x0800a544                        PROVIDE (__preinit_array_start = .)
 *(.preinit_array*)
                0x0800a544                        PROVIDE (__preinit_array_end = .)

.init_array     0x0800a544        0x8
                0x0800a544                        PROVIDE (__init_array_start = .)
 *(SORT_BY_NAME(.init_array.*))
 .init_array.00000
                0x0800a544        0x4 c:/progra~2/armgnu~1/12977f~1.2mp/bin/../lib/gcc/arm-none-eabi/12.2.1/thumb/v7e-m+fp/hard\libg.a(libc_a-__call_atexit.o)
 *(.init_array*)
 .init_array    0x0800a548        0x4 c:/progra~2/armgnu~1/12977f~1.2mp/bin/../lib/gcc/arm-none-eabi/12.2.1/thumb/v7e-m+fp/hard/crtbegin.o
                0x0800a54c                        PROVIDE (__init_array_end = .)

.fini_array     0x0800a54c        0x4
                0x0800a54c                        PROVIDE (__fini_array_start = .)
 *(SORT_BY_NAME(.fini_array.*))
 *(.fini_array*)
 .fini_array    0x0800a54c        0x4 c:/progra~2/armgnu~1/12977f~1.2mp/bin/../lib/gcc/arm-none-eabi/12.2.1/thumb/v7e-m+fp/hard/crtbegin.o
                0x0800a550                        PROVIDE (__fini_array_end = .)
                0x0800a550                        _sidata = LOADADDR (.data)

.data           0x24000000      0x600 load address 0x0800a550
                0x24000000                        . = ALIGN (0x4)
                0x24000000                        _sdata = .
 *(.data)
 *(.data*)
 .data.SystemD2Clock
                0x24000000        0x4 CMakeFiles/CtrlBoard-H7_IMU.elf.dir/Core/Src/system_stm32h7xx.c.obj
                0x24000000                SystemD2Clock
 .data.SystemCoreClock
                0x24000004        0x4 CMakeFiles/CtrlBoard-H7_IMU.elf.dir/Core/Src/system_stm32h7xx.c.obj
                0x24000004                SystemCoreClock
 .data.uwTickFreq
                0x24000008        0x1 CMakeFiles/CtrlBoard-H7_IMU.elf.dir/Drivers/STM32H7xx_HAL_Driver/Src/stm32h7xx_hal.c.obj
                0x24000008                uwTickFreq
 *fill*         0x24000009        0x3 
 .data.uwTickPrio
                0x2400000c        0x4 CMakeFiles/CtrlBoard-H7_IMU.elf.dir/Drivers/STM32H7xx_HAL_Driver/Src/stm32h7xx_hal.c.obj
                0x2400000c                uwTickPrio
 .data.uxCriticalNesting
                0x24000010        0x4 CMakeFiles/CtrlBoard-H7_IMU.elf.dir/Middlewares/Third_Party/FreeRTOS/Source/portable/GCC/ARM_CM4F/port.c.obj
 .data.FuzzyRuleKdRAW
                0x24000014       0xc4 CMakeFiles/CtrlBoard-H7_IMU.elf.dir/User/APP/Extended_PID.c.obj
 .data.FuzzyRuleKiRAW
                0x240000d8       0xc4 CMakeFiles/CtrlBoard-H7_IMU.elf.dir/User/APP/Extended_PID.c.obj
 .data.FuzzyRuleKpRAW
                0x2400019c       0xc4 CMakeFiles/CtrlBoard-H7_IMU.elf.dir/User/APP/Extended_PID.c.obj
 .data.gravity  0x24000260        0xc CMakeFiles/CtrlBoard-H7_IMU.elf.dir/User/APP/INS_task.c.obj
                0x24000260                gravity
 .data.FuzzyRuleKdRAW
                0x2400026c       0xc4 CMakeFiles/CtrlBoard-H7_IMU.elf.dir/User/Controller/controller.c.obj
 .data.FuzzyRuleKiRAW
                0x24000330       0xc4 CMakeFiles/CtrlBoard-H7_IMU.elf.dir/User/Controller/controller.c.obj
 .data.FuzzyRuleKpRAW
                0x240003f4       0xc4 CMakeFiles/CtrlBoard-H7_IMU.elf.dir/User/Controller/controller.c.obj
 .data.caliOffset
                0x240004b8        0x1 CMakeFiles/CtrlBoard-H7_IMU.elf.dir/User/Devices/BMI088/BMI088driver.c.obj
                0x240004b8                caliOffset
 *fill*         0x240004b9        0x3 
 .data.BMI088_GYRO_SEN
                0x240004bc        0x4 CMakeFiles/CtrlBoard-H7_IMU.elf.dir/User/Devices/BMI088/BMI088driver.c.obj
                0x240004bc                BMI088_GYRO_SEN
 .data.BMI088_ACCEL_SEN
                0x240004c0        0x4 CMakeFiles/CtrlBoard-H7_IMU.elf.dir/User/Devices/BMI088/BMI088driver.c.obj
                0x240004c0                BMI088_ACCEL_SEN
 .data._impure_ptr
                0x240004c4        0x4 c:/progra~2/armgnu~1/12977f~1.2mp/bin/../lib/gcc/arm-none-eabi/12.2.1/thumb/v7e-m+fp/hard\libg.a(libc_a-impure.o)
                0x240004c4                _impure_ptr
 .data._impure_data
                0x240004c8      0x120 c:/progra~2/armgnu~1/12977f~1.2mp/bin/../lib/gcc/arm-none-eabi/12.2.1/thumb/v7e-m+fp/hard\libg.a(libc_a-impure.o)
                0x240004c8                _impure_data
 .data.__atexit_recursive_mutex
                0x240005e8        0x4 c:/progra~2/armgnu~1/12977f~1.2mp/bin/../lib/gcc/arm-none-eabi/12.2.1/thumb/v7e-m+fp/hard\libg.a(libc_a-__call_atexit.o)
                0x240005e8                __atexit_recursive_mutex
 *fill*         0x240005ec        0x4 
 .data.tiny     0x240005f0        0x8 c:/progra~2/armgnu~1/12977f~1.2mp/bin/../lib/gcc/arm-none-eabi/12.2.1/thumb/v7e-m+fp/hard\libm.a(libm_a-e_sqrt.o)
 .data.one      0x240005f8        0x8 c:/progra~2/armgnu~1/12977f~1.2mp/bin/../lib/gcc/arm-none-eabi/12.2.1/thumb/v7e-m+fp/hard\libm.a(libm_a-e_sqrt.o)
 *(.RamFunc)
 *(.RamFunc*)
                0x24000600                        . = ALIGN (0x4)
                0x24000600                        _edata = .

.tm_clone_table
                0x24000600        0x0 load address 0x0800ab50
 .tm_clone_table
                0x24000600        0x0 c:/progra~2/armgnu~1/12977f~1.2mp/bin/../lib/gcc/arm-none-eabi/12.2.1/thumb/v7e-m+fp/hard/crtbegin.o
 .tm_clone_table
                0x24000600        0x0 c:/progra~2/armgnu~1/12977f~1.2mp/bin/../lib/gcc/arm-none-eabi/12.2.1/thumb/v7e-m+fp/hard/crtend.o

.igot.plt       0x24000600        0x0 load address 0x0800ab50
 .igot.plt      0x24000600        0x0 c:/progra~2/armgnu~1/12977f~1.2mp/bin/../lib/gcc/arm-none-eabi/12.2.1/thumb/v7e-m+fp/hard/crtbegin.o
                0x24000600                        . = ALIGN (0x4)

.bss            0x24000600     0x85ec load address 0x0800ab50
                0x24000600                        _sbss = .
                0x24000600                        __bss_start__ = _sbss
 *(.bss)
 *(.bss*)
 .bss.completed.1
                0x24000600        0x1 c:/progra~2/armgnu~1/12977f~1.2mp/bin/../lib/gcc/arm-none-eabi/12.2.1/thumb/v7e-m+fp/hard/crtbegin.o
 *fill*         0x24000601        0x3 
 .bss.object.0  0x24000604       0x18 c:/progra~2/armgnu~1/12977f~1.2mp/bin/../lib/gcc/arm-none-eabi/12.2.1/thumb/v7e-m+fp/hard/crtbegin.o
 .bss.HAL_RCC_FDCAN_CLK_ENABLED
                0x2400061c        0x4 CMakeFiles/CtrlBoard-H7_IMU.elf.dir/Core/Src/fdcan.c.obj
 .bss.hfdcan3   0x24000620       0xa0 CMakeFiles/CtrlBoard-H7_IMU.elf.dir/Core/Src/fdcan.c.obj
                0x24000620                hfdcan3
 .bss.hfdcan2   0x240006c0       0xa0 CMakeFiles/CtrlBoard-H7_IMU.elf.dir/Core/Src/fdcan.c.obj
                0x240006c0                hfdcan2
 .bss.hfdcan1   0x24000760       0xa0 CMakeFiles/CtrlBoard-H7_IMU.elf.dir/Core/Src/fdcan.c.obj
                0x24000760                hfdcan1
 .bss.INS_TASKHandle
                0x24000800        0x4 CMakeFiles/CtrlBoard-H7_IMU.elf.dir/Core/Src/freertos.c.obj
                0x24000800                INS_TASKHandle
 .bss.defaultTaskHandle
                0x24000804        0x4 CMakeFiles/CtrlBoard-H7_IMU.elf.dir/Core/Src/freertos.c.obj
                0x24000804                defaultTaskHandle
 .bss.ExtendedPIDTaskHandle
                0x24000808        0x4 CMakeFiles/CtrlBoard-H7_IMU.elf.dir/Core/Src/freertos.c.obj
                0x24000808                ExtendedPIDTaskHandle
 .bss.hdma_spi2_tx
                0x2400080c       0x78 CMakeFiles/CtrlBoard-H7_IMU.elf.dir/Core/Src/spi.c.obj
                0x2400080c                hdma_spi2_tx
 .bss.hdma_spi2_rx
                0x24000884       0x78 CMakeFiles/CtrlBoard-H7_IMU.elf.dir/Core/Src/spi.c.obj
                0x24000884                hdma_spi2_rx
 .bss.hspi2     0x240008fc       0x88 CMakeFiles/CtrlBoard-H7_IMU.elf.dir/Core/Src/spi.c.obj
                0x240008fc                hspi2
 .bss.htim2     0x24000984       0x4c CMakeFiles/CtrlBoard-H7_IMU.elf.dir/Core/Src/stm32h7xx_hal_timebase_tim.c.obj
                0x24000984                htim2
 .bss.htim3     0x240009d0       0x4c CMakeFiles/CtrlBoard-H7_IMU.elf.dir/Core/Src/tim.c.obj
                0x240009d0                htim3
 .bss.uwTick    0x24000a1c        0x4 CMakeFiles/CtrlBoard-H7_IMU.elf.dir/Drivers/STM32H7xx_HAL_Driver/Src/stm32h7xx_hal.c.obj
                0x24000a1c                uwTick
 .bss.ulMaxPRIGROUPValue
                0x24000a20        0x4 CMakeFiles/CtrlBoard-H7_IMU.elf.dir/Middlewares/Third_Party/FreeRTOS/Source/portable/GCC/ARM_CM4F/port.c.obj
 .bss.ucMaxSysCallPriority
                0x24000a24        0x1 CMakeFiles/CtrlBoard-H7_IMU.elf.dir/Middlewares/Third_Party/FreeRTOS/Source/portable/GCC/ARM_CM4F/port.c.obj
 *fill*         0x24000a25        0x3 
 .bss.xBlockAllocatedBit
                0x24000a28        0x4 CMakeFiles/CtrlBoard-H7_IMU.elf.dir/Middlewares/Third_Party/FreeRTOS/Source/portable/MemMang/heap_4.c.obj
 .bss.xNumberOfSuccessfulFrees
                0x24000a2c        0x4 CMakeFiles/CtrlBoard-H7_IMU.elf.dir/Middlewares/Third_Party/FreeRTOS/Source/portable/MemMang/heap_4.c.obj
 .bss.xNumberOfSuccessfulAllocations
                0x24000a30        0x4 CMakeFiles/CtrlBoard-H7_IMU.elf.dir/Middlewares/Third_Party/FreeRTOS/Source/portable/MemMang/heap_4.c.obj
 .bss.xMinimumEverFreeBytesRemaining
                0x24000a34        0x4 CMakeFiles/CtrlBoard-H7_IMU.elf.dir/Middlewares/Third_Party/FreeRTOS/Source/portable/MemMang/heap_4.c.obj
 .bss.xFreeBytesRemaining
                0x24000a38        0x4 CMakeFiles/CtrlBoard-H7_IMU.elf.dir/Middlewares/Third_Party/FreeRTOS/Source/portable/MemMang/heap_4.c.obj
 .bss.pxEnd     0x24000a3c        0x4 CMakeFiles/CtrlBoard-H7_IMU.elf.dir/Middlewares/Third_Party/FreeRTOS/Source/portable/MemMang/heap_4.c.obj
 .bss.xStart    0x24000a40        0x8 CMakeFiles/CtrlBoard-H7_IMU.elf.dir/Middlewares/Third_Party/FreeRTOS/Source/portable/MemMang/heap_4.c.obj
 .bss.ucHeap    0x24000a48     0x7800 CMakeFiles/CtrlBoard-H7_IMU.elf.dir/Middlewares/Third_Party/FreeRTOS/Source/portable/MemMang/heap_4.c.obj
 .bss.uxSchedulerSuspended
                0x24008248        0x4 CMakeFiles/CtrlBoard-H7_IMU.elf.dir/Middlewares/Third_Party/FreeRTOS/Source/tasks.c.obj
 .bss.xIdleTaskHandle
                0x2400824c        0x4 CMakeFiles/CtrlBoard-H7_IMU.elf.dir/Middlewares/Third_Party/FreeRTOS/Source/tasks.c.obj
 .bss.xNextTaskUnblockTime
                0x24008250        0x4 CMakeFiles/CtrlBoard-H7_IMU.elf.dir/Middlewares/Third_Party/FreeRTOS/Source/tasks.c.obj
 .bss.uxTaskNumber
                0x24008254        0x4 CMakeFiles/CtrlBoard-H7_IMU.elf.dir/Middlewares/Third_Party/FreeRTOS/Source/tasks.c.obj
 .bss.xNumOfOverflows
                0x24008258        0x4 CMakeFiles/CtrlBoard-H7_IMU.elf.dir/Middlewares/Third_Party/FreeRTOS/Source/tasks.c.obj
 .bss.xYieldPending
                0x2400825c        0x4 CMakeFiles/CtrlBoard-H7_IMU.elf.dir/Middlewares/Third_Party/FreeRTOS/Source/tasks.c.obj
 .bss.xPendedTicks
                0x24008260        0x4 CMakeFiles/CtrlBoard-H7_IMU.elf.dir/Middlewares/Third_Party/FreeRTOS/Source/tasks.c.obj
 .bss.xSchedulerRunning
                0x24008264        0x4 CMakeFiles/CtrlBoard-H7_IMU.elf.dir/Middlewares/Third_Party/FreeRTOS/Source/tasks.c.obj
 .bss.uxTopReadyPriority
                0x24008268        0x4 CMakeFiles/CtrlBoard-H7_IMU.elf.dir/Middlewares/Third_Party/FreeRTOS/Source/tasks.c.obj
 .bss.xTickCount
                0x2400826c        0x4 CMakeFiles/CtrlBoard-H7_IMU.elf.dir/Middlewares/Third_Party/FreeRTOS/Source/tasks.c.obj
 .bss.uxCurrentNumberOfTasks
                0x24008270        0x4 CMakeFiles/CtrlBoard-H7_IMU.elf.dir/Middlewares/Third_Party/FreeRTOS/Source/tasks.c.obj
 .bss.xSuspendedTaskList
                0x24008274       0x14 CMakeFiles/CtrlBoard-H7_IMU.elf.dir/Middlewares/Third_Party/FreeRTOS/Source/tasks.c.obj
 .bss.uxDeletedTasksWaitingCleanUp
                0x24008288        0x4 CMakeFiles/CtrlBoard-H7_IMU.elf.dir/Middlewares/Third_Party/FreeRTOS/Source/tasks.c.obj
 .bss.xTasksWaitingTermination
                0x2400828c       0x14 CMakeFiles/CtrlBoard-H7_IMU.elf.dir/Middlewares/Third_Party/FreeRTOS/Source/tasks.c.obj
 .bss.xPendingReadyList
                0x240082a0       0x14 CMakeFiles/CtrlBoard-H7_IMU.elf.dir/Middlewares/Third_Party/FreeRTOS/Source/tasks.c.obj
 .bss.pxOverflowDelayedTaskList
                0x240082b4        0x4 CMakeFiles/CtrlBoard-H7_IMU.elf.dir/Middlewares/Third_Party/FreeRTOS/Source/tasks.c.obj
 .bss.pxDelayedTaskList
                0x240082b8        0x4 CMakeFiles/CtrlBoard-H7_IMU.elf.dir/Middlewares/Third_Party/FreeRTOS/Source/tasks.c.obj
 .bss.xDelayedTaskList2
                0x240082bc       0x14 CMakeFiles/CtrlBoard-H7_IMU.elf.dir/Middlewares/Third_Party/FreeRTOS/Source/tasks.c.obj
 .bss.xDelayedTaskList1
                0x240082d0       0x14 CMakeFiles/CtrlBoard-H7_IMU.elf.dir/Middlewares/Third_Party/FreeRTOS/Source/tasks.c.obj
 .bss.pxReadyTasksLists
                0x240082e4       0x8c CMakeFiles/CtrlBoard-H7_IMU.elf.dir/Middlewares/Third_Party/FreeRTOS/Source/tasks.c.obj
 .bss.pxCurrentTCB
                0x24008370        0x4 CMakeFiles/CtrlBoard-H7_IMU.elf.dir/Middlewares/Third_Party/FreeRTOS/Source/tasks.c.obj
                0x24008370                pxCurrentTCB
 .bss.current_time
                0x24008374        0x4 CMakeFiles/CtrlBoard-H7_IMU.elf.dir/User/APP/Extended_PID.c.obj
                0x24008374                current_time
 .bss.input     0x24008378        0x4 CMakeFiles/CtrlBoard-H7_IMU.elf.dir/User/APP/Extended_PID.c.obj
                0x24008378                input
 .bss.Motor     0x2400837c       0x38 CMakeFiles/CtrlBoard-H7_IMU.elf.dir/User/APP/Extended_PID.c.obj
                0x2400837c                Motor
 .bss.FuzzyRule_Example
                0x240083b4       0x40 CMakeFiles/CtrlBoard-H7_IMU.elf.dir/User/APP/Extended_PID.c.obj
                0x240083b4                FuzzyRule_Example
 *fill*         0x240083f4        0x4 
 .bss.PID_Example
                0x240083f8       0xb8 CMakeFiles/CtrlBoard-H7_IMU.elf.dir/User/APP/Extended_PID.c.obj
                0x240083f8                PID_Example
 .bss.stop_time
                0x240084b0        0x4 CMakeFiles/CtrlBoard-H7_IMU.elf.dir/User/APP/INS_task.c.obj
                0x240084b0                stop_time
 .bss.ins_time  0x240084b4        0x4 CMakeFiles/CtrlBoard-H7_IMU.elf.dir/User/APP/INS_task.c.obj
                0x240084b4                ins_time
 .bss.ins_dt    0x240084b8        0x4 CMakeFiles/CtrlBoard-H7_IMU.elf.dir/User/APP/INS_task.c.obj
                0x240084b8                ins_dt
 .bss.INS_DWT_Count
                0x240084bc        0x4 CMakeFiles/CtrlBoard-H7_IMU.elf.dir/User/APP/INS_task.c.obj
                0x240084bc                INS_DWT_Count
 .bss.Accel     0x240084c0        0xc CMakeFiles/CtrlBoard-H7_IMU.elf.dir/User/APP/INS_task.c.obj
                0x240084c0                Accel
 .bss.Gyro      0x240084cc        0xc CMakeFiles/CtrlBoard-H7_IMU.elf.dir/User/APP/INS_task.c.obj
                0x240084cc                Gyro
 .bss.mahony    0x240084d8       0x84 CMakeFiles/CtrlBoard-H7_IMU.elf.dir/User/APP/INS_task.c.obj
                0x240084d8                mahony
 .bss.INS       0x2400855c       0x94 CMakeFiles/CtrlBoard-H7_IMU.elf.dir/User/APP/INS_task.c.obj
                0x2400855c                INS
 .bss.chassis_move
                0x240085f0      0x1a8 CMakeFiles/CtrlBoard-H7_IMU.elf.dir/User/APP/chassisR_task.c.obj
                0x240085f0                chassis_move
 .bss.CNT_TEMP3.0
                0x24008798        0x8 CMakeFiles/CtrlBoard-H7_IMU.elf.dir/User/Bsp/bsp_dwt.c.obj
 .bss.CNT_TEMP2.1
                0x240087a0        0x8 CMakeFiles/CtrlBoard-H7_IMU.elf.dir/User/Bsp/bsp_dwt.c.obj
 .bss.CNT_TEMP1.2
                0x240087a8        0x8 CMakeFiles/CtrlBoard-H7_IMU.elf.dir/User/Bsp/bsp_dwt.c.obj
 .bss.CYCCNT64  0x240087b0        0x8 CMakeFiles/CtrlBoard-H7_IMU.elf.dir/User/Bsp/bsp_dwt.c.obj
                0x240087b0                CYCCNT64
 .bss.CYCCNT_LAST
                0x240087b8        0x4 CMakeFiles/CtrlBoard-H7_IMU.elf.dir/User/Bsp/bsp_dwt.c.obj
 .bss.CYCCNT_RountCount
                0x240087bc        0x4 CMakeFiles/CtrlBoard-H7_IMU.elf.dir/User/Bsp/bsp_dwt.c.obj
 .bss.CPU_FREQ_Hz_us
                0x240087c0        0x4 CMakeFiles/CtrlBoard-H7_IMU.elf.dir/User/Bsp/bsp_dwt.c.obj
 .bss.CPU_FREQ_Hz_ms
                0x240087c4        0x4 CMakeFiles/CtrlBoard-H7_IMU.elf.dir/User/Bsp/bsp_dwt.c.obj
 .bss.CPU_FREQ_Hz
                0x240087c8        0x4 CMakeFiles/CtrlBoard-H7_IMU.elf.dir/User/Bsp/bsp_dwt.c.obj
 .bss.SysTime   0x240087cc        0x8 CMakeFiles/CtrlBoard-H7_IMU.elf.dir/User/Bsp/bsp_dwt.c.obj
                0x240087cc                SysTime
 .bss.g_Can2RxData
                0x240087d4       0x40 CMakeFiles/CtrlBoard-H7_IMU.elf.dir/User/Bsp/can_bsp.c.obj
                0x240087d4                g_Can2RxData
 .bss.RxHeader2
                0x24008814       0x28 CMakeFiles/CtrlBoard-H7_IMU.elf.dir/User/Bsp/can_bsp.c.obj
                0x24008814                RxHeader2
 .bss.g_Can1RxData
                0x2400883c       0x40 CMakeFiles/CtrlBoard-H7_IMU.elf.dir/User/Bsp/can_bsp.c.obj
                0x2400883c                g_Can1RxData
 .bss.RxHeader1
                0x2400887c       0x28 CMakeFiles/CtrlBoard-H7_IMU.elf.dir/User/Bsp/can_bsp.c.obj
                0x2400887c                RxHeader1
 .bss.temp_Output.7
                0x240088a4        0x4 CMakeFiles/CtrlBoard-H7_IMU.elf.dir/User/Controller/controller.c.obj
 .bss.temp_Iout.8
                0x240088a8        0x4 CMakeFiles/CtrlBoard-H7_IMU.elf.dir/User/Controller/controller.c.obj
 .bss.BMI088_SPI
                0x240088ac        0x4 CMakeFiles/CtrlBoard-H7_IMU.elf.dir/User/Devices/BMI088/BMI088Middleware.c.obj
                0x240088ac                BMI088_SPI
 .bss.bmi088_raw_temp.0
                0x240088b0        0x2 CMakeFiles/CtrlBoard-H7_IMU.elf.dir/User/Devices/BMI088/BMI088driver.c.obj
 *fill*         0x240088b2        0x2 
 .bss.buf.1     0x240088b4        0x8 CMakeFiles/CtrlBoard-H7_IMU.elf.dir/User/Devices/BMI088/BMI088driver.c.obj
 .bss.startTime.4
                0x240088bc        0x4 CMakeFiles/CtrlBoard-H7_IMU.elf.dir/User/Devices/BMI088/BMI088driver.c.obj
 .bss.BMI088    0x240088c0       0x40 CMakeFiles/CtrlBoard-H7_IMU.elf.dir/User/Devices/BMI088/BMI088driver.c.obj
                0x240088c0                BMI088
 .bss.caliCount
                0x24008900        0x2 CMakeFiles/CtrlBoard-H7_IMU.elf.dir/User/Devices/BMI088/BMI088driver.c.obj
                0x24008900                caliCount
 *fill*         0x24008902        0x2 
 .bss.gNormDiff
                0x24008904        0x4 CMakeFiles/CtrlBoard-H7_IMU.elf.dir/User/Devices/BMI088/BMI088driver.c.obj
                0x24008904                gNormDiff
 .bss.gyroDiff  0x24008908        0xc CMakeFiles/CtrlBoard-H7_IMU.elf.dir/User/Devices/BMI088/BMI088driver.c.obj
                0x24008908                gyroDiff
 .bss.error     0x24008914        0x1 CMakeFiles/CtrlBoard-H7_IMU.elf.dir/User/Devices/BMI088/BMI088driver.c.obj
 .bss.write_reg_num
                0x24008915        0x1 CMakeFiles/CtrlBoard-H7_IMU.elf.dir/User/Devices/BMI088/BMI088driver.c.obj
 .bss.res       0x24008916        0x1 CMakeFiles/CtrlBoard-H7_IMU.elf.dir/User/Devices/BMI088/BMI088driver.c.obj
 *fill*         0x24008917        0x1 
 .bss.temp.1    0x24008918        0x4 CMakeFiles/CtrlBoard-H7_IMU.elf.dir/User/Lib/user_lib.c.obj
 .bss.__sf      0x2400891c      0x138 c:/progra~2/armgnu~1/12977f~1.2mp/bin/../lib/gcc/arm-none-eabi/12.2.1/thumb/v7e-m+fp/hard\libg.a(libc_a-findfp.o)
                0x2400891c                __sf
 .bss.__lock___atexit_recursive_mutex
                0x24008a54        0x1 c:/progra~2/armgnu~1/12977f~1.2mp/bin/../lib/gcc/arm-none-eabi/12.2.1/thumb/v7e-m+fp/hard\libg.a(libc_a-lock.o)
                0x24008a54                __lock___atexit_recursive_mutex
 *fill*         0x24008a55        0x3 
 .bss.__atexit  0x24008a58        0x4 c:/progra~2/armgnu~1/12977f~1.2mp/bin/../lib/gcc/arm-none-eabi/12.2.1/thumb/v7e-m+fp/hard\libg.a(libc_a-__call_atexit.o)
                0x24008a58                __atexit
 .bss.__atexit0
                0x24008a5c      0x190 c:/progra~2/armgnu~1/12977f~1.2mp/bin/../lib/gcc/arm-none-eabi/12.2.1/thumb/v7e-m+fp/hard\libg.a(libc_a-__atexit.o)
                0x24008a5c                __atexit0
 *(COMMON)
                0x24008bec                        . = ALIGN (0x4)
                0x24008bec                        _ebss = .
                0x24008bec                        __bss_end__ = _ebss

._user_heap_stack
                0x24008bec      0xa04 load address 0x0800ab50
                0x24008bf0                        . = ALIGN (0x8)
 *fill*         0x24008bec        0x4 
                [!provide]                        PROVIDE (end = .)
                0x24008bf0                        PROVIDE (_end = .)
                0x24008df0                        . = (. + _Min_Heap_Size)
 *fill*         0x24008bf0      0x200 
                0x240095f0                        . = (. + _Min_Stack_Size)
 *fill*         0x24008df0      0x800 
                0x240095f0                        . = ALIGN (0x8)

/DISCARD/
 libc.a(*)
 libm.a(*)
 libgcc.a(*)

.ARM.attributes
                0x00000000       0x30
 *(.ARM.attributes)